<html>
<body>
<pre>
<h1>µVision Build Log</h1>
<h2>Tool Versions:</h2>
IDE-Version: µVision V5.25.2.0
Copyright (C) 2018 ARM Ltd and ARM Germany GmbH. All rights reserved.
License Information: Masoud Kermanipoor, MKP, LIC=47GFW-QXQ28-9GA70-B8QG2-AUNXR-444XT
 
Tool Versions:
Toolchain:       MDK-ARM Plus  Version: 5.25.2.0
Toolchain Path:  F:\Keil_v5\ARM\ARMCC\Bin
C Compiler:      Armcc.exe V5.06 update 6 (build 750)
Assembler:       Armasm.exe V5.06 update 6 (build 750)
Linker/Locator:  ArmLink.exe V5.06 update 6 (build 750)
Library Manager: ArmAr.exe V5.06 update 6 (build 750)
Hex Converter:   FromElf.exe V5.06 update 6 (build 750)
CPU DLL:         SARMCM3.DLL V5.25.2.0
Dialog DLL:      DCM.DLL V1.17.1.0
Target DLL:      STLink\ST-LINKIII-KEIL_SWO.dll V3.0.1.0
Dialog DLL:      TCM.DLL V1.35.1.0
 
<h2>Project:</h2>
F:\University\micro prossesor\Projects\Plants vs Zomlies - stm32f303\micro\MDK-ARM\micro.uvprojx
Project File Date:  06/26/2019

<h2>Output:</h2>
*** Using Compiler 'V5.06 update 6 (build 750)', folder: 'F:\Keil_v5\ARM\ARMCC\Bin'
Build target 'micro'
compiling stm32f3xx_it.c...
../Src/stm32f3xx_it.c(54): warning:  #68-D: integer conversion resulted in a change of sign
  const char TEMP = -1;
../Src/stm32f3xx_it.c(169): warning:  #186-D: pointless comparison of unsigned integer with zero
  	if (plant.id < 0)
../Src/stm32f3xx_it.c(215): warning:  #68-D: integer conversion resulted in a change of sign
  	result.id = -1;
../Src/stm32f3xx_it.c(245): warning:  #186-D: pointless comparison of unsigned integer with zero
  	if (z.id < 0)
../Src/stm32f3xx_it.c(310): warning:  #188-D: enumerated type mixed with another type
  			HAL_GPIO_WritePin(GPIOA, GPIO_PIN_15, 0);
../Src/stm32f3xx_it.c(311): warning:  #188-D: enumerated type mixed with another type
  			HAL_GPIO_WritePin(GPIOC, GPIO_PIN_10, 0);
../Src/stm32f3xx_it.c(312): warning:  #188-D: enumerated type mixed with another type
  			HAL_GPIO_WritePin(GPIOC, GPIO_PIN_11, 0);
../Src/stm32f3xx_it.c(313): warning:  #188-D: enumerated type mixed with another type
  			HAL_GPIO_WritePin(GPIOC, GPIO_PIN_12, 0);
../Src/stm32f3xx_it.c(316): warning:  #188-D: enumerated type mixed with another type
  			HAL_GPIO_WritePin(GPIOA, GPIO_PIN_15, 1);
../Src/stm32f3xx_it.c(317): warning:  #188-D: enumerated type mixed with another type
  			HAL_GPIO_WritePin(GPIOC, GPIO_PIN_10, 0);
../Src/stm32f3xx_it.c(318): warning:  #188-D: enumerated type mixed with another type
  			HAL_GPIO_WritePin(GPIOC, GPIO_PIN_11, 0);
../Src/stm32f3xx_it.c(319): warning:  #188-D: enumerated type mixed with another type
  			HAL_GPIO_WritePin(GPIOC, GPIO_PIN_12, 0);
../Src/stm32f3xx_it.c(322): warning:  #188-D: enumerated type mixed with another type
  			HAL_GPIO_WritePin(GPIOA, GPIO_PIN_15, 0);
../Src/stm32f3xx_it.c(323): warning:  #188-D: enumerated type mixed with another type
  			HAL_GPIO_WritePin(GPIOC, GPIO_PIN_10, 1);
../Src/stm32f3xx_it.c(324): warning:  #188-D: enumerated type mixed with another type
  			HAL_GPIO_WritePin(GPIOC, GPIO_PIN_11, 0);
../Src/stm32f3xx_it.c(325): warning:  #188-D: enumerated type mixed with another type
  			HAL_GPIO_WritePin(GPIOC, GPIO_PIN_12, 0);
../Src/stm32f3xx_it.c(328): warning:  #188-D: enumerated type mixed with another type
  			HAL_GPIO_WritePin(GPIOA, GPIO_PIN_15, 1);
../Src/stm32f3xx_it.c(329): warning:  #188-D: enumerated type mixed with another type
  			HAL_GPIO_WritePin(GPIOC, GPIO_PIN_10, 1);
../Src/stm32f3xx_it.c(330): warning:  #188-D: enumerated type mixed with another type
  			HAL_GPIO_WritePin(GPIOC, GPIO_PIN_11, 0);
../Src/stm32f3xx_it.c(331): warning:  #188-D: enumerated type mixed with another type
  			HAL_GPIO_WritePin(GPIOC, GPIO_PIN_12, 0);
../Src/stm32f3xx_it.c(334): warning:  #188-D: enumerated type mixed with another type
  			HAL_GPIO_WritePin(GPIOA, GPIO_PIN_15, 0);
../Src/stm32f3xx_it.c(335): warning:  #188-D: enumerated type mixed with another type
  			HAL_GPIO_WritePin(GPIOC, GPIO_PIN_10, 0);
../Src/stm32f3xx_it.c(336): warning:  #188-D: enumerated type mixed with another type
  			HAL_GPIO_WritePin(GPIOC, GPIO_PIN_11, 1);
../Src/stm32f3xx_it.c(337): warning:  #188-D: enumerated type mixed with another type
  			HAL_GPIO_WritePin(GPIOC, GPIO_PIN_12, 0);
../Src/stm32f3xx_it.c(340): warning:  #188-D: enumerated type mixed with another type
  			HAL_GPIO_WritePin(GPIOA, GPIO_PIN_15, 1);
../Src/stm32f3xx_it.c(341): warning:  #188-D: enumerated type mixed with another type
  			HAL_GPIO_WritePin(GPIOC, GPIO_PIN_10, 0);
../Src/stm32f3xx_it.c(342): warning:  #188-D: enumerated type mixed with another type
  			HAL_GPIO_WritePin(GPIOC, GPIO_PIN_11, 1);
../Src/stm32f3xx_it.c(343): warning:  #188-D: enumerated type mixed with another type
  			HAL_GPIO_WritePin(GPIOC, GPIO_PIN_12, 0);
../Src/stm32f3xx_it.c(346): warning:  #188-D: enumerated type mixed with another type
  			HAL_GPIO_WritePin(GPIOA, GPIO_PIN_15, 0);
../Src/stm32f3xx_it.c(347): warning:  #188-D: enumerated type mixed with another type
  			HAL_GPIO_WritePin(GPIOC, GPIO_PIN_10, 1);
../Src/stm32f3xx_it.c(348): warning:  #188-D: enumerated type mixed with another type
  			HAL_GPIO_WritePin(GPIOC, GPIO_PIN_11, 1);
../Src/stm32f3xx_it.c(349): warning:  #188-D: enumerated type mixed with another type
  			HAL_GPIO_WritePin(GPIOC, GPIO_PIN_12, 0);
../Src/stm32f3xx_it.c(352): warning:  #188-D: enumerated type mixed with another type
  			HAL_GPIO_WritePin(GPIOA, GPIO_PIN_15, 1);
../Src/stm32f3xx_it.c(353): warning:  #188-D: enumerated type mixed with another type
  			HAL_GPIO_WritePin(GPIOC, GPIO_PIN_10, 1);
../Src/stm32f3xx_it.c(354): warning:  #188-D: enumerated type mixed with another type
  			HAL_GPIO_WritePin(GPIOC, GPIO_PIN_11, 1);
../Src/stm32f3xx_it.c(355): warning:  #188-D: enumerated type mixed with another type
  			HAL_GPIO_WritePin(GPIOC, GPIO_PIN_12, 0);
../Src/stm32f3xx_it.c(358): warning:  #188-D: enumerated type mixed with another type
  			HAL_GPIO_WritePin(GPIOA, GPIO_PIN_15, 0);
../Src/stm32f3xx_it.c(359): warning:  #188-D: enumerated type mixed with another type
  			HAL_GPIO_WritePin(GPIOC, GPIO_PIN_10, 0);
../Src/stm32f3xx_it.c(360): warning:  #188-D: enumerated type mixed with another type
  			HAL_GPIO_WritePin(GPIOC, GPIO_PIN_11, 0);
../Src/stm32f3xx_it.c(361): warning:  #188-D: enumerated type mixed with another type
  			HAL_GPIO_WritePin(GPIOC, GPIO_PIN_12, 1);
../Src/stm32f3xx_it.c(364): warning:  #188-D: enumerated type mixed with another type
  			HAL_GPIO_WritePin(GPIOA, GPIO_PIN_15, 1);
../Src/stm32f3xx_it.c(365): warning:  #188-D: enumerated type mixed with another type
  			HAL_GPIO_WritePin(GPIOC, GPIO_PIN_10, 0);
../Src/stm32f3xx_it.c(366): warning:  #188-D: enumerated type mixed with another type
  			HAL_GPIO_WritePin(GPIOC, GPIO_PIN_11, 0);
../Src/stm32f3xx_it.c(367): warning:  #188-D: enumerated type mixed with another type
  			HAL_GPIO_WritePin(GPIOC, GPIO_PIN_12, 1);
../Src/stm32f3xx_it.c(371): warning:  #188-D: enumerated type mixed with another type
  	HAL_GPIO_WritePin(GPIOF, GPIO_PIN_6, dot!=1);
../Src/stm32f3xx_it.c(373): warning:  #188-D: enumerated type mixed with another type
  	HAL_GPIO_WritePin(GPIOA, GPIO_PIN_8, digit==0);
../Src/stm32f3xx_it.c(374): warning:  #188-D: enumerated type mixed with another type
  	HAL_GPIO_WritePin(GPIOC, GPIO_PIN_9, digit==1);
../Src/stm32f3xx_it.c(375): warning:  #188-D: enumerated type mixed with another type
  	HAL_GPIO_WritePin(GPIOA, GPIO_PIN_10, digit==2);
../Src/stm32f3xx_it.c(376): warning:  #188-D: enumerated type mixed with another type
  	HAL_GPIO_WritePin(GPIOA, GPIO_PIN_9, digit==3);
../Src/stm32f3xx_it.c(636): warning:  #188-D: enumerated type mixed with another type
  	HAL_GPIO_WritePin(GPIOA, GPIO_PIN_8, 0);
../Src/stm32f3xx_it.c(637): warning:  #188-D: enumerated type mixed with another type
  	HAL_GPIO_WritePin(GPIOC, GPIO_PIN_9, 0);
../Src/stm32f3xx_it.c(638): warning:  #188-D: enumerated type mixed with another type
  	HAL_GPIO_WritePin(GPIOA, GPIO_PIN_10, 0);
../Src/stm32f3xx_it.c(639): warning:  #188-D: enumerated type mixed with another type
  	HAL_GPIO_WritePin(GPIOA, GPIO_PIN_9, 0);
../Src/stm32f3xx_it.c: 53 warnings, 0 errors
linking...
Program Size: Code=16840 RO-data=480 RW-data=148 ZI-data=2964  
"micro\micro.axf" - 0 Error(s), 53 Warning(s).

<h2>Software Packages used:</h2>

Package Vendor: ARM
                http://www.keil.com/pack/ARM.CMSIS.5.3.0.pack
                ARM.CMSIS.5.3.0
                CMSIS (Cortex Microcontroller Software Interface Standard)
   * Component: CORE Version: 5.1.1

Package Vendor: Keil
                http://www.keil.com/pack/Keil.STM32F3xx_DFP.2.1.0.pack
                Keil.STM32F3xx_DFP.2.1.0
                STMicroelectronics STM32F3 Series Device Support and Examples

<h2>Collection of Component include folders:</h2>
  .\RTE\_micro
  F:\Keil_v5\ARM\PACK\ARM\CMSIS\5.3.0\CMSIS\Include
  F:\Keil_v5\ARM\PACK\Keil\STM32F3xx_DFP\2.1.0\Drivers\CMSIS\Device\ST\STM32F3xx\Include

<h2>Collection of Component Files used:</h2>

   * Component: ARM::CMSIS:CORE:5.1.1
Build Time Elapsed:  00:00:16
</pre>
</body>
</html>
