Component: ARM Compiler 5.06 update 6 (build 750) Tool: armlink [4d35ed]

==============================================================================

Section Cross References

    startup_stm32f303xc.o(RESET) refers to startup_stm32f303xc.o(STACK) for __initial_sp
    startup_stm32f303xc.o(RESET) refers to startup_stm32f303xc.o(.text) for Reset_Handler
    startup_stm32f303xc.o(RESET) refers to stm32f3xx_it.o(i.SysTick_Handler) for SysTick_Handler
    startup_stm32f303xc.o(RESET) refers to stm32f3xx_it.o(i.EXTI0_IRQHandler) for EXTI0_IRQHandler
    startup_stm32f303xc.o(RESET) refers to stm32f3xx_it.o(i.EXTI3_IRQHandler) for EXTI3_IRQHandler
    startup_stm32f303xc.o(RESET) refers to stm32f3xx_it.o(i.EXTI4_IRQHandler) for EXTI4_IRQHandler
    startup_stm32f303xc.o(RESET) refers to stm32f3xx_it.o(i.ADC1_2_IRQHandler) for ADC1_2_IRQHandler
    startup_stm32f303xc.o(RESET) refers to stm32f3xx_it.o(i.EXTI9_5_IRQHandler) for EXTI9_5_IRQHandler
    startup_stm32f303xc.o(RESET) refers to stm32f3xx_it.o(i.TIM2_IRQHandler) for TIM2_IRQHandler
    startup_stm32f303xc.o(RESET) refers to stm32f3xx_it.o(i.TIM3_IRQHandler) for TIM3_IRQHandler
    startup_stm32f303xc.o(RESET) refers to stm32f3xx_it.o(i.TIM4_IRQHandler) for TIM4_IRQHandler
    startup_stm32f303xc.o(RESET) refers to stm32f3xx_it.o(i.USART2_IRQHandler) for USART2_IRQHandler
    startup_stm32f303xc.o(RESET) refers to stm32f3xx_it.o(i.ADC3_IRQHandler) for ADC3_IRQHandler
    startup_stm32f303xc.o(RESET) refers to stm32f3xx_it.o(i.ADC4_IRQHandler) for ADC4_IRQHandler
    startup_stm32f303xc.o(.text) refers to system_stm32f3xx.o(i.SystemInit) for SystemInit
    startup_stm32f303xc.o(.text) refers to entry.o(.ARM.Collect$$$$00000000) for __main
    stm32f3xx_hal_msp.o(i.HAL_ADC_MspDeInit) refers to stm32f3xx_hal_gpio.o(i.HAL_GPIO_DeInit) for HAL_GPIO_DeInit
    stm32f3xx_hal_msp.o(i.HAL_ADC_MspDeInit) refers to stm32f3xx_hal_cortex.o(i.HAL_NVIC_DisableIRQ) for HAL_NVIC_DisableIRQ
    stm32f3xx_hal_msp.o(i.HAL_ADC_MspInit) refers to stm32f3xx_hal_gpio.o(i.HAL_GPIO_Init) for HAL_GPIO_Init
    stm32f3xx_hal_msp.o(i.HAL_ADC_MspInit) refers to stm32f3xx_hal_cortex.o(i.HAL_NVIC_SetPriority) for HAL_NVIC_SetPriority
    stm32f3xx_hal_msp.o(i.HAL_ADC_MspInit) refers to stm32f3xx_hal_cortex.o(i.HAL_NVIC_EnableIRQ) for HAL_NVIC_EnableIRQ
    stm32f3xx_hal_msp.o(i.HAL_ADC_MspInit) refers to stm32f3xx_hal_msp.o(.data) for .data
    stm32f3xx_hal_msp.o(i.HAL_I2C_MspDeInit) refers to stm32f3xx_hal_gpio.o(i.HAL_GPIO_DeInit) for HAL_GPIO_DeInit
    stm32f3xx_hal_msp.o(i.HAL_I2C_MspInit) refers to stm32f3xx_hal_gpio.o(i.HAL_GPIO_Init) for HAL_GPIO_Init
    stm32f3xx_hal_msp.o(i.HAL_MspInit) refers to stm32f3xx_hal_cortex.o(i.HAL_NVIC_SetPriorityGrouping) for HAL_NVIC_SetPriorityGrouping
    stm32f3xx_hal_msp.o(i.HAL_MspInit) refers to stm32f3xx_hal_cortex.o(i.HAL_NVIC_SetPriority) for HAL_NVIC_SetPriority
    stm32f3xx_hal_msp.o(i.HAL_PCD_MspDeInit) refers to stm32f3xx_hal_gpio.o(i.HAL_GPIO_DeInit) for HAL_GPIO_DeInit
    stm32f3xx_hal_msp.o(i.HAL_PCD_MspInit) refers to stm32f3xx_hal_gpio.o(i.HAL_GPIO_Init) for HAL_GPIO_Init
    stm32f3xx_hal_msp.o(i.HAL_SPI_MspDeInit) refers to stm32f3xx_hal_gpio.o(i.HAL_GPIO_DeInit) for HAL_GPIO_DeInit
    stm32f3xx_hal_msp.o(i.HAL_SPI_MspInit) refers to stm32f3xx_hal_gpio.o(i.HAL_GPIO_Init) for HAL_GPIO_Init
    stm32f3xx_hal_msp.o(i.HAL_TIM_Base_MspDeInit) refers to stm32f3xx_hal_cortex.o(i.HAL_NVIC_DisableIRQ) for HAL_NVIC_DisableIRQ
    stm32f3xx_hal_msp.o(i.HAL_TIM_Base_MspInit) refers to stm32f3xx_hal_cortex.o(i.HAL_NVIC_SetPriority) for HAL_NVIC_SetPriority
    stm32f3xx_hal_msp.o(i.HAL_TIM_Base_MspInit) refers to stm32f3xx_hal_cortex.o(i.HAL_NVIC_EnableIRQ) for HAL_NVIC_EnableIRQ
    stm32f3xx_hal_msp.o(i.HAL_TIM_MspPostInit) refers to stm32f3xx_hal_gpio.o(i.HAL_GPIO_Init) for HAL_GPIO_Init
    stm32f3xx_hal_msp.o(i.HAL_UART_MspDeInit) refers to stm32f3xx_hal_gpio.o(i.HAL_GPIO_DeInit) for HAL_GPIO_DeInit
    stm32f3xx_hal_msp.o(i.HAL_UART_MspDeInit) refers to stm32f3xx_hal_cortex.o(i.HAL_NVIC_DisableIRQ) for HAL_NVIC_DisableIRQ
    stm32f3xx_hal_msp.o(i.HAL_UART_MspInit) refers to stm32f3xx_hal_gpio.o(i.HAL_GPIO_Init) for HAL_GPIO_Init
    stm32f3xx_hal_msp.o(i.HAL_UART_MspInit) refers to stm32f3xx_hal_cortex.o(i.HAL_NVIC_SetPriority) for HAL_NVIC_SetPriority
    stm32f3xx_hal_msp.o(i.HAL_UART_MspInit) refers to stm32f3xx_hal_cortex.o(i.HAL_NVIC_EnableIRQ) for HAL_NVIC_EnableIRQ
    main.o(i.HAL_UART_RxCpltCallback) refers to uartutil.o(i.fill_buffer) for fill_buffer
    main.o(i.HAL_UART_RxCpltCallback) refers to stm32f3xx_hal_uart.o(i.HAL_UART_Receive_IT) for HAL_UART_Receive_IT
    main.o(i.HAL_UART_RxCpltCallback) refers to main.o(.data) for .data
    main.o(i.HAL_UART_RxCpltCallback) refers to main.o(.bss) for .bss
    main.o(i.MX_ADC1_Init) refers to stm32f3xx_hal_adc_ex.o(i.HAL_ADC_Init) for HAL_ADC_Init
[...]
    i.show_about                             0x080061cc   Section        0  stm32f3xx_it.o(i.show_about)
    i.show_blink                             0x0800620c   Section        0  lcdutill.o(i.show_blink)
    i.show_game_over                         0x080062a8   Section        0  stm32f3xx_it.o(i.show_game_over)
    i.show_menu                              0x080062f4   Section        0  stm32f3xx_it.o(i.show_menu)
    i.startWith                              0x08006360   Section        0  utill.o(i.startWith)
    i.start_plant_timer                      0x08006384   Section        0  object.o(i.start_plant_timer)
    i.substr                                 0x08006390   Section        0  utill.o(i.substr)
    i.write                                  0x080063aa   Section        0  liquidcrystal.o(i.write)
    i.write4bits                             0x080063b8   Section        0  liquidcrystal.o(i.write4bits)
    i.write8bits                             0x080063ec   Section        0  liquidcrystal.o(i.write8bits)
    i.write_lcd                              0x08006420   Section        0  lcdutill.o(i.write_lcd)
    .constdata                               0x08006464   Section       45  keypadutil.o(.constdata)
    .constdata                               0x08006491   Section       32  stm32f3xx_hal_rcc.o(.constdata)
    .constdata                               0x080064b1   Section       16  system_stm32f3xx.o(.constdata)
    .constdata                               0x080064c1   Section        8  system_stm32f3xx.o(.constdata)
    .constdata                               0x080064c9   Section      129  ctype_o.o(.constdata)
    .constdata                               0x0800654c   Section        4  ctype_o.o(.constdata)
    table                                    0x0800654c   Data           4  ctype_o.o(.constdata)
    .data                                    0x20000000   Section        4  stm32f3xx_hal_msp.o(.data)
    HAL_RCC_ADC34_CLK_ENABLED                0x20000000   Data           4  stm32f3xx_hal_msp.o(.data)
    .data                                    0x20000004   Section       65  main.o(.data)
    .data                                    0x20000048   Section       16  stm32f3xx_it.o(.data)
    .data                                    0x20000058   Section       20  liquidcrystal.o(.data)
    .data                                    0x20000070   Section       16  utill.o(.data)
    .data                                    0x20000080   Section        4  7segment.o(.data)
    .data                                    0x20000084   Section       16  object.o(.data)
    .data                                    0x20000094   Section       20  lcdutill.o(.data)
    .data                                    0x200000a8   Section        1  led.o(.data)
    .data                                    0x200000ac   Section        8  player.o(.data)
    .data                                    0x200000b4   Section        8  uartutil.o(.data)
    .data                                    0x200000bc   Section        8  keypadutil.o(.data)
    .data                                    0x200000c4   Section        1  state.o(.data)
    .data                                    0x200000c8   Section       12  time.o(.data)
    .data                                    0x200000d4   Section       12  stm32f3xx_hal.o(.data)
    .data                                    0x200000e0   Section        4  system_stm32f3xx.o(.data)
    .data                                    0x200000e4   Section        4  stdout.o(.data)
    .data                                    0x200000e8   Section        4  errno.o(.data)
    _errno                                   0x200000e8   Data           4  errno.o(.data)
    .bss                                     0x200000ec   Section     1796  main.o(.bss)
    .bss                                     0x200007f0   Section       40  stm32f3xx_it.o(.bss)
    .bss                                     0x20000818   Section       16  liquidcrystal.o(.bss)
    .bss                                     0x20000828   Section      320  utill.o(.bss)
    .bss                                     0x20000968   Section      232  object.o(.bss)
    .bss                                     0x20000a50   Section      160  lcdutill.o(.bss)
    .bss                                     0x20000af0   Section       11  led.o(.bss)
    .bss                                     0x20000afb   Section      100  uartutil.o(.bss)
    .bss                                     0x20000b5f   Section       19  keypadutil.o(.bss)
    STACK                                    0x20000b78   Section     1024  startup_stm32f303xc.o(STACK)

    Global Symbols

    Symbol Name                              Value     Ov Type        Size  Object(Section)

    BuildAttributes$$THM_ISAv4$E$P$D$K$B$S$7EM$VFPi3$EXTD16$VFPS$VFMA$PE$A:L22UL41UL21$X:L11$S22US41US21$IEEE1$IW$USESV6$~STKCKD$USESV7$~SHL$OSPACE$ROPI$EBA8$MICROLIB$REQ8$PRES8$EABIv2 0x00000000   Number         0  anon$$obj.o ABSOLUTE
    __ARM_use_no_argv                        0x00000000   Number         0  main.o ABSOLUTE
    _printf_a                                0x00000000   Number         0  stubs.o ABSOLUTE
    _printf_c                                0x00000000   Number         0  stubs.o ABSOLUTE
    _printf_charcount                        0x00000000   Number         0  stubs.o ABSOLUTE
    _printf_d                                0x00000000   Number         0  stubs.o ABSOLUTE
    _printf_e                                0x00000000   Number         0  stubs.o ABSOLUTE
    _printf_f                                0x00000000   Number         0  stubs.o ABSOLUTE
    _printf_flags                            0x00000000   Number         0  stubs.o ABSOLUTE
    _printf_fp_dec                           0x00000000   Number         0  stubs.o ABSOLUTE
    _printf_fp_hex                           0x00000000   Number         0  stubs.o ABSOLUTE
    _printf_g                                0x00000000   Number         0  stubs.o ABSOLUTE
    _printf_i                                0x00000000   Number         0  stubs.o ABSOLUTE
    _printf_int_dec                          0x00000000   Number         0  stubs.o ABSOLUTE
    _printf_l                                0x00000000   Number         0  stubs.o ABSOLUTE
    _printf_lc                               0x00000000   Number         0  stubs.o ABSOLUTE
    _printf_ll                               0x00000000   Number         0  stubs.o ABSOLUTE
    _printf_lld                              0x00000000   Number         0  stubs.o ABSOLUTE
    _printf_lli                              0x00000000   Number         0  stubs.o ABSOLUTE
    _printf_llo                              0x00000000   Number         0  stubs.o ABSOLUTE
    _printf_llu                              0x00000000   Number         0  stubs.o ABSOLUTE
    _printf_llx                              0x00000000   Number         0  stubs.o ABSOLUTE
    _printf_longlong_dec                     0x00000000   Number         0  stubs.o ABSOLUTE
    _printf_longlong_hex                     0x00000000   Number         0  stubs.o ABSOLUTE
    _printf_longlong_oct                     0x00000000   Number         0  stubs.o ABSOLUTE
    _printf_ls                               0x00000000   Number         0  stubs.o ABSOLUTE
    _printf_mbtowc                           0x00000000   Number         0  stubs.o ABSOLUTE
    _printf_n                                0x00000000   Number         0  stubs.o ABSOLUTE
    _printf_o                                0x00000000   Number         0  stubs.o ABSOLUTE
    _printf_p                                0x00000000   Number         0  stubs.o ABSOLUTE
    _printf_percent                          0x00000000   Number         0  stubs.o ABSOLUTE
    _printf_pre_padding                      0x00000000   Number         0  stubs.o ABSOLUTE
    _printf_return_value                     0x00000000   Number         0  stubs.o ABSOLUTE
    _printf_s                                0x00000000   Number         0  stubs.o ABSOLUTE
    _printf_sizespec                         0x00000000   Number         0  stubs.o ABSOLUTE
    _printf_str                              0x00000000   Number         0  stubs.o ABSOLUTE
    _printf_truncate_signed                  0x00000000   Number         0  stubs.o ABSOLUTE
    _printf_truncate_unsigned                0x00000000   Number         0  stubs.o ABSOLUTE
    _printf_u                                0x00000000   Number         0  stubs.o ABSOLUTE
    _printf_wc                               0x00000000   Number         0  stubs.o ABSOLUTE
    _printf_wctomb                           0x00000000   Number         0  stubs.o ABSOLUTE
    _printf_widthprec                        0x00000000   Number         0  stubs.o ABSOLUTE
    _printf_x                                0x00000000   Number         0  stubs.o ABSOLUTE
    __cpp_initialize__aeabi_                  - Undefined Weak Reference
    __cxa_finalize                            - Undefined Weak Reference
    __decompress                              - Undefined Weak Reference
    _clock_init                               - Undefined Weak Reference
    _microlib_exit                            - Undefined Weak Reference
    __Vectors_Size                           0x00000188   Number         0  startup_stm32f303xc.o ABSOLUTE
    __Vectors                                0x08000000   Data           4  startup_stm32f303xc.o(RESET)
    __Vectors_End                            0x08000188   Data           0  startup_stm32f303xc.o(RESET)
    __main                                   0x08000189   Thumb Code     0  entry.o(.ARM.Collect$$$$00000000)
    _main_stk                                0x08000189   Thumb Code     0  entry2.o(.ARM.Collect$$$$00000001)
    _main_scatterload                        0x0800018d   Thumb Code     0  entry5.o(.ARM.Collect$$$$00000004)
    __main_after_scatterload                 0x08000191   Thumb Code     0  entry5.o(.ARM.Collect$$$$00000004)
    _main_clock                              0x08000191   Thumb Code     0  entry7b.o(.ARM.Collect$$$$00000008)
    _main_cpp_init                           0x08000191   Thumb Code     0  entry8b.o(.ARM.Collect$$$$0000000A)
    _main_init                               0x08000191   Thumb Code     0  entry9a.o(.ARM.Collect$$$$0000000B)
    __rt_final_cpp                           0x08000199   Thumb Code     0  entry10a.o(.ARM.Collect$$$$0000000D)
    __rt_final_exit                          0x08000199   Thumb Code     0  entry11a.o(.ARM.Collect$$$$0000000F)
    Reset_Handler                            0x0800019d   Thumb Code     8  startup_stm32f303xc.o(.text)
    NMI_Handler                              0x080001a5   Thumb Code     2  startup_stm32f303xc.o(.text)
    HardFault_Handler                        0x080001a7   Thumb Code     2  startup_stm32f303xc.o(.text)
    MemManage_Handler                        0x080001a9   Thumb Code     2  startup_stm32f303xc.o(.text)
    BusFault_Handler                         0x080001ab   Thumb Code     2  startup_stm32f303xc.o(.text)
    UsageFault_Handler                       0x080001ad   Thumb Code     2  startup_stm32f303xc.o(.text)
    SVC_Handler                              0x080001af   Thumb Code     2  startup_stm32f303xc.o(.text)
    DebugMon_Handler                         0x080001b1   Thumb Code     2  startup_stm32f303xc.o(.text)
    PendSV_Handler                           0x080001b3   Thumb Code     2  startup_stm32f303xc.o(.text)
    CAN_RX1_IRQHandler                       0x080001b7   Thumb Code     0  startup_stm32f303xc.o(.text)
    CAN_SCE_IRQHandler                       0x080001b7   Thumb Code     0  startup_stm32f303xc.o(.text)
    COMP1_2_3_IRQHandler                     0x080001b7   Thumb Code     0  startup_stm32f303xc.o(.text)
    COMP4_5_6_IRQHandler                     0x080001b7   Thumb Code     0  startup_stm32f303xc.o(.text)
    COMP7_IRQHandler                         0x080001b7   Thumb Code     0  startup_stm32f303xc.o(.text)
    DMA1_Channel1_IRQHandler                 0x080001b7   Thumb Code     0  startup_stm32f303xc.o(.text)
    DMA1_Channel2_IRQHandler                 0x080001b7   Thumb Code     0  startup_stm32f303xc.o(.text)
    DMA1_Channel3_IRQHandler                 0x080001b7   Thumb Code     0  startup_stm32f303xc.o(.text)
    DMA1_Channel4_IRQHandler                 0x080001b7   Thumb Code     0  startup_stm32f303xc.o(.text)
    DMA1_Channel5_IRQHandler                 0x080001b7   Thumb Code     0  startup_stm32f303xc.o(.text)
    DMA1_Channel6_IRQHandler                 0x080001b7   Thumb Code     0  startup_stm32f303xc.o(.text)
    DMA1_Channel7_IRQHandler                 0x080001b7   Thumb Code     0  startup_stm32f303xc.o(.text)
    DMA2_Channel1_IRQHandler                 0x080001b7   Thumb Code     0  startup_stm32f303xc.o(.text)
    DMA2_Channel2_IRQHandler                 0x080001b7   Thumb Code     0  startup_stm32f303xc.o(.text)
    DMA2_Channel3_IRQHandler                 0x080001b7   Thumb Code     0  startup_stm32f303xc.o(.text)
    DMA2_Channel4_IRQHandler                 0x080001b7   Thumb Code     0  startup_stm32f303xc.o(.text)
    DMA2_Channel5_IRQHandler                 0x080001b7   Thumb Code     0  startup_stm32f303xc.o(.text)
    EXTI15_10_IRQHandler                     0x080001b7   Thumb Code     0  startup_stm32f303xc.o(.text)
    EXTI1_IRQHandler                         0x080001b7   Thumb Code     0  startup_stm32f303xc.o(.text)
    EXTI2_TSC_IRQHandler                     0x080001b7   Thumb Code     0  startup_stm32f303xc.o(.text)
    FLASH_IRQHandler                         0x080001b7   Thumb Code     0  startup_stm32f303xc.o(.text)
    FPU_IRQHandler                           0x080001b7   Thumb Code     0  startup_stm32f303xc.o(.text)
    I2C1_ER_IRQHandler                       0x080001b7   Thumb Code     0  startup_stm32f303xc.o(.text)
    I2C1_EV_IRQHandler                       0x080001b7   Thumb Code     0  startup_stm32f303xc.o(.text)
    I2C2_ER_IRQHandler                       0x080001b7   Thumb Code     0  startup_stm32f303xc.o(.text)
    I2C2_EV_IRQHandler                       0x080001b7   Thumb Code     0  startup_stm32f303xc.o(.text)
    PVD_IRQHandler                           0x080001b7   Thumb Code     0  startup_stm32f303xc.o(.text)
    RCC_IRQHandler                           0x080001b7   Thumb Code     0  startup_stm32f303xc.o(.text)
    RTC_Alarm_IRQHandler                     0x080001b7   Thumb Code     0  startup_stm32f303xc.o(.text)
    RTC_WKUP_IRQHandler                      0x080001b7   Thumb Code     0  startup_stm32f303xc.o(.text)
    SPI1_IRQHandler                          0x080001b7   Thumb Code     0  startup_stm32f303xc.o(.text)
    SPI2_IRQHandler                          0x080001b7   Thumb Code     0  startup_stm32f303xc.o(.text)
    SPI3_IRQHandler                          0x080001b7   Thumb Code     0  startup_stm32f303xc.o(.text)
    TAMP_STAMP_IRQHandler                    0x080001b7   Thumb Code     0  startup_stm32f303xc.o(.text)
    TIM1_BRK_TIM15_IRQHandler                0x080001b7   Thumb Code     0  startup_stm32f303xc.o(.text)
    TIM1_CC_IRQHandler                       0x080001b7   Thumb Code     0  startup_stm32f303xc.o(.text)
    TIM1_TRG_COM_TIM17_IRQHandler            0x080001b7   Thumb Code     0  startup_stm32f303xc.o(.text)
    TIM1_UP_TIM16_IRQHandler                 0x080001b7   Thumb Code     0  startup_stm32f303xc.o(.text)
    TIM6_DAC_IRQHandler                      0x080001b7   Thumb Code     0  startup_stm32f303xc.o(.text)
    TIM7_IRQHandler                          0x080001b7   Thumb Code     0  startup_stm32f303xc.o(.text)
    TIM8_BRK_IRQHandler                      0x080001b7   Thumb Code     0  startup_stm32f303xc.o(.text)
    TIM8_CC_IRQHandler                       0x080001b7   Thumb Code     0  startup_stm32f303xc.o(.text)
    TIM8_TRG_COM_IRQHandler                  0x080001b7   Thumb Code     0  startup_stm32f303xc.o(.text)
    TIM8_UP_IRQHandler                       0x080001b7   Thumb Code     0  startup_stm32f303xc.o(.text)
    UART4_IRQHandler                         0x080001b7   Thumb Code     0  startup_stm32f303xc.o(.text)
    UART5_IRQHandler                         0x080001b7   Thumb Code     0  startup_stm32f303xc.o(.text)
    USART1_IRQHandler                        0x080001b7   Thumb Code     0  startup_stm32f303xc.o(.text)
    USART3_IRQHandler                        0x080001b7   Thumb Code     0  startup_stm32f303xc.o(.text)
    USBWakeUp_IRQHandler                     0x080001b7   Thumb Code     0  startup_stm32f303xc.o(.text)
    USBWakeUp_RMP_IRQHandler                 0x080001b7   Thumb Code     0  startup_stm32f303xc.o(.text)
    USB_HP_CAN_TX_IRQHandler                 0x080001b7   Thumb Code     0  startup_stm32f303xc.o(.text)
    USB_HP_IRQHandler                        0x080001b7   Thumb Code     0  startup_stm32f303xc.o(.text)
    USB_LP_CAN_RX0_IRQHandler                0x080001b7   Thumb Code     0  startup_stm32f303xc.o(.text)
    USB_LP_IRQHandler                        0x080001b7   Thumb Code     0  startup_stm32f303xc.o(.text)
    WWDG_IRQHandler                          0x080001b7   Thumb Code     0  startup_stm32f303xc.o(.text)
    __aeabi_llsr                             0x080001c1   Thumb Code    32  llushr.o(.text)
    _ll_ushift_r                             0x080001c1   Thumb Code     0  llushr.o(.text)
    strlen                                   0x080001e1   Thumb Code    14  strlen.o(.text)
    strcmp                                   0x080001ef   Thumb Code    28  strcmp.o(.text)
    strcpy                                   0x0800020b   Thumb Code    18  strcpy.o(.text)
    atoi                                     0x0800021d   Thumb Code    26  atoi.o(.text)
    __aeabi_dmul                             0x08000237   Thumb Code   228  dmul.o(.text)
    __aeabi_i2d                              0x0800031b   Thumb Code    34  dflti.o(.text)
    __aeabi_d2iz                             0x0800033d   Thumb Code    62  dfixi.o(.text)
    __aeabi_cdcmpeq                          0x0800037d   Thumb Code     0  cdcmple.o(.text)
    __aeabi_cdcmple                          0x0800037d   Thumb Code    48  cdcmple.o(.text)
    __aeabi_uldivmod                         0x080003ad   Thumb Code    98  uldiv.o(.text)
    strtol                                   0x0800040f   Thumb Code   112  strtol.o(.text)
    __I$use$fp                               0x0800047f   Thumb Code     0  iusefp.o(.text)
    _double_round                            0x0800047f   Thumb Code    30  depilogue.o(.text)
    _double_epilogue                         0x0800049d   Thumb Code   156  depilogue.o(.text)
    __scatterload                            0x08000539   Thumb Code    28  init.o(.text)
    __scatterload_rt2                        0x08000539   Thumb Code     0  init.o(.text)
    __aeabi_llsl                             0x0800055d   Thumb Code    30  llshl.o(.text)
    _ll_shift_l                              0x0800055d   Thumb Code     0  llshl.o(.text)
    __rt_ctype_table                         0x0800057d   Thumb Code     4  ctype_o.o(.text)
    _strtoul                                 0x08000585   Thumb Code   158  _strtoul.o(.text)
    _chval                                   0x08000623   Thumb Code    28  _chval.o(.text)
    ADC1_2_IRQHandler                        0x08000641   Thumb Code    44  stm32f3xx_it.o(i.ADC1_2_IRQHandler)
    ADC3_IRQHandler                          0x08000671   Thumb Code    50  stm32f3xx_it.o(i.ADC3_IRQHandler)
    ADC4_IRQHandler                          0x080006a9   Thumb Code    28  stm32f3xx_it.o(i.ADC4_IRQHandler)
    EXTI0_IRQHandler                         0x0800078d   Thumb Code    70  stm32f3xx_it.o(i.EXTI0_IRQHandler)
    EXTI3_IRQHandler                         0x080007d5   Thumb Code   298  stm32f3xx_it.o(i.EXTI3_IRQHandler)
    EXTI4_IRQHandler                         0x08000921   Thumb Code   226  stm32f3xx_it.o(i.EXTI4_IRQHandler)
    EXTI9_5_IRQHandler                       0x08000a0d   Thumb Code   404  stm32f3xx_it.o(i.EXTI9_5_IRQHandler)
    HAL_ADCEx_InjectedConvCpltCallback       0x08000bad   Thumb Code     2  stm32f3xx_hal_adc_ex.o(i.HAL_ADCEx_InjectedConvCpltCallback)
    HAL_ADCEx_InjectedQueueOverflowCallback  0x08000baf   Thumb Code     2  stm32f3xx_hal_adc_ex.o(i.HAL_ADCEx_InjectedQueueOverflowCallback)
    HAL_ADCEx_LevelOutOfWindow2Callback      0x08000bb1   Thumb Code     2  stm32f3xx_hal_adc_ex.o(i.HAL_ADCEx_LevelOutOfWindow2Callback)
    HAL_ADCEx_LevelOutOfWindow3Callback      0x08000bb3   Thumb Code     2  stm32f3xx_hal_adc_ex.o(i.HAL_ADCEx_LevelOutOfWindow3Callback)
    HAL_ADCEx_MultiModeConfigChannel         0x08000bb5   Thumb Code   256  stm32f3xx_hal_adc_ex.o(i.HAL_ADCEx_MultiModeConfigChannel)
    HAL_ADC_ConfigChannel                    0x08000cc9   Thumb Code   884  stm32f3xx_hal_adc_ex.o(i.HAL_ADC_ConfigChannel)
    HAL_ADC_ConvCpltCallback                 0x0800105d   Thumb Code     2  stm32f3xx_hal_adc.o(i.HAL_ADC_ConvCpltCallback)
    HAL_ADC_ErrorCallback                    0x0800105f   Thumb Code     2  stm32f3xx_hal_adc.o(i.HAL_ADC_ErrorCallback)
    HAL_ADC_GetValue                         0x08001061   Thumb Code     6  stm32f3xx_hal_adc_ex.o(i.HAL_ADC_GetValue)
    HAL_ADC_IRQHandler                       0x08001069   Thumb Code   790  stm32f3xx_hal_adc_ex.o(i.HAL_ADC_IRQHandler)
    HAL_ADC_Init                             0x08001391   Thumb Code   546  stm32f3xx_hal_adc_ex.o(i.HAL_ADC_Init)
    HAL_ADC_LevelOutOfWindowCallback         0x080015d9   Thumb Code     2  stm32f3xx_hal_adc.o(i.HAL_ADC_LevelOutOfWindowCallback)
    HAL_ADC_MspInit                          0x080015dd   Thumb Code   196  stm32f3xx_hal_msp.o(i.HAL_ADC_MspInit)
    HAL_ADC_Start_IT                         0x080016b5   Thumb Code   370  stm32f3xx_hal_adc_ex.o(i.HAL_ADC_Start_IT)
    HAL_DMA_Abort_IT                         0x08001835   Thumb Code    74  stm32f3xx_hal_dma.o(i.HAL_DMA_Abort_IT)
    HAL_Delay                                0x08001881   Thumb Code    32  stm32f3xx_hal.o(i.HAL_Delay)
    HAL_GPIO_EXTI_Callback                   0x080018a5   Thumb Code     2  stm32f3xx_hal_gpio.o(i.HAL_GPIO_EXTI_Callback)
    HAL_GPIO_EXTI_IRQHandler                 0x080018a9   Thumb Code    18  stm32f3xx_hal_gpio.o(i.HAL_GPIO_EXTI_IRQHandler)
    HAL_GPIO_Init                            0x080018c1   Thumb Code   364  stm32f3xx_hal_gpio.o(i.HAL_GPIO_Init)
    HAL_GPIO_ReadPin                         0x08001a49   Thumb Code    10  stm32f3xx_hal_gpio.o(i.HAL_GPIO_ReadPin)
    HAL_GPIO_WritePin                        0x08001a53   Thumb Code    10  stm32f3xx_hal_gpio.o(i.HAL_GPIO_WritePin)
    HAL_GetTick                              0x08001a5d   Thumb Code     6  stm32f3xx_hal.o(i.HAL_GetTick)
    HAL_I2CEx_ConfigAnalogFilter             0x08001a69   Thumb Code    86  stm32f3xx_hal_i2c_ex.o(i.HAL_I2CEx_ConfigAnalogFilter)
    HAL_I2CEx_ConfigDigitalFilter            0x08001abf   Thumb Code    82  stm32f3xx_hal_i2c_ex.o(i.HAL_I2CEx_ConfigDigitalFilter)
    HAL_I2C_Init                             0x08001b11   Thumb Code   178  stm32f3xx_hal_i2c.o(i.HAL_I2C_Init)
    HAL_I2C_MspInit                          0x08001bc9   Thumb Code    62  stm32f3xx_hal_msp.o(i.HAL_I2C_MspInit)
    HAL_IncTick                              0x08001c15   Thumb Code    12  stm32f3xx_hal.o(i.HAL_IncTick)
    HAL_Init                                 0x08001c25   Thumb Code    32  stm32f3xx_hal.o(i.HAL_Init)
    HAL_InitTick                             0x08001c49   Thumb Code    54  stm32f3xx_hal.o(i.HAL_InitTick)
    HAL_MspInit                              0x08001c89   Thumb Code   106  stm32f3xx_hal_msp.o(i.HAL_MspInit)
    HAL_NVIC_EnableIRQ                       0x08001cf9   Thumb Code    22  stm32f3xx_hal_cortex.o(i.HAL_NVIC_EnableIRQ)
    HAL_NVIC_SetPriority                     0x08001d11   Thumb Code    60  stm32f3xx_hal_cortex.o(i.HAL_NVIC_SetPriority)
    HAL_NVIC_SetPriorityGrouping             0x08001d51   Thumb Code    26  stm32f3xx_hal_cortex.o(i.HAL_NVIC_SetPriorityGrouping)
    HAL_PCD_Init                             0x08001d75   Thumb Code   166  stm32f3xx_hal_pcd.o(i.HAL_PCD_Init)
    HAL_PCD_MspInit                          0x08001e1d   Thumb Code    66  stm32f3xx_hal_msp.o(i.HAL_PCD_MspInit)
    HAL_RCCEx_PeriphCLKConfig                0x08001e69   Thumb Code   522  stm32f3xx_hal_rcc_ex.o(i.HAL_RCCEx_PeriphCLKConfig)
    HAL_RCC_ClockConfig                      0x08002081   Thumb Code   374  stm32f3xx_hal_rcc.o(i.HAL_RCC_ClockConfig)
    HAL_RCC_GetHCLKFreq                      0x08002209   Thumb Code     6  stm32f3xx_hal_rcc.o(i.HAL_RCC_GetHCLKFreq)
    HAL_RCC_GetPCLK1Freq                     0x08002215   Thumb Code    34  stm32f3xx_hal_rcc.o(i.HAL_RCC_GetPCLK1Freq)
    HAL_RCC_GetPCLK2Freq                     0x08002245   Thumb Code    34  stm32f3xx_hal_rcc.o(i.HAL_RCC_GetPCLK2Freq)
    HAL_RCC_GetSysClockFreq                  0x08002275   Thumb Code    84  stm32f3xx_hal_rcc.o(i.HAL_RCC_GetSysClockFreq)
    HAL_RCC_OscConfig                        0x080022d9   Thumb Code  1452  stm32f3xx_hal_rcc.o(i.HAL_RCC_OscConfig)
    HAL_SPI_Init                             0x08002885   Thumb Code   182  stm32f3xx_hal_spi.o(i.HAL_SPI_Init)
    HAL_SPI_MspInit                          0x0800293d   Thumb Code    64  stm32f3xx_hal_msp.o(i.HAL_SPI_MspInit)
    HAL_SYSTICK_CLKSourceConfig              0x08002985   Thumb Code    24  stm32f3xx_hal_cortex.o(i.HAL_SYSTICK_CLKSourceConfig)
    HAL_SYSTICK_Callback                     0x0800299d   Thumb Code     2  stm32f3xx_hal_cortex.o(i.HAL_SYSTICK_Callback)
    HAL_SYSTICK_Config                       0x0800299f   Thumb Code    40  stm32f3xx_hal_cortex.o(i.HAL_SYSTICK_Config)
    HAL_SYSTICK_IRQHandler                   0x080029c7   Thumb Code     8  stm32f3xx_hal_cortex.o(i.HAL_SYSTICK_IRQHandler)
    HAL_TIMEx_Break2Callback                 0x080029cf   Thumb Code     2  stm32f3xx_hal_tim_ex.o(i.HAL_TIMEx_Break2Callback)
    HAL_TIMEx_BreakCallback                  0x080029d1   Thumb Code     2  stm32f3xx_hal_tim_ex.o(i.HAL_TIMEx_BreakCallback)
    HAL_TIMEx_CommutationCallback            0x080029d3   Thumb Code     2  stm32f3xx_hal_tim_ex.o(i.HAL_TIMEx_CommutationCallback)
    HAL_TIMEx_ConfigBreakDeadTime            0x080029d5   Thumb Code   138  stm32f3xx_hal_tim_ex.o(i.HAL_TIMEx_ConfigBreakDeadTime)
    HAL_TIMEx_MasterConfigSynchronization    0x08002a69   Thumb Code    78  stm32f3xx_hal_tim_ex.o(i.HAL_TIMEx_MasterConfigSynchronization)
    HAL_TIM_Base_Init                        0x08002ac1   Thumb Code    54  stm32f3xx_hal_tim.o(i.HAL_TIM_Base_Init)
    HAL_TIM_Base_MspInit                     0x08002af9   Thumb Code   166  stm32f3xx_hal_msp.o(i.HAL_TIM_Base_MspInit)
    HAL_TIM_Base_Start_IT                    0x08002bb5   Thumb Code    24  stm32f3xx_hal_tim.o(i.HAL_TIM_Base_Start_IT)
    HAL_TIM_ConfigClockSource                0x08002bcd   Thumb Code   246  stm32f3xx_hal_tim.o(i.HAL_TIM_ConfigClockSource)
    HAL_TIM_IC_CaptureCallback               0x08002cc9   Thumb Code     2  stm32f3xx_hal_tim.o(i.HAL_TIM_IC_CaptureCallback)
    HAL_TIM_IRQHandler                       0x08002ccb   Thumb Code   388  stm32f3xx_hal_tim.o(i.HAL_TIM_IRQHandler)
    HAL_TIM_MspPostInit                      0x08002e51   Thumb Code   160  stm32f3xx_hal_msp.o(i.HAL_TIM_MspPostInit)
    HAL_TIM_OC_DelayElapsedCallback          0x08002f0d   Thumb Code     2  stm32f3xx_hal_tim.o(i.HAL_TIM_OC_DelayElapsedCallback)
    HAL_TIM_PWM_ConfigChannel                0x08002f0f   Thumb Code   296  stm32f3xx_hal_tim_ex.o(i.HAL_TIM_PWM_ConfigChannel)
    HAL_TIM_PWM_Init                         0x08003037   Thumb Code    54  stm32f3xx_hal_tim.o(i.HAL_TIM_PWM_Init)
    HAL_TIM_PWM_MspInit                      0x0800306d   Thumb Code     2  stm32f3xx_hal_tim.o(i.HAL_TIM_PWM_MspInit)
    HAL_TIM_PWM_PulseFinishedCallback        0x0800306f   Thumb Code     2  stm32f3xx_hal_tim.o(i.HAL_TIM_PWM_PulseFinishedCallback)
    HAL_TIM_PWM_Start                        0x08003071   Thumb Code    66  stm32f3xx_hal_tim.o(i.HAL_TIM_PWM_Start)
    HAL_TIM_PeriodElapsedCallback            0x080030c9   Thumb Code     2  stm32f3xx_hal_tim.o(i.HAL_TIM_PeriodElapsedCallback)
    HAL_TIM_TriggerCallback                  0x080030cb   Thumb Code     2  stm32f3xx_hal_tim.o(i.HAL_TIM_TriggerCallback)
    HAL_UARTEx_WakeupCallback                0x080030cd   Thumb Code     2  stm32f3xx_hal_uart_ex.o(i.HAL_UARTEx_WakeupCallback)
    HAL_UART_ErrorCallback                   0x080030cf   Thumb Code     2  stm32f3xx_hal_uart.o(i.HAL_UART_ErrorCallback)
    HAL_UART_IRQHandler                      0x080030d1   Thumb Code   316  stm32f3xx_hal_uart.o(i.HAL_UART_IRQHandler)
    HAL_UART_Init                            0x08003211   Thumb Code   106  stm32f3xx_hal_uart.o(i.HAL_UART_Init)
    HAL_UART_MspInit                         0x0800327d   Thumb Code    80  stm32f3xx_hal_msp.o(i.HAL_UART_MspInit)
    HAL_UART_Receive_IT                      0x080032d5   Thumb Code   122  stm32f3xx_hal_uart.o(i.HAL_UART_Receive_IT)
    HAL_UART_RxCpltCallback                  0x08003351   Thumb Code    34  main.o(i.HAL_UART_RxCpltCallback)
    HAL_UART_Transmit                        0x08003381   Thumb Code   180  stm32f3xx_hal_uart.o(i.HAL_UART_Transmit)
    HAL_UART_TxCpltCallback                  0x08003435   Thumb Code     2  stm32f3xx_hal_uart.o(i.HAL_UART_TxCpltCallback)
    LiquidCrystal                            0x08003439   Thumb Code    66  liquidcrystal.o(i.LiquidCrystal)
    SysTick_Handler                          0x08003b89   Thumb Code    14  stm32f3xx_it.o(i.SysTick_Handler)
    SystemClock_Config                       0x08003b99   Thumb Code   148  main.o(i.SystemClock_Config)
    SystemInit                               0x08003c31   Thumb Code    82  system_stm32f3xx.o(i.SystemInit)
    TIM2_IRQHandler                          0x08003c99   Thumb Code   550  stm32f3xx_it.o(i.TIM2_IRQHandler)
    TIM3_IRQHandler                          0x08003ee9   Thumb Code    22  stm32f3xx_it.o(i.TIM3_IRQHandler)
    TIM4_IRQHandler                          0x08003f05   Thumb Code   310  stm32f3xx_it.o(i.TIM4_IRQHandler)
    TIM_Base_SetConfig                       0x08004045   Thumb Code   146  stm32f3xx_hal_tim.o(i.TIM_Base_SetConfig)
    TIM_CCxChannelCmd                        0x080040f5   Thumb Code    22  stm32f3xx_hal_tim.o(i.TIM_CCxChannelCmd)
    TIM_ETR_SetConfig                        0x0800410b   Thumb Code    20  stm32f3xx_hal_tim.o(i.TIM_ETR_SetConfig)
    TIM_OC1_SetConfig                        0x08004131   Thumb Code   132  stm32f3xx_hal_tim.o(i.TIM_OC1_SetConfig)
    TIM_OC2_SetConfig                        0x080041cd   Thumb Code   120  stm32f3xx_hal_tim.o(i.TIM_OC2_SetConfig)
    TIM_OC3_SetConfig                        0x0800425d   Thumb Code   118  stm32f3xx_hal_tim.o(i.TIM_OC3_SetConfig)
    TIM_OC4_SetConfig                        0x080042ed   Thumb Code    92  stm32f3xx_hal_tim.o(i.TIM_OC4_SetConfig)
    UART_AdvFeatureConfig                    0x08004487   Thumb Code   200  stm32f3xx_hal_uart.o(i.UART_AdvFeatureConfig)
    UART_CheckIdleState                      0x0800454f   Thumb Code    92  stm32f3xx_hal_uart.o(i.UART_CheckIdleState)
    UART_EndTransmit_IT                      0x080045db   Thumb Code    26  stm32f3xx_hal_uart.o(i.UART_EndTransmit_IT)
    UART_Receive_IT                          0x080045f5   Thumb Code   118  stm32f3xx_hal_uart.o(i.UART_Receive_IT)
    UART_SetConfig                           0x0800466d   Thumb Code   434  stm32f3xx_hal_uart.o(i.UART_SetConfig)
    UART_Transmit_IT                         0x08004841   Thumb Code   100  stm32f3xx_hal_uart.o(i.UART_Transmit_IT)
    UART_WaitOnFlagUntilTimeout              0x080048a5   Thumb Code   100  stm32f3xx_hal_uart.o(i.UART_WaitOnFlagUntilTimeout)
    USART2_IRQHandler                        0x08004909   Thumb Code     6  stm32f3xx_it.o(i.USART2_IRQHandler)
    U_bouns_create                           0x08004915   Thumb Code     2  uartutil.o(i.U_bouns_create)
    U_bouns_remove                           0x08004917   Thumb Code     2  uartutil.o(i.U_bouns_remove)
    U_create_plant                           0x08004919   Thumb Code    16  uartutil.o(i.U_create_plant)
    U_create_zombie                          0x08004939   Thumb Code    16  uartutil.o(i.U_create_zombie)
    U_ligth                                  0x08004959   Thumb Code     2  uartutil.o(i.U_ligth)
    U_move_zombie                            0x0800495d   Thumb Code    24  uartutil.o(i.U_move_zombie)
    U_remove_plant                           0x08004985   Thumb Code    12  uartutil.o(i.U_remove_plant)
    U_remove_zombie                          0x0800499d   Thumb Code    14  uartutil.o(i.U_remove_zombie)
    U_round                                  0x080049b9   Thumb Code     8  uartutil.o(i.U_round)
    U_save_game                              0x080049c9   Thumb Code   226  uartutil.o(i.U_save_game)
    U_score                                  0x08004b1d   Thumb Code     8  uartutil.o(i.U_score)
    U_send_state                             0x08004b2d   Thumb Code    52  uartutil.o(i.U_send_state)
    U_set_life                               0x08004b9d   Thumb Code     8  uartutil.o(i.U_set_life)
    U_time                                   0x08004bad   Thumb Code    36  uartutil.o(i.U_time)
    __0printf$4                              0x08004bdd   Thumb Code    22  printf4.o(i.__0printf$4)
    __1printf$4                              0x08004bdd   Thumb Code     0  printf4.o(i.__0printf$4)
    __2printf                                0x08004bdd   Thumb Code     0  printf4.o(i.__0printf$4)
    __aeabi_errno_addr                       0x08004bfd   Thumb Code     4  errno.o(i.__aeabi_errno_addr)
    __rt_errno_addr                          0x08004bfd   Thumb Code     0  errno.o(i.__aeabi_errno_addr)
    __numPrint                               0x08004c05   Thumb Code   284  7segment.o(i.__numPrint)
    __scatterload_copy                       0x08004d29   Thumb Code    14  handlers.o(i.__scatterload_copy)
    __scatterload_null                       0x08004d37   Thumb Code     2  handlers.o(i.__scatterload_null)
    __scatterload_zeroinit                   0x08004d39   Thumb Code    14  handlers.o(i.__scatterload_zeroinit)
    addTime                                  0x08004f75   Thumb Code    12  time.o(i.addTime)
    add_blink_row                            0x08004f85   Thumb Code    34  lcdutill.o(i.add_blink_row)
    add_score                                0x08004fad   Thumb Code    12  player.o(i.add_score)
    add_wink                                 0x08004fbd   Thumb Code    24  lcdutill.o(i.add_wink)
    begin                                    0x08004fd9   Thumb Code   304  liquidcrystal.o(i.begin)
    blink                                    0x08005111   Thumb Code    18  liquidcrystal.o(i.blink)
    check_bonus                              0x08005129   Thumb Code    44  object.o(i.check_bonus)
    clear                                    0x08005159   Thumb Code    18  liquidcrystal.o(i.clear)
    clear_lcd                                0x0800516d   Thumb Code    34  lcdutill.o(i.clear_lcd)
    command                                  0x08005195   Thumb Code     6  liquidcrystal.o(i.command)
    createChar                               0x0800519b   Thumb Code    36  liquidcrystal.o(i.createChar)
    create_bonus                             0x080051c1   Thumb Code   102  object.o(i.create_bonus)
    create_plant                             0x0800522d   Thumb Code   174  object.o(i.create_plant)
    create_zombie                            0x080052e5   Thumb Code   174  object.o(i.create_zombie)
    disable_blink                            0x0800539d   Thumb Code     8  lcdutill.o(i.disable_blink)
    display                                  0x080053a9   Thumb Code    18  liquidcrystal.o(i.display)
    enableClock                              0x080053c1   Thumb Code   142  liquidcrystal.o(i.enableClock)
    enable_blink                             0x0800546d   Thumb Code     8  lcdutill.o(i.enable_blink)
    enable_wink                              0x08005479   Thumb Code     8  lcdutill.o(i.enable_wink)
    fill_buffer                              0x08005485   Thumb Code   252  uartutil.o(i.fill_buffer)
    fputc                                    0x08005599   Thumb Code    20  uartutil.o(i.fputc)
    getRand                                  0x080055b1   Thumb Code    66  utill.o(i.getRand)
    getTime                                  0x080055fd   Thumb Code     6  time.o(i.getTime)
    get_blink_column                         0x08005609   Thumb Code     6  lcdutill.o(i.get_blink_column)
    get_blink_row                            0x08005615   Thumb Code     6  lcdutill.o(i.get_blink_row)
    get_bonus_point                          0x08005621   Thumb Code   138  object.o(i.get_bonus_point)
    get_boolean                              0x080056b5   Thumb Code    24  utill.o(i.get_boolean)
    get_game_time                            0x080056cd   Thumb Code     6  time.o(i.get_game_time)
    get_hp                                   0x080056d9   Thumb Code     6  player.o(i.get_hp)
    get_last_use_plant_time                  0x080056e5   Thumb Code     8  object.o(i.get_last_use_plant_time)
    get_level_time                           0x080056f1   Thumb Code     6  time.o(i.get_level_time)
    get_name                                 0x080056fd   Thumb Code    32  keypadutil.o(i.get_name)
    get_plant                                0x08005725   Thumb Code    10  object.o(i.get_plant)
    get_plant_enable                         0x08005735   Thumb Code    76  object.o(i.get_plant_enable)
    get_plant_size                           0x08005789   Thumb Code     6  object.o(i.get_plant_size)
    get_score                                0x08005795   Thumb Code     6  player.o(i.get_score)
    get_state                                0x080057a1   Thumb Code     6  state.o(i.get_state)
    get_zombie                               0x080057ad   Thumb Code    32  object.o(i.get_zombie)
    get_zombie_size                          0x080057d5   Thumb Code     6  object.o(i.get_zombie_size)
    init                                     0x080057e1   Thumb Code    72  liquidcrystal.o(i.init)
    is_blink_enable                          0x08005831   Thumb Code     6  lcdutill.o(i.is_blink_enable)
    load                                     0x0800583d   Thumb Code     2  uartutil.o(i.load)
    lost_hp                                  0x08005841   Thumb Code    20  player.o(i.lost_hp)
    main                                     0x08005859   Thumb Code   266  main.o(i.main)
    min                                      0x0800597d   Thumb Code     8  utill.o(i.min)
    move_all_zombies                         0x08005985   Thumb Code    34  object.o(i.move_all_zombies)
    move_zombie                              0x080059b1   Thumb Code   296  object.o(i.move_zombie)
    noBlink                                  0x08005add   Thumb Code    18  liquidcrystal.o(i.noBlink)
    numPrint                                 0x08005af5   Thumb Code     6  7segment.o(i.numPrint)
    press_keypad                             0x08005b01   Thumb Code   122  keypadutil.o(i.press_keypad)
    print                                    0x08005b89   Thumb Code    40  liquidcrystal.o(i.print)
    print_all_plant                          0x08005bb1   Thumb Code    42  object.o(i.print_all_plant)
    print_all_zombies                        0x08005be5   Thumb Code    36  object.o(i.print_all_zombies)
    print_bonus                              0x08005c11   Thumb Code    48  object.o(i.print_bonus)
    print_plant                              0x08005c45   Thumb Code    16  object.o(i.print_plant)
    print_zombie                             0x08005c55   Thumb Code    42  object.o(i.print_zombie)
    pulseEnable                              0x08005c81   Thumb Code    56  liquidcrystal.o(i.pulseEnable)
    refresh_7seg                             0x08005cbd   Thumb Code   122  7segment.o(i.refresh_7seg)
    refresh_led                              0x08005d41   Thumb Code   128  led.o(i.refresh_led)
    refresh_wink                             0x08005dd9   Thumb Code    96  lcdutill.o(i.refresh_wink)
    removeZombie                             0x08005e41   Thumb Code    92  object.o(i.removeZombie)
    remove_bonus                             0x08005ea5   Thumb Code    46  object.o(i.remove_bonus)
    remove_plant                             0x08005ed9   Thumb Code    90  object.o(i.remove_plant)
    remove_wink                              0x08005f3d   Thumb Code    24  lcdutill.o(i.remove_wink)
    reset_keypad                             0x08005f59   Thumb Code    16  keypadutil.o(i.reset_keypad)
    send                                     0x08005f6d   Thumb Code    62  liquidcrystal.o(i.send)
    setCursor                                0x08005fb1   Thumb Code    36  liquidcrystal.o(i.setCursor)
    setRandomCount                           0x08005fd9   Thumb Code    88  utill.o(i.setRandomCount)
    setRowOffsets                            0x08006041   Thumb Code    14  liquidcrystal.o(i.setRowOffsets)
    set_area_ligth                           0x08006055   Thumb Code    22  led.o(i.set_area_ligth)
    set_blink_column                         0x08006071   Thumb Code    18  lcdutill.o(i.set_blink_column)
    set_blink_row                            0x08006089   Thumb Code    18  lcdutill.o(i.set_blink_row)
    set_enable                               0x080060a1   Thumb Code    10  led.o(i.set_enable)
    set_game_time                            0x080060b1   Thumb Code     6  time.o(i.set_game_time)
    set_level_time                           0x080060bd   Thumb Code     6  time.o(i.set_level_time)
    set_state                                0x080060c9   Thumb Code     8  state.o(i.set_state)
    set_state_without_uart                   0x080060d5   Thumb Code     6  state.o(i.set_state_without_uart)
    showDemo                                 0x080060e1   Thumb Code   232  stm32f3xx_it.o(i.showDemo)
    show_about                               0x080061cd   Thumb Code    42  stm32f3xx_it.o(i.show_about)
    show_blink                               0x0800620d   Thumb Code   146  lcdutill.o(i.show_blink)
    show_game_over                           0x080062a9   Thumb Code    44  stm32f3xx_it.o(i.show_game_over)
    show_menu                                0x080062f5   Thumb Code    70  stm32f3xx_it.o(i.show_menu)
    startWith                                0x08006361   Thumb Code    34  utill.o(i.startWith)
    start_plant_timer                        0x08006385   Thumb Code     8  object.o(i.start_plant_timer)
    substr                                   0x08006391   Thumb Code    26  utill.o(i.substr)
    write                                    0x080063ab   Thumb Code    12  liquidcrystal.o(i.write)
    write4bits                               0x080063b9   Thumb Code    44  liquidcrystal.o(i.write4bits)
    write8bits                               0x080063ed   Thumb Code    44  liquidcrystal.o(i.write8bits)
    write_lcd                                0x08006421   Thumb Code    58  lcdutill.o(i.write_lcd)
    charArr                                  0x08006464   Data          36  keypadutil.o(.constdata)
    charArrsize                              0x08006488   Data           9  keypadutil.o(.constdata)
    aPLLMULFactorTable                       0x08006491   Data          16  stm32f3xx_hal_rcc.o(.constdata)
    aPredivFactorTable                       0x080064a1   Data          16  stm32f3xx_hal_rcc.o(.constdata)
    AHBPrescTable                            0x080064b1   Data          16  system_stm32f3xx.o(.constdata)
    APBPrescTable                            0x080064c1   Data           8  system_stm32f3xx.o(.constdata)
    __ctype_table                            0x080064c9   Data         129  ctype_o.o(.constdata)
    Region$$Table$$Base                      0x08006550   Number         0  anon$$obj.o(Region$$Table)
    Region$$Table$$Limit                     0x08006570   Number         0  anon$$obj.o(Region$$Table)
    data                                     0x20000004   Data           1  main.o(.data)
    zomby1                                   0x20000005   Data           8  main.o(.data)
    zomby2                                   0x2000000d   Data           8  main.o(.data)
    zomby0                                   0x20000015   Data           8  main.o(.data)
    zomby3                                   0x2000001d   Data           8  main.o(.data)
    plant1                                   0x20000025   Data           8  main.o(.data)
    plant2                                   0x2000002d   Data           8  main.o(.data)
    plant3                                   0x20000035   Data           8  main.o(.data)
    bonus                                    0x2000003d   Data           8  main.o(.data)
    initFlag                                 0x20000048   Data           1  stm32f3xx_it.o(.data)
    level                                    0x20000049   Data           1  stm32f3xx_it.o(.data)
    remainig_zombie                          0x2000004a   Data           1  stm32f3xx_it.o(.data)
    clear_showDemo                           0x2000004b   Data           1  stm32f3xx_it.o(.data)
    __init_show_menu                         0x2000004c   Data           1  stm32f3xx_it.o(.data)
    __init_show_about                        0x2000004d   Data           1  stm32f3xx_it.o(.data)
    __game_over_init                         0x2000004e   Data           1  stm32f3xx_it.o(.data)
    __last_time_zombie_created               0x20000050   Data           4  stm32f3xx_it.o(.data)
    __start_save_game_time                   0x20000054   Data           4  stm32f3xx_it.o(.data)
    _fourbit_mode                            0x20000058   Data           1  liquidcrystal.o(.data)
    dotsize                                  0x20000059   Data           1  liquidcrystal.o(.data)
    _displayfunction                         0x2000005a   Data           1  liquidcrystal.o(.data)
    _displaycontrol                          0x2000005b   Data           1  liquidcrystal.o(.data)
    _displaymode                             0x2000005c   Data           1  liquidcrystal.o(.data)
    _numlines                                0x2000005d   Data           1  liquidcrystal.o(.data)
    _rs_pin                                  0x2000005e   Data           2  liquidcrystal.o(.data)
    _rw_pin                                  0x20000060   Data           2  liquidcrystal.o(.data)
    _enable_pin                              0x20000062   Data           2  liquidcrystal.o(.data)
    _port                                    0x20000064   Data           4  liquidcrystal.o(.data)
    _row_offsets                             0x20000068   Data           4  liquidcrystal.o(.data)
    __end_rand                               0x20000070   Data           1  utill.o(.data)
    __rand_now                               0x20000078   Data           8  utill.o(.data)
    __numOf_7seg                             0x20000080   Data           4  7segment.o(.data)
    __plant_size                             0x20000084   Data           1  object.o(.data)
    __start_timer                            0x20000085   Data           1  object.o(.data)
    __zombies_size                           0x20000086   Data           1  object.o(.data)
    __bonus                                  0x20000087   Data           3  object.o(.data)
    speed_time                               0x2000008c   Data           4  object.o(.data)
    __bonus_created_time                     0x20000090   Data           4  object.o(.data)
    __input_row_blink                        0x20000094   Data           1  lcdutill.o(.data)
    __input_column_blink                     0x20000095   Data           1  lcdutill.o(.data)
    row_blink                                0x20000096   Data           1  lcdutill.o(.data)
    column_blink                             0x20000097   Data           1  lcdutill.o(.data)
    last_row_blink                           0x20000098   Data           1  lcdutill.o(.data)
    last_column_blink                        0x20000099   Data           1  lcdutill.o(.data)
    blinkEnable                              0x2000009a   Data           1  lcdutill.o(.data)
    blinkChange                              0x2000009b   Data           1  lcdutill.o(.data)
    __now_blink_enable                       0x2000009c   Data           1  lcdutill.o(.data)
    __wink_enable                            0x2000009d   Data           1  lcdutill.o(.data)
    __now_wink                               0x2000009e   Data           1  lcdutill.o(.data)
    __last_change_blink                      0x200000a0   Data           4  lcdutill.o(.data)
    last_time_wink                           0x200000a4   Data           4  lcdutill.o(.data)
    light                                    0x200000a8   Data           1  led.o(.data)
    __hp                                     0x200000ac   Data           1  player.o(.data)
    __score                                  0x200000b0   Data           4  player.o(.data)
    buffer_size                              0x200000b4   Data           1  uartutil.o(.data)
    last_time_send_time                      0x200000b8   Data           4  uartutil.o(.data)
    __name_index                             0x200000bc   Data           1  keypadutil.o(.data)
    __last_key_row_press                     0x200000bd   Data           1  keypadutil.o(.data)
    __last_key_column_press                  0x200000be   Data           1  keypadutil.o(.data)
    __char_select_index                      0x200000bf   Data           1  keypadutil.o(.data)
    __last_key_press_time                    0x200000c0   Data           4  keypadutil.o(.data)
    state                                    0x200000c4   Data           1  state.o(.data)
    __time_m                                 0x200000c8   Data           4  time.o(.data)
    __game_time                              0x200000cc   Data           4  time.o(.data)
    __level_time                             0x200000d0   Data           4  time.o(.data)
    uwTickFreq                               0x200000d4   Data           1  stm32f3xx_hal.o(.data)
    uwTickPrio                               0x200000d8   Data           4  stm32f3xx_hal.o(.data)
    uwTick                                   0x200000dc   Data           4  stm32f3xx_hal.o(.data)
    SystemCoreClock                          0x200000e0   Data           4  system_stm32f3xx.o(.data)
    __stdout                                 0x200000e4   Data           4  stdout.o(.data)
    hadc1                                    0x200000ec   Data          84  main.o(.bss)
    hadc3                                    0x20000140   Data          84  main.o(.bss)
    hadc4                                    0x20000194   Data          84  main.o(.bss)
    hi2c1                                    0x200001e8   Data          76  main.o(.bss)
    hspi1                                    0x20000234   Data         100  main.o(.bss)
    htim1                                    0x20000298   Data          64  main.o(.bss)
    htim2                                    0x200002d8   Data          64  main.o(.bss)
    htim3                                    0x20000318   Data          64  main.o(.bss)
    htim4                                    0x20000358   Data          64  main.o(.bss)
    htim8                                    0x20000398   Data          64  main.o(.bss)
    huart2                                   0x200003d8   Data         112  main.o(.bss)
    hpcd_USB_FS                              0x20000448   Data         936  main.o(.bss)
    name                                     0x200007f0   Data          20  stm32f3xx_it.o(.bss)
    temp_name                                0x20000804   Data          20  stm32f3xx_it.o(.bss)
    _data_pins                               0x20000818   Data          16  liquidcrystal.o(.bss)
    __rand                                   0x20000828   Data         320  utill.o(.bss)
    __plants                                 0x20000968   Data         100  object.o(.bss)
    __last_create_plant                      0x200009cc   Data          12  object.o(.bss)
    __zombies                                0x200009d8   Data         120  object.o(.bss)
    lcd                                      0x20000a50   Data          80  lcdutill.o(.bss)
    wink_cells                               0x20000aa0   Data          80  lcdutill.o(.bss)
    led                                      0x20000af0   Data          11  led.o(.bss)
    buffer                                   0x20000afb   Data         100  uartutil.o(.bss)
    __name                                   0x20000b5f   Data          19  keypadutil.o(.bss)
    __initial_sp                             0x20000f78   Data           0  startup_stm32f303xc.o(STACK)



==============================================================================

Memory Map of the image

  Image Entry point : 0x08000189

  Load Region LR_IROM1 (Base: 0x08000000, Size: 0x0000665c, Max: 0x00040000, ABSOLUTE)

    Execution Region ER_IROM1 (Exec base: 0x08000000, Load base: 0x08000000, Size: 0x00006570, Max: 0x00040000, ABSOLUTE)

    Exec Addr    Load Addr    Size         Type   Attr      Idx    E Section Name        Object

    0x08000000   0x08000000   0x00000188   Data   RO            3    RESET               startup_stm32f303xc.o
    0x08000188   0x08000188   0x00000000   Code   RO         5188  * .ARM.Collect$$$$00000000  mc_w.l(entry.o)
    0x08000188   0x08000188   0x00000004   Code   RO         5474    .ARM.Collect$$$$00000001  mc_w.l(entry2.o)
    0x0800018c   0x0800018c   0x00000004   Code   RO         5477    .ARM.Collect$$$$00000004  mc_w.l(entry5.o)
    0x08000190   0x08000190   0x00000000   Code   RO         5479    .ARM.Collect$$$$00000008  mc_w.l(entry7b.o)
    0x08000190   0x08000190   0x00000000   Code   RO         5481    .ARM.Collect$$$$0000000A  mc_w.l(entry8b.o)
    0x08000190   0x08000190   0x00000008   Code   RO         5482    .ARM.Collect$$$$0000000B  mc_w.l(entry9a.o)
    0x08000198   0x08000198   0x00000000   Code   RO         5484    .ARM.Collect$$$$0000000D  mc_w.l(entry10a.o)
    0x08000198   0x08000198   0x00000000   Code   RO         5486    .ARM.Collect$$$$0000000F  mc_w.l(entry11a.o)
    0x08000198   0x08000198   0x00000004   Code   RO         5475    .ARM.Collect$$$$00002712  mc_w.l(entry2.o)
    0x0800019c   0x0800019c   0x00000024   Code   RO            4    .text               startup_stm32f303xc.o
    0x080001c0   0x080001c0   0x00000020   Code   RO         5191    .text               mc_w.l(llushr.o)
    0x080001e0   0x080001e0   0x0000000e   Code   RO         5195    .text               mc_w.l(strlen.o)
    0x080001ee   0x080001ee   0x0000001c   Code   RO         5197    .text               mc_w.l(strcmp.o)
    0x0800020a   0x0800020a   0x00000012   Code   RO         5199    .text               mc_w.l(strcpy.o)
    0x0800021c   0x0800021c   0x0000001a   Code   RO         5464    .text               mc_w.l(atoi.o)
    0x08000236   0x08000236   0x000000e4   Code   RO         5466    .text               mf_w.l(dmul.o)
    0x0800031a   0x0800031a   0x00000022   Code   RO         5468    .text               mf_w.l(dflti.o)
    0x0800033c   0x0800033c   0x0000003e   Code   RO         5470    .text               mf_w.l(dfixi.o)
    0x0800037a   0x0800037a   0x00000002   PAD
    0x0800037c   0x0800037c   0x00000030   Code   RO         5472    .text               mf_w.l(cdcmple.o)
    0x080003ac   0x080003ac   0x00000062   Code   RO         5491    .text               mc_w.l(uldiv.o)
    0x0800040e   0x0800040e   0x00000070   Code   RO         5500    .text               mc_w.l(strtol.o)
    0x0800047e   0x0800047e   0x00000000   Code   RO         5502    .text               mc_w.l(iusefp.o)
    0x0800047e   0x0800047e   0x000000ba   Code   RO         5503    .text               mf_w.l(depilogue.o)
    0x08000538   0x08000538   0x00000024   Code   RO         5513    .text               mc_w.l(init.o)
    0x0800055c   0x0800055c   0x0000001e   Code   RO         5515    .text               mc_w.l(llshl.o)
    0x0800057a   0x0800057a   0x00000002   PAD
    0x0800057c   0x0800057c   0x00000008   Code   RO         5519    .text               mc_w.l(ctype_o.o)
    0x08000584   0x08000584   0x0000009e   Code   RO         5547    .text               mc_w.l(_strtoul.o)
    0x08000622   0x08000622   0x0000001c   Code   RO         5549    .text               mc_w.l(_chval.o)
    0x0800063e   0x0800063e   0x00000002   PAD
    0x08000640   0x08000640   0x00000030   Code   RO          341    i.ADC1_2_IRQHandler  stm32f3xx_it.o
    0x08000670   0x08000670   0x00000038   Code   RO          342    i.ADC3_IRQHandler   stm32f3xx_it.o
    0x080006a8   0x080006a8   0x00000020   Code   RO          343    i.ADC4_IRQHandler   stm32f3xx_it.o
    0x080006c8   0x080006c8   0x00000062   Code   RO         1893    i.ADC_Disable       stm32f3xx_hal_adc_ex.o
    0x0800072a   0x0800072a   0x00000002   PAD
    0x0800072c   0x0800072c   0x00000060   Code   RO         1894    i.ADC_Enable        stm32f3xx_hal_adc_ex.o
    0x0800078c   0x0800078c   0x00000046   Code   RO          344    i.EXTI0_IRQHandler  stm32f3xx_it.o
    0x080007d2   0x080007d2   0x00000002   PAD
    0x080007d4   0x080007d4   0x0000014c   Code   RO          345    i.EXTI3_IRQHandler  stm32f3xx_it.o
    0x08000920   0x08000920   0x000000ec   Code   RO          346    i.EXTI4_IRQHandler  stm32f3xx_it.o
    0x08000a0c   0x08000a0c   0x000001a0   Code   RO          347    i.EXTI9_5_IRQHandler  stm32f3xx_it.o
    0x08000bac   0x08000bac   0x00000002   Code   RO         1899    i.HAL_ADCEx_InjectedConvCpltCallback  stm32f3xx_hal_adc_ex.o
    0x08000bae   0x08000bae   0x00000002   Code   RO         1902    i.HAL_ADCEx_InjectedQueueOverflowCallback  stm32f3xx_hal_adc_ex.o
    0x08000bb0   0x08000bb0   0x00000002   Code   RO         1907    i.HAL_ADCEx_LevelOutOfWindow2Callback  stm32f3xx_hal_adc_ex.o
    0x08000bb2   0x08000bb2   0x00000002   Code   RO         1908    i.HAL_ADCEx_LevelOutOfWindow3Callback  stm32f3xx_hal_adc_ex.o
    0x08000bb4   0x08000bb4   0x00000114   Code   RO         1909    i.HAL_ADCEx_MultiModeConfigChannel  stm32f3xx_hal_adc_ex.o
    0x08000cc8   0x08000cc8   0x00000394   Code   RO         1918    i.HAL_ADC_ConfigChannel  stm32f3xx_hal_adc_ex.o
    0x0800105c   0x0800105c   0x00000002   Code   RO         2155    i.HAL_ADC_ConvCpltCallback  stm32f3xx_hal_adc.o
    0x0800105e   0x0800105e   0x00000002   Code   RO         2158    i.HAL_ADC_ErrorCallback  stm32f3xx_hal_adc.o
    0x08001060   0x08001060   0x00000006   Code   RO         1920    i.HAL_ADC_GetValue  stm32f3xx_hal_adc_ex.o
    0x08001066   0x08001066   0x00000002   PAD
    0x08001068   0x08001068   0x00000328   Code   RO         1921    i.HAL_ADC_IRQHandler  stm32f3xx_hal_adc_ex.o
    0x08001390   0x08001390   0x00000248   Code   RO         1922    i.HAL_ADC_Init      stm32f3xx_hal_adc_ex.o
    0x080015d8   0x080015d8   0x00000002   Code   RO         2164    i.HAL_ADC_LevelOutOfWindowCallback  stm32f3xx_hal_adc.o
    0x080015da   0x080015da   0x00000002   PAD
    0x080015dc   0x080015dc   0x000000d8   Code   RO           14    i.HAL_ADC_MspInit   stm32f3xx_hal_msp.o
    0x080016b4   0x080016b4   0x00000180   Code   RO         1927    i.HAL_ADC_Start_IT  stm32f3xx_hal_adc_ex.o
    0x08001834   0x08001834   0x0000004a   Code   RO         1459    i.HAL_DMA_Abort_IT  stm32f3xx_hal_dma.o
    0x0800187e   0x0800187e   0x00000002   PAD
    0x08001880   0x08001880   0x00000024   Code   RO         2310    i.HAL_Delay         stm32f3xx_hal.o
    0x080018a4   0x080018a4   0x00000002   Code   RO         3187    i.HAL_GPIO_EXTI_Callback  stm32f3xx_hal_gpio.o
    0x080018a6   0x080018a6   0x00000002   PAD
    0x080018a8   0x080018a8   0x00000018   Code   RO         3188    i.HAL_GPIO_EXTI_IRQHandler  stm32f3xx_hal_gpio.o
    0x080018c0   0x080018c0   0x00000188   Code   RO         3189    i.HAL_GPIO_Init     stm32f3xx_hal_gpio.o
    0x08001a48   0x08001a48   0x0000000a   Code   RO         3191    i.HAL_GPIO_ReadPin  stm32f3xx_hal_gpio.o
    0x08001a52   0x08001a52   0x0000000a   Code   RO         3193    i.HAL_GPIO_WritePin  stm32f3xx_hal_gpio.o
    0x08001a5c   0x08001a5c   0x0000000c   Code   RO         2314    i.HAL_GetTick       stm32f3xx_hal.o
    0x08001a68   0x08001a68   0x00000056   Code   RO         1835    i.HAL_I2CEx_ConfigAnalogFilter  stm32f3xx_hal_i2c_ex.o
    0x08001abe   0x08001abe   0x00000052   Code   RO         1836    i.HAL_I2CEx_ConfigDigitalFilter  stm32f3xx_hal_i2c_ex.o
    0x08001b10   0x08001b10   0x000000b8   Code   RO         3438    i.HAL_I2C_Init      stm32f3xx_hal_i2c.o
    0x08001bc8   0x08001bc8   0x0000004c   Code   RO           16    i.HAL_I2C_MspInit   stm32f3xx_hal_msp.o
    0x08001c14   0x08001c14   0x00000010   Code   RO         2320    i.HAL_IncTick       stm32f3xx_hal.o
    0x08001c24   0x08001c24   0x00000024   Code   RO         2321    i.HAL_Init          stm32f3xx_hal.o
    0x08001c48   0x08001c48   0x00000040   Code   RO         2322    i.HAL_InitTick      stm32f3xx_hal.o
    0x08001c88   0x08001c88   0x00000070   Code   RO           17    i.HAL_MspInit       stm32f3xx_hal_msp.o
    0x08001cf8   0x08001cf8   0x00000016   Code   RO         3014    i.HAL_NVIC_EnableIRQ  stm32f3xx_hal_cortex.o
    0x08001d0e   0x08001d0e   0x00000002   PAD
    0x08001d10   0x08001d10   0x00000040   Code   RO         3020    i.HAL_NVIC_SetPriority  stm32f3xx_hal_cortex.o
    0x08001d50   0x08001d50   0x00000024   Code   RO         3021    i.HAL_NVIC_SetPriorityGrouping  stm32f3xx_hal_cortex.o
    0x08001d74   0x08001d74   0x000000a6   Code   RO         4546    i.HAL_PCD_Init      stm32f3xx_hal_pcd.o
    0x08001e1a   0x08001e1a   0x00000002   PAD
    0x08001e1c   0x08001e1c   0x0000004c   Code   RO           19    i.HAL_PCD_MspInit   stm32f3xx_hal_msp.o
    0x08001e68   0x08001e68   0x00000218   Code   RO         1368    i.HAL_RCCEx_PeriphCLKConfig  stm32f3xx_hal_rcc_ex.o
    0x08002080   0x08002080   0x00000188   Code   RO         2802    i.HAL_RCC_ClockConfig  stm32f3xx_hal_rcc.o
    0x08002208   0x08002208   0x0000000c   Code   RO         2807    i.HAL_RCC_GetHCLKFreq  stm32f3xx_hal_rcc.o
    0x08002214   0x08002214   0x00000030   Code   RO         2809    i.HAL_RCC_GetPCLK1Freq  stm32f3xx_hal_rcc.o
    0x08002244   0x08002244   0x00000030   Code   RO         2810    i.HAL_RCC_GetPCLK2Freq  stm32f3xx_hal_rcc.o
    0x08002274   0x08002274   0x00000064   Code   RO         2811    i.HAL_RCC_GetSysClockFreq  stm32f3xx_hal_rcc.o
    0x080022d8   0x080022d8   0x000005ac   Code   RO         2814    i.HAL_RCC_OscConfig  stm32f3xx_hal_rcc.o
    0x08002884   0x08002884   0x000000b6   Code   RO         2485    i.HAL_SPI_Init      stm32f3xx_hal_spi.o
    0x0800293a   0x0800293a   0x00000002   PAD
    0x0800293c   0x0800293c   0x00000048   Code   RO           21    i.HAL_SPI_MspInit   stm32f3xx_hal_msp.o
    0x08002984   0x08002984   0x00000018   Code   RO         3023    i.HAL_SYSTICK_CLKSourceConfig  stm32f3xx_hal_cortex.o
    0x0800299c   0x0800299c   0x00000002   Code   RO         3024    i.HAL_SYSTICK_Callback  stm32f3xx_hal_cortex.o
    0x0800299e   0x0800299e   0x00000028   Code   RO         3025    i.HAL_SYSTICK_Config  stm32f3xx_hal_cortex.o
    0x080029c6   0x080029c6   0x00000008   Code   RO         3026    i.HAL_SYSTICK_IRQHandler  stm32f3xx_hal_cortex.o
    0x080029ce   0x080029ce   0x00000002   Code   RO         1556    i.HAL_TIMEx_Break2Callback  stm32f3xx_hal_tim_ex.o
    0x080029d0   0x080029d0   0x00000002   Code   RO         1557    i.HAL_TIMEx_BreakCallback  stm32f3xx_hal_tim_ex.o
    0x080029d2   0x080029d2   0x00000002   Code   RO         1558    i.HAL_TIMEx_CommutationCallback  stm32f3xx_hal_tim_ex.o
    0x080029d4   0x080029d4   0x00000094   Code   RO         1559    i.HAL_TIMEx_ConfigBreakDeadTime  stm32f3xx_hal_tim_ex.o
    0x08002a68   0x08002a68   0x00000058   Code   RO         1575    i.HAL_TIMEx_MasterConfigSynchronization  stm32f3xx_hal_tim_ex.o
    0x08002ac0   0x08002ac0   0x00000036   Code   RO         3881    i.HAL_TIM_Base_Init  stm32f3xx_hal_tim.o
    0x08002af6   0x08002af6   0x00000002   PAD
    0x08002af8   0x08002af8   0x000000bc   Code   RO           23    i.HAL_TIM_Base_MspInit  stm32f3xx_hal_msp.o
    0x08002bb4   0x08002bb4   0x00000018   Code   RO         3886    i.HAL_TIM_Base_Start_IT  stm32f3xx_hal_tim.o
    0x08002bcc   0x08002bcc   0x000000fc   Code   RO         3890    i.HAL_TIM_ConfigClockSource  stm32f3xx_hal_tim.o
    0x08002cc8   0x08002cc8   0x00000002   Code   RO         3912    i.HAL_TIM_IC_CaptureCallback  stm32f3xx_hal_tim.o
    0x08002cca   0x08002cca   0x00000184   Code   RO         3925    i.HAL_TIM_IRQHandler  stm32f3xx_hal_tim.o
    0x08002e4e   0x08002e4e   0x00000002   PAD
    0x08002e50   0x08002e50   0x000000bc   Code   RO           24    i.HAL_TIM_MspPostInit  stm32f3xx_hal_msp.o
    0x08002f0c   0x08002f0c   0x00000002   Code   RO         3928    i.HAL_TIM_OC_DelayElapsedCallback  stm32f3xx_hal_tim.o
    0x08002f0e   0x08002f0e   0x00000128   Code   RO         1595    i.HAL_TIM_PWM_ConfigChannel  stm32f3xx_hal_tim_ex.o
    0x08003036   0x08003036   0x00000036   Code   RO         3952    i.HAL_TIM_PWM_Init  stm32f3xx_hal_tim.o
    0x0800306c   0x0800306c   0x00000002   Code   RO         3954    i.HAL_TIM_PWM_MspInit  stm32f3xx_hal_tim.o
    0x0800306e   0x0800306e   0x00000002   Code   RO         3955    i.HAL_TIM_PWM_PulseFinishedCallback  stm32f3xx_hal_tim.o
    0x08003070   0x08003070   0x00000058   Code   RO         3956    i.HAL_TIM_PWM_Start  stm32f3xx_hal_tim.o
    0x080030c8   0x080030c8   0x00000002   Code   RO         3962    i.HAL_TIM_PeriodElapsedCallback  stm32f3xx_hal_tim.o
    0x080030ca   0x080030ca   0x00000002   Code   RO         3966    i.HAL_TIM_TriggerCallback  stm32f3xx_hal_tim.o
    0x080030cc   0x080030cc   0x00000002   Code   RO         4744    i.HAL_UARTEx_WakeupCallback  stm32f3xx_hal_uart_ex.o
    0x080030ce   0x080030ce   0x00000002   Code   RO         4815    i.HAL_UART_ErrorCallback  stm32f3xx_hal_uart.o
    0x080030d0   0x080030d0   0x00000140   Code   RO         4818    i.HAL_UART_IRQHandler  stm32f3xx_hal_uart.o
    0x08003210   0x08003210   0x0000006a   Code   RO         4819    i.HAL_UART_Init     stm32f3xx_hal_uart.o
    0x0800327a   0x0800327a   0x00000002   PAD
    0x0800327c   0x0800327c   0x00000058   Code   RO           26    i.HAL_UART_MspInit  stm32f3xx_hal_msp.o
    0x080032d4   0x080032d4   0x0000007a   Code   RO         4824    i.HAL_UART_Receive_IT  stm32f3xx_hal_uart.o
    0x0800334e   0x0800334e   0x00000002   PAD
    0x08003350   0x08003350   0x00000030   Code   RO          232    i.HAL_UART_RxCpltCallback  main.o
    0x08003380   0x08003380   0x000000b4   Code   RO         4827    i.HAL_UART_Transmit  stm32f3xx_hal_uart.o
    0x08003434   0x08003434   0x00000002   Code   RO         4830    i.HAL_UART_TxCpltCallback  stm32f3xx_hal_uart.o
    0x08003436   0x08003436   0x00000002   PAD
    0x08003438   0x08003438   0x00000048   Code   RO          476    i.LiquidCrystal     liquidcrystal.o
    0x08003480   0x08003480   0x0000006c   Code   RO          233    i.MX_ADC1_Init      main.o
    0x080034ec   0x080034ec   0x0000006c   Code   RO          234    i.MX_ADC3_Init      main.o
    0x08003558   0x08003558   0x0000005c   Code   RO          235    i.MX_ADC4_Init      main.o
    0x080035b4   0x080035b4   0x000001e0   Code   RO          236    i.MX_GPIO_Init      main.o
    0x08003794   0x08003794   0x00000050   Code   RO          237    i.MX_I2C1_Init      main.o
    0x080037e4   0x080037e4   0x00000048   Code   RO          238    i.MX_SPI1_Init      main.o
    0x0800382c   0x0800382c   0x000000d4   Code   RO          239    i.MX_TIM1_Init      main.o
    0x08003900   0x08003900   0x00000088   Code   RO          240    i.MX_TIM2_Init      main.o
    0x08003988   0x08003988   0x00000088   Code   RO          241    i.MX_TIM3_Init      main.o
    0x08003a10   0x08003a10   0x00000058   Code   RO          242    i.MX_TIM4_Init      main.o
    0x08003a68   0x08003a68   0x000000c8   Code   RO          243    i.MX_TIM8_Init      main.o
    0x08003b30   0x08003b30   0x00000038   Code   RO          244    i.MX_USART2_UART_Init  main.o
    0x08003b68   0x08003b68   0x00000020   Code   RO         3027    i.NVIC_SetPriority  stm32f3xx_hal_cortex.o
    0x08003b88   0x08003b88   0x0000000e   Code   RO          348    i.SysTick_Handler   stm32f3xx_it.o
    0x08003b96   0x08003b96   0x00000002   PAD
    0x08003b98   0x08003b98   0x00000098   Code   RO          245    i.SystemClock_Config  main.o
    0x08003c30   0x08003c30   0x00000068   Code   RO         5154    i.SystemInit        system_stm32f3xx.o
    0x08003c98   0x08003c98   0x00000250   Code   RO          349    i.TIM2_IRQHandler   stm32f3xx_it.o
    0x08003ee8   0x08003ee8   0x0000001c   Code   RO          350    i.TIM3_IRQHandler   stm32f3xx_it.o
    0x08003f04   0x08003f04   0x00000140   Code   RO          351    i.TIM4_IRQHandler   stm32f3xx_it.o
    0x08004044   0x08004044   0x000000b0   Code   RO         3967    i.TIM_Base_SetConfig  stm32f3xx_hal_tim.o
    0x080040f4   0x080040f4   0x00000016   Code   RO         3968    i.TIM_CCxChannelCmd  stm32f3xx_hal_tim.o
    0x0800410a   0x0800410a   0x00000014   Code   RO         3974    i.TIM_ETR_SetConfig  stm32f3xx_hal_tim.o
    0x0800411e   0x0800411e   0x00000010   Code   RO         3975    i.TIM_ITRx_SetConfig  stm32f3xx_hal_tim.o
    0x0800412e   0x0800412e   0x00000002   PAD
    0x08004130   0x08004130   0x0000009c   Code   RO         3976    i.TIM_OC1_SetConfig  stm32f3xx_hal_tim.o
    0x080041cc   0x080041cc   0x00000090   Code   RO         3977    i.TIM_OC2_SetConfig  stm32f3xx_hal_tim.o
    0x0800425c   0x0800425c   0x00000090   Code   RO         3978    i.TIM_OC3_SetConfig  stm32f3xx_hal_tim.o
    0x080042ec   0x080042ec   0x00000074   Code   RO         3979    i.TIM_OC4_SetConfig  stm32f3xx_hal_tim.o
    0x08004360   0x08004360   0x00000070   Code   RO         1598    i.TIM_OC5_SetConfig  stm32f3xx_hal_tim_ex.o
    0x080043d0   0x080043d0   0x00000070   Code   RO         1599    i.TIM_OC6_SetConfig  stm32f3xx_hal_tim_ex.o
    0x08004440   0x08004440   0x00000022   Code   RO         3981    i.TIM_TI1_ConfigInputStage  stm32f3xx_hal_tim.o
    0x08004462   0x08004462   0x00000024   Code   RO         3983    i.TIM_TI2_ConfigInputStage  stm32f3xx_hal_tim.o
    0x08004486   0x08004486   0x000000c8   Code   RO         4832    i.UART_AdvFeatureConfig  stm32f3xx_hal_uart.o
    0x0800454e   0x0800454e   0x0000005c   Code   RO         4833    i.UART_CheckIdleState  stm32f3xx_hal_uart.o
    0x080045aa   0x080045aa   0x00000014   Code   RO         4834    i.UART_DMAAbortOnError  stm32f3xx_hal_uart.o
    0x080045be   0x080045be   0x0000001c   Code   RO         4844    i.UART_EndRxTransfer  stm32f3xx_hal_uart.o
    0x080045da   0x080045da   0x0000001a   Code   RO         4845    i.UART_EndTransmit_IT  stm32f3xx_hal_uart.o
    0x080045f4   0x080045f4   0x00000076   Code   RO         4847    i.UART_Receive_IT   stm32f3xx_hal_uart.o
    0x0800466a   0x0800466a   0x00000002   PAD
    0x0800466c   0x0800466c   0x000001d4   Code   RO         4848    i.UART_SetConfig    stm32f3xx_hal_uart.o
    0x08004840   0x08004840   0x00000064   Code   RO         4849    i.UART_Transmit_IT  stm32f3xx_hal_uart.o
    0x080048a4   0x080048a4   0x00000064   Code   RO         4850    i.UART_WaitOnFlagUntilTimeout  stm32f3xx_hal_uart.o
    0x08004908   0x08004908   0x0000000c   Code   RO          352    i.USART2_IRQHandler  stm32f3xx_it.o
    0x08004914   0x08004914   0x00000002   Code   RO         1130    i.U_bouns_create    uartutil.o
    0x08004916   0x08004916   0x00000002   Code   RO         1131    i.U_bouns_remove    uartutil.o
    0x08004918   0x08004918   0x00000020   Code   RO         1132    i.U_create_plant    uartutil.o
    0x08004938   0x08004938   0x00000020   Code   RO         1133    i.U_create_zombie   uartutil.o
    0x08004958   0x08004958   0x00000002   Code   RO         1135    i.U_ligth           uartutil.o
    0x0800495a   0x0800495a   0x00000002   PAD
    0x0800495c   0x0800495c   0x00000028   Code   RO         1136    i.U_move_zombie     uartutil.o
    0x08004984   0x08004984   0x00000018   Code   RO         1137    i.U_remove_plant    uartutil.o
    0x0800499c   0x0800499c   0x0000001c   Code   RO         1138    i.U_remove_zombie   uartutil.o
    0x080049b8   0x080049b8   0x00000010   Code   RO         1139    i.U_round           uartutil.o
    0x080049c8   0x080049c8   0x00000154   Code   RO         1140    i.U_save_game       uartutil.o
    0x08004b1c   0x08004b1c   0x00000010   Code   RO         1141    i.U_score           uartutil.o
    0x08004b2c   0x08004b2c   0x00000070   Code   RO         1142    i.U_send_state      uartutil.o
    0x08004b9c   0x08004b9c   0x00000010   Code   RO         1143    i.U_set_life        uartutil.o
    0x08004bac   0x08004bac   0x00000030   Code   RO         1144    i.U_time            uartutil.o
    0x08004bdc   0x08004bdc   0x00000020   Code   RO         5314    i.__0printf$4       mc_w.l(printf4.o)
    0x08004bfc   0x08004bfc   0x00000008   Code   RO         5493    i.__aeabi_errno_addr  mc_w.l(errno.o)
    0x08004c04   0x08004c04   0x00000124   Code   RO          716    i.__numPrint        7segment.o
    0x08004d28   0x08004d28   0x0000000e   Code   RO         5553    i.__scatterload_copy  mc_w.l(handlers.o)
    0x08004d36   0x08004d36   0x00000002   Code   RO         5554    i.__scatterload_null  mc_w.l(handlers.o)
    0x08004d38   0x08004d38   0x0000000e   Code   RO         5555    i.__scatterload_zeroinit  mc_w.l(handlers.o)
    0x08004d46   0x08004d46   0x00000002   PAD
    0x08004d48   0x08004d48   0x0000022c   Code   RO         5321    i._printf_core      mc_w.l(printf4.o)
    0x08004f74   0x08004f74   0x00000010   Code   RO         1318    i.addTime           time.o
    0x08004f84   0x08004f84   0x00000028   Code   RO          913    i.add_blink_row     lcdutill.o
    0x08004fac   0x08004fac   0x00000010   Code   RO         1082    i.add_score         player.o
    0x08004fbc   0x08004fbc   0x0000001c   Code   RO          914    i.add_wink          lcdutill.o
    0x08004fd8   0x08004fd8   0x00000138   Code   RO          478    i.begin             liquidcrystal.o
    0x08005110   0x08005110   0x00000018   Code   RO          479    i.blink             liquidcrystal.o
    0x08005128   0x08005128   0x00000030   Code   RO          752    i.check_bonus       object.o
    0x08005158   0x08005158   0x00000012   Code   RO          480    i.clear             liquidcrystal.o
    0x0800516a   0x0800516a   0x00000002   PAD
    0x0800516c   0x0800516c   0x00000028   Code   RO          915    i.clear_lcd         lcdutill.o
    0x08005194   0x08005194   0x00000006   Code   RO          644    i.command           liquidcrystal.o
    0x0800519a   0x0800519a   0x00000024   Code   RO          481    i.createChar        liquidcrystal.o
    0x080051be   0x080051be   0x00000002   PAD
    0x080051c0   0x080051c0   0x0000006c   Code   RO          753    i.create_bonus      object.o
    0x0800522c   0x0800522c   0x000000b8   Code   RO          754    i.create_plant      object.o
    0x080052e4   0x080052e4   0x000000b8   Code   RO          756    i.create_zombie     object.o
    0x0800539c   0x0800539c   0x0000000c   Code   RO          916    i.disable_blink     lcdutill.o
    0x080053a8   0x080053a8   0x00000018   Code   RO          483    i.display           liquidcrystal.o
    0x080053c0   0x080053c0   0x000000ac   Code   RO          484    i.enableClock       liquidcrystal.o
    0x0800546c   0x0800546c   0x0000000c   Code   RO          918    i.enable_blink      lcdutill.o
    0x08005478   0x08005478   0x0000000c   Code   RO          919    i.enable_wink       lcdutill.o
    0x08005484   0x08005484   0x00000114   Code   RO         1145    i.fill_buffer       uartutil.o
    0x08005598   0x08005598   0x00000018   Code   RO         1146    i.fputc             uartutil.o
    0x080055b0   0x080055b0   0x0000004c   Code   RO          664    i.getRand           utill.o
    0x080055fc   0x080055fc   0x0000000c   Code   RO         1319    i.getTime           time.o
    0x08005608   0x08005608   0x0000000c   Code   RO          920    i.get_blink_column  lcdutill.o
    0x08005614   0x08005614   0x0000000c   Code   RO          921    i.get_blink_row     lcdutill.o
    0x08005620   0x08005620   0x00000094   Code   RO          757    i.get_bonus_point   object.o
    0x080056b4   0x080056b4   0x00000018   Code   RO          665    i.get_boolean       utill.o
    0x080056cc   0x080056cc   0x0000000c   Code   RO         1320    i.get_game_time     time.o
    0x080056d8   0x080056d8   0x0000000c   Code   RO         1083    i.get_hp            player.o
    0x080056e4   0x080056e4   0x0000000c   Code   RO          758    i.get_last_use_plant_time  object.o
    0x080056f0   0x080056f0   0x0000000c   Code   RO         1321    i.get_level_time    time.o
    0x080056fc   0x080056fc   0x00000028   Code   RO         1262    i.get_name          keypadutil.o
    0x08005724   0x08005724   0x00000010   Code   RO          759    i.get_plant         object.o
    0x08005734   0x08005734   0x00000054   Code   RO          760    i.get_plant_enable  object.o
    0x08005788   0x08005788   0x0000000c   Code   RO          761    i.get_plant_size    object.o
    0x08005794   0x08005794   0x0000000c   Code   RO         1084    i.get_score         player.o
    0x080057a0   0x080057a0   0x0000000c   Code   RO         1291    i.get_state         state.o
    0x080057ac   0x080057ac   0x00000028   Code   RO          762    i.get_zombie        object.o
    0x080057d4   0x080057d4   0x0000000c   Code   RO          763    i.get_zombie_size   object.o
    0x080057e0   0x080057e0   0x00000050   Code   RO          486    i.init              liquidcrystal.o
    0x08005830   0x08005830   0x0000000c   Code   RO          922    i.is_blink_enable   lcdutill.o
    0x0800583c   0x0800583c   0x00000002   Code   RO         1147    i.load              uartutil.o
    0x0800583e   0x0800583e   0x00000002   PAD
    0x08005840   0x08005840   0x00000018   Code   RO         1085    i.lost_hp           player.o
    0x08005858   0x08005858   0x00000124   Code   RO          247    i.main              main.o
    0x0800597c   0x0800597c   0x00000008   Code   RO          666    i.min               utill.o
    0x08005984   0x08005984   0x0000002c   Code   RO          764    i.move_all_zombies  object.o
    0x080059b0   0x080059b0   0x0000012c   Code   RO          765    i.move_zombie       object.o
    0x08005adc   0x08005adc   0x00000018   Code   RO          489    i.noBlink           liquidcrystal.o
    0x08005af4   0x08005af4   0x0000000c   Code   RO          717    i.numPrint          7segment.o
    0x08005b00   0x08005b00   0x00000088   Code   RO         1263    i.press_keypad      keypadutil.o
    0x08005b88   0x08005b88   0x00000028   Code   RO          492    i.print             liquidcrystal.o
    0x08005bb0   0x08005bb0   0x00000034   Code   RO          766    i.print_all_plant   object.o
    0x08005be4   0x08005be4   0x0000002c   Code   RO          767    i.print_all_zombies  object.o
    0x08005c10   0x08005c10   0x00000034   Code   RO          768    i.print_bonus       object.o
    0x08005c44   0x08005c44   0x00000010   Code   RO          769    i.print_plant       object.o
    0x08005c54   0x08005c54   0x0000002a   Code   RO          770    i.print_zombie      object.o
    0x08005c7e   0x08005c7e   0x00000002   PAD
    0x08005c80   0x08005c80   0x0000003c   Code   RO          493    i.pulseEnable       liquidcrystal.o
    0x08005cbc   0x08005cbc   0x00000084   Code   RO          718    i.refresh_7seg      7segment.o
    0x08005d40   0x08005d40   0x00000098   Code   RO         1044    i.refresh_led       led.o
    0x08005dd8   0x08005dd8   0x00000068   Code   RO          923    i.refresh_wink      lcdutill.o
    0x08005e40   0x08005e40   0x00000064   Code   RO          771    i.removeZombie      object.o
    0x08005ea4   0x08005ea4   0x00000034   Code   RO          772    i.remove_bonus      object.o
    0x08005ed8   0x08005ed8   0x00000064   Code   RO          773    i.remove_plant      object.o
    0x08005f3c   0x08005f3c   0x0000001c   Code   RO          925    i.remove_wink       lcdutill.o
    0x08005f58   0x08005f58   0x00000014   Code   RO         1264    i.reset_keypad      keypadutil.o
    0x08005f6c   0x08005f6c   0x00000044   Code   RO          497    i.send              liquidcrystal.o
    0x08005fb0   0x08005fb0   0x00000028   Code   RO          498    i.setCursor         liquidcrystal.o
    0x08005fd8   0x08005fd8   0x00000068   Code   RO          667    i.setRandomCount    utill.o
    0x08006040   0x08006040   0x00000014   Code   RO          499    i.setRowOffsets     liquidcrystal.o
    0x08006054   0x08006054   0x0000001c   Code   RO         1045    i.set_area_ligth    led.o
    0x08006070   0x08006070   0x00000018   Code   RO          926    i.set_blink_column  lcdutill.o
    0x08006088   0x08006088   0x00000018   Code   RO          927    i.set_blink_row     lcdutill.o
    0x080060a0   0x080060a0   0x00000010   Code   RO         1046    i.set_enable        led.o
    0x080060b0   0x080060b0   0x0000000c   Code   RO         1322    i.set_game_time     time.o
    0x080060bc   0x080060bc   0x0000000c   Code   RO         1323    i.set_level_time    time.o
    0x080060c8   0x080060c8   0x0000000c   Code   RO         1292    i.set_state         state.o
    0x080060d4   0x080060d4   0x0000000c   Code   RO         1293    i.set_state_without_uart  state.o
    0x080060e0   0x080060e0   0x000000ec   Code   RO          353    i.showDemo          stm32f3xx_it.o
    0x080061cc   0x080061cc   0x00000040   Code   RO          354    i.show_about        stm32f3xx_it.o
    0x0800620c   0x0800620c   0x0000009c   Code   RO          928    i.show_blink        lcdutill.o
    0x080062a8   0x080062a8   0x0000004c   Code   RO          355    i.show_game_over    stm32f3xx_it.o
    0x080062f4   0x080062f4   0x0000006c   Code   RO          356    i.show_menu         stm32f3xx_it.o
    0x08006360   0x08006360   0x00000022   Code   RO          668    i.startWith         utill.o
    0x08006382   0x08006382   0x00000002   PAD
    0x08006384   0x08006384   0x0000000c   Code   RO          775    i.start_plant_timer  object.o
    0x08006390   0x08006390   0x0000001a   Code   RO          669    i.substr            utill.o
    0x080063aa   0x080063aa   0x0000000c   Code   RO          649    i.write             liquidcrystal.o
    0x080063b6   0x080063b6   0x00000002   PAD
    0x080063b8   0x080063b8   0x00000034   Code   RO          500    i.write4bits        liquidcrystal.o
    0x080063ec   0x080063ec   0x00000034   Code   RO          501    i.write8bits        liquidcrystal.o
    0x08006420   0x08006420   0x00000044   Code   RO          929    i.write_lcd         lcdutill.o
    0x08006464   0x08006464   0x0000002d   Data   RO         1266    .constdata          keypadutil.o
    0x08006491   0x08006491   0x00000020   Data   RO         2815    .constdata          stm32f3xx_hal_rcc.o
    0x080064b1   0x080064b1   0x00000010   Data   RO         5155    .constdata          system_stm32f3xx.o
    0x080064c1   0x080064c1   0x00000008   Data   RO         5156    .constdata          system_stm32f3xx.o
    0x080064c9   0x080064c9   0x00000081   Data   RO         5520    .constdata          mc_w.l(ctype_o.o)
    0x0800654a   0x0800654a   0x00000002   PAD
    0x0800654c   0x0800654c   0x00000004   Data   RO         5521    .constdata          mc_w.l(ctype_o.o)
    0x08006550   0x08006550   0x00000020   Data   RO         5551    Region$$Table       anon$$obj.o


    Execution Region RW_IRAM1 (Exec base: 0x20000000, Load base: 0x08006570, Size: 0x00000f78, Max: 0x0000a000, ABSOLUTE)

    Exec Addr    Load Addr    Size         Type   Attr      Idx    E Section Name        Object

    0x20000000   0x08006570   0x00000004   Data   RW           27    .data               stm32f3xx_hal_msp.o
    0x20000004   0x08006574   0x00000041   Data   RW          249    .data               main.o
    0x20000045   0x080065b5   0x00000003   PAD
    0x20000048   0x080065b8   0x00000010   Data   RW          358    .data               stm32f3xx_it.o
    0x20000058   0x080065c8   0x00000014   Data   RW          503    .data               liquidcrystal.o
    0x2000006c   0x080065dc   0x00000004   PAD
    0x20000070   0x080065e0   0x00000010   Data   RW          671    .data               utill.o
    0x20000080   0x080065f0   0x00000004   Data   RW          719    .data               7segment.o
    0x20000084   0x080065f4   0x00000010   Data   RW          781    .data               object.o
    0x20000094   0x08006604   0x00000014   Data   RW          933    .data               lcdutill.o
    0x200000a8   0x08006618   0x00000001   Data   RW         1048    .data               led.o
    0x200000a9   0x08006619   0x00000003   PAD
    0x200000ac   0x0800661c   0x00000008   Data   RW         1088    .data               player.o
    0x200000b4   0x08006624   0x00000008   Data   RW         1150    .data               uartutil.o
    0x200000bc   0x0800662c   0x00000008   Data   RW         1267    .data               keypadutil.o
    0x200000c4   0x08006634   0x00000001   Data   RW         1294    .data               state.o
    0x200000c5   0x08006635   0x00000003   PAD
    0x200000c8   0x08006638   0x0000000c   Data   RW         1324    .data               time.o
    0x200000d4   0x08006644   0x0000000c   Data   RW         2328    .data               stm32f3xx_hal.o
    0x200000e0   0x08006650   0x00000004   Data   RW         5157    .data               system_stm32f3xx.o
    0x200000e4   0x08006654   0x00000004   Data   RW         5488    .data               mc_w.l(stdout.o)
    0x200000e8   0x08006658   0x00000004   Data   RW         5496    .data               mc_w.l(errno.o)
    0x200000ec        -       0x00000704   Zero   RW          248    .bss                main.o
    0x200007f0        -       0x00000028   Zero   RW          357    .bss                stm32f3xx_it.o
    0x20000818        -       0x00000010   Zero   RW          502    .bss                liquidcrystal.o
    0x20000828        -       0x00000140   Zero   RW          670    .bss                utill.o
    0x20000968        -       0x000000e8   Zero   RW          776    .bss                object.o
    0x20000a50        -       0x000000a0   Zero   RW          930    .bss                lcdutill.o
    0x20000af0        -       0x0000000b   Zero   RW         1047    .bss                led.o
    0x20000afb        -       0x00000064   Zero   RW         1148    .bss                uartutil.o
    0x20000b5f        -       0x00000013   Zero   RW         1265    .bss                keypadutil.o
    0x20000b72   0x0800665c   0x00000006   PAD
    0x20000b78        -       0x00000400   Zero   RW            1    STACK               startup_stm32f303xc.o


==============================================================================

Image component sizes


      Code (inc. data)   RO Data    RW Data    ZI Data      Debug   Object Name

       436         34          0          4          0       2582   7segment.o
       196         26         45          8         19       2770   keypadutil.o
       584         90          0         20        160       9908   lcdutill.o
       196         36          0          1         11       2434   led.o
      1112        106          0         20         16      13622   liquidcrystal.o
      2260        170          0         65       1796      12876   main.o
      1662        142          0         16        232      15244   object.o
        64         20          0          8          0       2254   player.o
        36          8        392          0       1024        872   startup_stm32f303xc.o
        36         16          0          1          0       1777   state.o
       164         28          0         12          0       4237   stm32f3xx_hal.o
         6          0          0          0          0       2190   stm32f3xx_hal_adc.o
      3176        126          0          0          0      11928   stm32f3xx_hal_adc_ex.o
       228         14          0          0          0      32485   stm32f3xx_hal_cortex.o
        74          0          0          0          0       1155   stm32f3xx_hal_dma.o
       438         34          0          0          0       4443   stm32f3xx_hal_gpio.o
       184          6          0          0          0       3063   stm32f3xx_hal_i2c.o
       168          0          0          0          0       2031   stm32f3xx_hal_i2c_ex.o
      1016        116          0          4          0     654770   stm32f3xx_hal_msp.o
       166          0          0          0          0       1537   stm32f3xx_hal_pcd.o
      2052         80         32          0          0       6612   stm32f3xx_hal_rcc.o
       536         14          0          0          0       1672   stm32f3xx_hal_rcc_ex.o
       182          0          0          0          0       1327   stm32f3xx_hal_spi.o
      1736        156          0          0          0      17150   stm32f3xx_hal_tim.o
       762         70          0          0          0       6713   stm32f3xx_hal_tim_ex.o
      1884         58          0          0          0      13095   stm32f3xx_hal_uart.o
         2          0          0          0          0       1008   stm32f3xx_hal_uart_ex.o
      2640        238          0         16         40      12529   stm32f3xx_it.o
       104         22         24          4          0       1271   system_stm32f3xx.o
        76         34          0         12          0       3338   time.o
      1012        320          0          8        100      10921   uartutil.o
       272         26          0         16        320       4479   utill.o

    ----------------------------------------------------------------------
     23508       1990        525        228       3724     862293   Object Totals
         0          0         32          0          0          0   (incl. Generated)
        48          0          0         13          6          0   (incl. Padding)

    ----------------------------------------------------------------------

      Code (inc. data)   RO Data    RW Data    ZI Data      Debug   Library Member Name

        28          0          0          0          0         68   _chval.o
       158          0          0          0          0         92   _strtoul.o
        26          0          0          0          0         80   atoi.o
         8          4        133          0          0         68   ctype_o.o
         0          0          0          0          0          0   entry.o
         0          0          0          0          0          0   entry10a.o
         0          0          0          0          0          0   entry11a.o
         8          4          0          0          0          0   entry2.o
         4          0          0          0          0          0   entry5.o
         0          0          0          0          0          0   entry7b.o
         0          0          0          0          0          0   entry8b.o
         8          4          0          0          0          0   entry9a.o
         8          4          0          4          0         68   errno.o
        30          0          0          0          0          0   handlers.o
        36          8          0          0          0         68   init.o
         0          0          0          0          0          0   iusefp.o
        30          0          0          0          0         68   llshl.o
        32          0          0          0          0         68   llushr.o
       588         14          0          0          0        184   printf4.o
         0          0          0          4          0          0   stdout.o
        28          0          0          0          0         76   strcmp.o
        18          0          0          0          0         68   strcpy.o
        14          0          0          0          0         68   strlen.o
       112          0          0          0          0         88   strtol.o
        98          0          0          0          0         92   uldiv.o
        48          0          0          0          0         68   cdcmple.o
       186          0          0          0          0        176   depilogue.o
        62          0          0          0          0         80   dfixi.o
        34          0          0          0          0         76   dflti.o
       228          0          0          0          0         96   dmul.o

    ----------------------------------------------------------------------
      1800         38        135          8          0       1652   Library Totals
         8          0          2          0          0          0   (incl. Padding)

    ----------------------------------------------------------------------

      Code (inc. data)   RO Data    RW Data    ZI Data      Debug   Library Name

      1234         38        133          8          0       1156   mc_w.l
       558          0          0          0          0        496   mf_w.l

    ----------------------------------------------------------------------
      1800         38        135          8          0       1652   Library Totals

    ----------------------------------------------------------------------

==============================================================================


      Code (inc. data)   RO Data    RW Data    ZI Data      Debug   

     25308       2028        660        236       3724     840717   Grand Totals
     25308       2028        660        236       3724     840717   ELF Image Totals
     25308       2028        660        236          0          0   ROM Totals

==============================================================================

    Total RO  Size (Code + RO Data)                25968 (  25.36kB)
    Total RW  Size (RW Data + ZI Data)              3960 (   3.87kB)
    Total ROM Size (Code + RO Data + RW Data)      26204 (  25.59kB)

==============================================================================

