<html>
<body>
<pre>
<h1>µVision Build Log</h1>
<h2>Tool Versions:</h2>
IDE-Version: µVision V5.25.2.0
Copyright (C) 2018 ARM Ltd and ARM Germany GmbH. All rights reserved.
License Information: Masoud Kermanipoor, MKP, LIC=47GFW-QXQ28-9GA70-B8QG2-AUNXR-444XT
 
Tool Versions:
Toolchain:       MDK-ARM Plus  Version: 5.25.2.0
Toolchain Path:  F:\Keil_v5\ARM\ARMCC\Bin
C Compiler:      Armcc.exe V5.06 update 6 (build 750)
Assembler:       Armasm.exe V5.06 update 6 (build 750)
Linker/Locator:  ArmLink.exe V5.06 update 6 (build 750)
Library Manager: ArmAr.exe V5.06 update 6 (build 750)
Hex Converter:   FromElf.exe V5.06 update 6 (build 750)
CPU DLL:         SARMCM3.DLL V5.25.2.0
Dialog DLL:      DCM.DLL V1.17.1.0
Target DLL:      STLink\ST-LINKIII-KEIL_SWO.dll V3.0.1.0
Dialog DLL:      TCM.DLL V1.35.1.0
 
<h2>Project:</h2>
F:\University\micro prossesor\Projects\Plants vs Zomlies - stm32f303\micro\MDK-ARM\micro.uvprojx
Project File Date:  06/10/2019

<h2>Output:</h2>
*** Using Compiler 'V5.06 update 6 (build 750)', folder: 'F:\Keil_v5\ARM\ARMCC\Bin'
Build target 'micro'
compiling stm32f3xx_it.c...
../Src/stm32f3xx_it.c(47): warning:  #68-D: integer conversion resulted in a change of sign
  const char TEMP = -1;
../Src/stm32f3xx_it.c(183): warning:  #188-D: enumerated type mixed with another type
  			HAL_GPIO_WritePin(GPIOA, GPIO_PIN_15, 0);
../Src/stm32f3xx_it.c(184): warning:  #188-D: enumerated type mixed with another type
  			HAL_GPIO_WritePin(GPIOC, GPIO_PIN_10, 0);
../Src/stm32f3xx_it.c(185): warning:  #188-D: enumerated type mixed with another type
  			HAL_GPIO_WritePin(GPIOC, GPIO_PIN_11, 0);
../Src/stm32f3xx_it.c(186): warning:  #188-D: enumerated type mixed with another type
  			HAL_GPIO_WritePin(GPIOC, GPIO_PIN_12, 0);
../Src/stm32f3xx_it.c(189): warning:  #188-D: enumerated type mixed with another type
  			HAL_GPIO_WritePin(GPIOA, GPIO_PIN_15, 1);
../Src/stm32f3xx_it.c(190): warning:  #188-D: enumerated type mixed with another type
  			HAL_GPIO_WritePin(GPIOC, GPIO_PIN_10, 0);
../Src/stm32f3xx_it.c(191): warning:  #188-D: enumerated type mixed with another type
  			HAL_GPIO_WritePin(GPIOC, GPIO_PIN_11, 0);
../Src/stm32f3xx_it.c(192): warning:  #188-D: enumerated type mixed with another type
  			HAL_GPIO_WritePin(GPIOC, GPIO_PIN_12, 0);
../Src/stm32f3xx_it.c(195): warning:  #188-D: enumerated type mixed with another type
  			HAL_GPIO_WritePin(GPIOA, GPIO_PIN_15, 0);
../Src/stm32f3xx_it.c(196): warning:  #188-D: enumerated type mixed with another type
  			HAL_GPIO_WritePin(GPIOC, GPIO_PIN_10, 1);
../Src/stm32f3xx_it.c(197): warning:  #188-D: enumerated type mixed with another type
  			HAL_GPIO_WritePin(GPIOC, GPIO_PIN_11, 0);
../Src/stm32f3xx_it.c(198): warning:  #188-D: enumerated type mixed with another type
  			HAL_GPIO_WritePin(GPIOC, GPIO_PIN_12, 0);
../Src/stm32f3xx_it.c(201): warning:  #188-D: enumerated type mixed with another type
  			HAL_GPIO_WritePin(GPIOA, GPIO_PIN_15, 1);
../Src/stm32f3xx_it.c(202): warning:  #188-D: enumerated type mixed with another type
  			HAL_GPIO_WritePin(GPIOC, GPIO_PIN_10, 1);
../Src/stm32f3xx_it.c(203): warning:  #188-D: enumerated type mixed with another type
  			HAL_GPIO_WritePin(GPIOC, GPIO_PIN_11, 0);
../Src/stm32f3xx_it.c(204): warning:  #188-D: enumerated type mixed with another type
  			HAL_GPIO_WritePin(GPIOC, GPIO_PIN_12, 0);
../Src/stm32f3xx_it.c(207): warning:  #188-D: enumerated type mixed with another type
  			HAL_GPIO_WritePin(GPIOA, GPIO_PIN_15, 0);
../Src/stm32f3xx_it.c(208): warning:  #188-D: enumerated type mixed with another type
  			HAL_GPIO_WritePin(GPIOC, GPIO_PIN_10, 0);
../Src/stm32f3xx_it.c(209): warning:  #188-D: enumerated type mixed with another type
  			HAL_GPIO_WritePin(GPIOC, GPIO_PIN_11, 1);
../Src/stm32f3xx_it.c(210): warning:  #188-D: enumerated type mixed with another type
  			HAL_GPIO_WritePin(GPIOC, GPIO_PIN_12, 0);
../Src/stm32f3xx_it.c(213): warning:  #188-D: enumerated type mixed with another type
  			HAL_GPIO_WritePin(GPIOA, GPIO_PIN_15, 1);
../Src/stm32f3xx_it.c(214): warning:  #188-D: enumerated type mixed with another type
  			HAL_GPIO_WritePin(GPIOC, GPIO_PIN_10, 0);
../Src/stm32f3xx_it.c(215): warning:  #188-D: enumerated type mixed with another type
  			HAL_GPIO_WritePin(GPIOC, GPIO_PIN_11, 1);
../Src/stm32f3xx_it.c(216): warning:  #188-D: enumerated type mixed with another type
  			HAL_GPIO_WritePin(GPIOC, GPIO_PIN_12, 0);
../Src/stm32f3xx_it.c(219): warning:  #188-D: enumerated type mixed with another type
  			HAL_GPIO_WritePin(GPIOA, GPIO_PIN_15, 0);
../Src/stm32f3xx_it.c(220): warning:  #188-D: enumerated type mixed with another type
  			HAL_GPIO_WritePin(GPIOC, GPIO_PIN_10, 1);
../Src/stm32f3xx_it.c(221): warning:  #188-D: enumerated type mixed with another type
  			HAL_GPIO_WritePin(GPIOC, GPIO_PIN_11, 1);
../Src/stm32f3xx_it.c(222): warning:  #188-D: enumerated type mixed with another type
  			HAL_GPIO_WritePin(GPIOC, GPIO_PIN_12, 0);
../Src/stm32f3xx_it.c(225): warning:  #188-D: enumerated type mixed with another type
  			HAL_GPIO_WritePin(GPIOA, GPIO_PIN_15, 1);
../Src/stm32f3xx_it.c(226): warning:  #188-D: enumerated type mixed with another type
  			HAL_GPIO_WritePin(GPIOC, GPIO_PIN_10, 1);
../Src/stm32f3xx_it.c(227): warning:  #188-D: enumerated type mixed with another type
  			HAL_GPIO_WritePin(GPIOC, GPIO_PIN_11, 1);
../Src/stm32f3xx_it.c(228): warning:  #188-D: enumerated type mixed with another type
  			HAL_GPIO_WritePin(GPIOC, GPIO_PIN_12, 0);
../Src/stm32f3xx_it.c(231): warning:  #188-D: enumerated type mixed with another type
  			HAL_GPIO_WritePin(GPIOA, GPIO_PIN_15, 0);
../Src/stm32f3xx_it.c(232): warning:  #188-D: enumerated type mixed with another type
  			HAL_GPIO_WritePin(GPIOC, GPIO_PIN_10, 0);
../Src/stm32f3xx_it.c(233): warning:  #188-D: enumerated type mixed with another type
  			HAL_GPIO_WritePin(GPIOC, GPIO_PIN_11, 0);
../Src/stm32f3xx_it.c(234): warning:  #188-D: enumerated type mixed with another type
  			HAL_GPIO_WritePin(GPIOC, GPIO_PIN_12, 1);
../Src/stm32f3xx_it.c(237): warning:  #188-D: enumerated type mixed with another type
  			HAL_GPIO_WritePin(GPIOA, GPIO_PIN_15, 1);
../Src/stm32f3xx_it.c(238): warning:  #188-D: enumerated type mixed with another type
  			HAL_GPIO_WritePin(GPIOC, GPIO_PIN_10, 0);
../Src/stm32f3xx_it.c(239): warning:  #188-D: enumerated type mixed with another type
  			HAL_GPIO_WritePin(GPIOC, GPIO_PIN_11, 0);
../Src/stm32f3xx_it.c(240): warning:  #188-D: enumerated type mixed with another type
  			HAL_GPIO_WritePin(GPIOC, GPIO_PIN_12, 1);
../Src/stm32f3xx_it.c(244): warning:  #188-D: enumerated type mixed with another type
  	HAL_GPIO_WritePin(GPIOF, GPIO_PIN_6, dot!=1);
../Src/stm32f3xx_it.c(246): warning:  #188-D: enumerated type mixed with another type
  	HAL_GPIO_WritePin(GPIOA, GPIO_PIN_8, digit==0);
../Src/stm32f3xx_it.c(247): warning:  #188-D: enumerated type mixed with another type
  	HAL_GPIO_WritePin(GPIOC, GPIO_PIN_9, digit==1);
../Src/stm32f3xx_it.c(248): warning:  #188-D: enumerated type mixed with another type
  	HAL_GPIO_WritePin(GPIOA, GPIO_PIN_10, digit==2);
../Src/stm32f3xx_it.c(249): warning:  #188-D: enumerated type mixed with another type
  	HAL_GPIO_WritePin(GPIOA, GPIO_PIN_9, digit==3);
../Src/stm32f3xx_it.c(432): warning:  #188-D: enumerated type mixed with another type
  	HAL_GPIO_WritePin(GPIOA, GPIO_PIN_8, 0);
../Src/stm32f3xx_it.c(433): warning:  #188-D: enumerated type mixed with another type
  	HAL_GPIO_WritePin(GPIOC, GPIO_PIN_9, 0);
../Src/stm32f3xx_it.c(434): warning:  #188-D: enumerated type mixed with another type
  	HAL_GPIO_WritePin(GPIOA, GPIO_PIN_10, 0);
../Src/stm32f3xx_it.c(435): warning:  #188-D: enumerated type mixed with another type
  	HAL_GPIO_WritePin(GPIOA, GPIO_PIN_9, 0);
../Src/stm32f3xx_it.c: 50 warnings, 0 errors
linking...
Program Size: Code=15792 RO-data=480 RW-data=132 ZI-data=2828  
"micro\micro.axf" - 0 Error(s), 50 Warning(s).

<h2>Software Packages used:</h2>

Package Vendor: ARM
                http://www.keil.com/pack/ARM.CMSIS.5.3.0.pack
                ARM.CMSIS.5.3.0
                CMSIS (Cortex Microcontroller Software Interface Standard)
   * Component: CORE Version: 5.1.1

Package Vendor: Keil
                http://www.keil.com/pack/Keil.STM32F3xx_DFP.2.1.0.pack
                Keil.STM32F3xx_DFP.2.1.0
                STMicroelectronics STM32F3 Series Device Support and Examples

<h2>Collection of Component include folders:</h2>
  .\RTE\_micro
  F:\Keil_v5\ARM\PACK\ARM\CMSIS\5.3.0\CMSIS\Include
  F:\Keil_v5\ARM\PACK\Keil\STM32F3xx_DFP\2.1.0\Drivers\CMSIS\Device\ST\STM32F3xx\Include

<h2>Collection of Component Files used:</h2>

   * Component: ARM::CMSIS:CORE:5.1.1
Build Time Elapsed:  00:00:07
</pre>
</body>
</html>
