Component: ARM Compiler 5.06 update 6 (build 750) Tool: armlink [4d35ed]

==============================================================================

Section Cross References

    startup_stm32f303xc.o(RESET) refers to startup_stm32f303xc.o(STACK) for __initial_sp
    startup_stm32f303xc.o(RESET) refers to startup_stm32f303xc.o(.text) for Reset_Handler
    startup_stm32f303xc.o(RESET) refers to stm32f3xx_it.o(i.SysTick_Handler) for SysTick_Handler
    startup_stm32f303xc.o(RESET) refers to stm32f3xx_it.o(i.EXTI0_IRQHandler) for EXTI0_IRQHandler
    startup_stm32f303xc.o(RESET) refers to stm32f3xx_it.o(i.EXTI3_IRQHandler) for EXTI3_IRQHandler
    startup_stm32f303xc.o(RESET) refers to stm32f3xx_it.o(i.EXTI4_IRQHandler) for EXTI4_IRQHandler
    startup_stm32f303xc.o(RESET) refers to stm32f3xx_it.o(i.ADC1_2_IRQHandler) for ADC1_2_IRQHandler
    startup_stm32f303xc.o(RESET) refers to stm32f3xx_it.o(i.EXTI9_5_IRQHandler) for EXTI9_5_IRQHandler
    startup_stm32f303xc.o(RESET) refers to stm32f3xx_it.o(i.TIM2_IRQHandler) for TIM2_IRQHandler
    startup_stm32f303xc.o(RESET) refers to stm32f3xx_it.o(i.TIM3_IRQHandler) for TIM3_IRQHandler
    startup_stm32f303xc.o(RESET) refers to stm32f3xx_it.o(i.TIM4_IRQHandler) for TIM4_IRQHandler
    startup_stm32f303xc.o(RESET) refers to stm32f3xx_it.o(i.USART2_IRQHandler) for USART2_IRQHandler
    startup_stm32f303xc.o(RESET) refers to stm32f3xx_it.o(i.ADC3_IRQHandler) for ADC3_IRQHandler
    startup_stm32f303xc.o(RESET) refers to stm32f3xx_it.o(i.ADC4_IRQHandler) for ADC4_IRQHandler
    startup_stm32f303xc.o(.text) refers to system_stm32f3xx.o(i.SystemInit) for SystemInit
    startup_stm32f303xc.o(.text) refers to entry.o(.ARM.Collect$$$$00000000) for __main
    stm32f3xx_hal_msp.o(i.HAL_ADC_MspDeInit) refers to stm32f3xx_hal_gpio.o(i.HAL_GPIO_DeInit) for HAL_GPIO_DeInit
    stm32f3xx_hal_msp.o(i.HAL_ADC_MspDeInit) refers to stm32f3xx_hal_cortex.o(i.HAL_NVIC_DisableIRQ) for HAL_NVIC_DisableIRQ
    stm32f3xx_hal_msp.o(i.HAL_ADC_MspInit) refers to stm32f3xx_hal_gpio.o(i.HAL_GPIO_Init) for HAL_GPIO_Init
    stm32f3xx_hal_msp.o(i.HAL_ADC_MspInit) refers to stm32f3xx_hal_cortex.o(i.HAL_NVIC_SetPriority) for HAL_NVIC_SetPriority
    stm32f3xx_hal_msp.o(i.HAL_ADC_MspInit) refers to stm32f3xx_hal_cortex.o(i.HAL_NVIC_EnableIRQ) for HAL_NVIC_EnableIRQ
    stm32f3xx_hal_msp.o(i.HAL_ADC_MspInit) refers to stm32f3xx_hal_msp.o(.data) for .data
    stm32f3xx_hal_msp.o(i.HAL_I2C_MspDeInit) refers to stm32f3xx_hal_gpio.o(i.HAL_GPIO_DeInit) for HAL_GPIO_DeInit
    stm32f3xx_hal_msp.o(i.HAL_I2C_MspInit) refers to stm32f3xx_hal_gpio.o(i.HAL_GPIO_Init) for HAL_GPIO_Init
    stm32f3xx_hal_msp.o(i.HAL_MspInit) refers to stm32f3xx_hal_cortex.o(i.HAL_NVIC_SetPriorityGrouping) for HAL_NVIC_SetPriorityGrouping
    stm32f3xx_hal_msp.o(i.HAL_MspInit) refers to stm32f3xx_hal_cortex.o(i.HAL_NVIC_SetPriority) for HAL_NVIC_SetPriority
    stm32f3xx_hal_msp.o(i.HAL_PCD_MspDeInit) refers to stm32f3xx_hal_gpio.o(i.HAL_GPIO_DeInit) for HAL_GPIO_DeInit
    stm32f3xx_hal_msp.o(i.HAL_PCD_MspInit) refers to stm32f3xx_hal_gpio.o(i.HAL_GPIO_Init) for HAL_GPIO_Init
    stm32f3xx_hal_msp.o(i.HAL_SPI_MspDeInit) refers to stm32f3xx_hal_gpio.o(i.HAL_GPIO_DeInit) for HAL_GPIO_DeInit
    stm32f3xx_hal_msp.o(i.HAL_SPI_MspInit) refers to stm32f3xx_hal_gpio.o(i.HAL_GPIO_Init) for HAL_GPIO_Init
    stm32f3xx_hal_msp.o(i.HAL_TIM_Base_MspDeInit) refers to stm32f3xx_hal_cortex.o(i.HAL_NVIC_DisableIRQ) for HAL_NVIC_DisableIRQ
    stm32f3xx_hal_msp.o(i.HAL_TIM_Base_MspInit) refers to stm32f3xx_hal_cortex.o(i.HAL_NVIC_SetPriority) for HAL_NVIC_SetPriority
    stm32f3xx_hal_msp.o(i.HAL_TIM_Base_MspInit) refers to stm32f3xx_hal_cortex.o(i.HAL_NVIC_EnableIRQ) for HAL_NVIC_EnableIRQ
    stm32f3xx_hal_msp.o(i.HAL_TIM_MspPostInit) refers to stm32f3xx_hal_gpio.o(i.HAL_GPIO_Init) for HAL_GPIO_Init
    stm32f3xx_hal_msp.o(i.HAL_UART_MspDeInit) refers to stm32f3xx_hal_gpio.o(i.HAL_GPIO_DeInit) for HAL_GPIO_DeInit
    stm32f3xx_hal_msp.o(i.HAL_UART_MspDeInit) refers to stm32f3xx_hal_cortex.o(i.HAL_NVIC_DisableIRQ) for HAL_NVIC_DisableIRQ
    stm32f3xx_hal_msp.o(i.HAL_UART_MspInit) refers to stm32f3xx_hal_gpio.o(i.HAL_GPIO_Init) for HAL_GPIO_Init
    stm32f3xx_hal_msp.o(i.HAL_UART_MspInit) refers to stm32f3xx_hal_cortex.o(i.HAL_NVIC_SetPriority) for HAL_NVIC_SetPriority
    stm32f3xx_hal_msp.o(i.HAL_UART_MspInit) refers to stm32f3xx_hal_cortex.o(i.HAL_NVIC_EnableIRQ) for HAL_NVIC_EnableIRQ
    main.o(i.MX_ADC1_Init) refers to stm32f3xx_hal_adc_ex.o(i.HAL_ADC_Init) for HAL_ADC_Init
    main.o(i.MX_ADC1_Init) refers to stm32f3xx_hal_adc_ex.o(i.HAL_ADCEx_MultiModeConfigChannel) for HAL_ADCEx_MultiModeConfigChannel
    main.o(i.MX_ADC1_Init) refers to stm32f3xx_hal_adc_ex.o(i.HAL_ADC_ConfigChannel) for HAL_ADC_ConfigChannel
    main.o(i.MX_ADC1_Init) refers to main.o(.bss) for .bss
    main.o(i.MX_ADC3_Init) refers to stm32f3xx_hal_adc_ex.o(i.HAL_ADC_Init) for HAL_ADC_Init
[...]
    TIM_OC6_SetConfig                        0x08004161   Thumb Code    88  stm32f3xx_hal_tim_ex.o(i.TIM_OC6_SetConfig)
    i.TIM_TI1_ConfigInputStage               0x080041d0   Section        0  stm32f3xx_hal_tim.o(i.TIM_TI1_ConfigInputStage)
    TIM_TI1_ConfigInputStage                 0x080041d1   Thumb Code    34  stm32f3xx_hal_tim.o(i.TIM_TI1_ConfigInputStage)
    i.TIM_TI2_ConfigInputStage               0x080041f2   Section        0  stm32f3xx_hal_tim.o(i.TIM_TI2_ConfigInputStage)
    TIM_TI2_ConfigInputStage                 0x080041f3   Thumb Code    36  stm32f3xx_hal_tim.o(i.TIM_TI2_ConfigInputStage)
    i.UART_AdvFeatureConfig                  0x08004216   Section        0  stm32f3xx_hal_uart.o(i.UART_AdvFeatureConfig)
    i.UART_CheckIdleState                    0x080042de   Section        0  stm32f3xx_hal_uart.o(i.UART_CheckIdleState)
    i.UART_DMAAbortOnError                   0x0800433a   Section        0  stm32f3xx_hal_uart.o(i.UART_DMAAbortOnError)
    UART_DMAAbortOnError                     0x0800433b   Thumb Code    20  stm32f3xx_hal_uart.o(i.UART_DMAAbortOnError)
    i.UART_EndRxTransfer                     0x0800434e   Section        0  stm32f3xx_hal_uart.o(i.UART_EndRxTransfer)
    UART_EndRxTransfer                       0x0800434f   Thumb Code    28  stm32f3xx_hal_uart.o(i.UART_EndRxTransfer)
    i.UART_EndTransmit_IT                    0x0800436a   Section        0  stm32f3xx_hal_uart.o(i.UART_EndTransmit_IT)
    i.UART_Receive_IT                        0x08004384   Section        0  stm32f3xx_hal_uart.o(i.UART_Receive_IT)
    i.UART_SetConfig                         0x080043fc   Section        0  stm32f3xx_hal_uart.o(i.UART_SetConfig)
    i.UART_Transmit_IT                       0x080045d0   Section        0  stm32f3xx_hal_uart.o(i.UART_Transmit_IT)
    i.UART_WaitOnFlagUntilTimeout            0x08004634   Section        0  stm32f3xx_hal_uart.o(i.UART_WaitOnFlagUntilTimeout)
    i.USART2_IRQHandler                      0x08004698   Section        0  stm32f3xx_it.o(i.USART2_IRQHandler)
    i.U_create_plant                         0x080046a4   Section        0  uartutil.o(i.U_create_plant)
    i.U_create_zombie                        0x080046c4   Section        0  uartutil.o(i.U_create_zombie)
    i.U_move_zombie                          0x080046e4   Section        0  uartutil.o(i.U_move_zombie)
    i.U_remove_plant                         0x08004714   Section        0  uartutil.o(i.U_remove_plant)
    i.U_remove_zombie                        0x08004734   Section        0  uartutil.o(i.U_remove_zombie)
    i.U_save_game                            0x08004754   Section        0  uartutil.o(i.U_save_game)
    i.__0printf$4                            0x08004904   Section        0  printf4.o(i.__0printf$4)
    i.__numPrint                             0x08004924   Section        0  7segment.o(i.__numPrint)
    i.__scatterload_copy                     0x08004a48   Section       14  handlers.o(i.__scatterload_copy)
    i.__scatterload_null                     0x08004a56   Section        2  handlers.o(i.__scatterload_null)
    i.__scatterload_zeroinit                 0x08004a58   Section       14  handlers.o(i.__scatterload_zeroinit)
    i._printf_core                           0x08004a68   Section        0  printf4.o(i._printf_core)
    _printf_core                             0x08004a69   Thumb Code   552  printf4.o(i._printf_core)
    i.addTime                                0x08004c94   Section        0  utill.o(i.addTime)
    i.add_blink_row                          0x08004ca4   Section        0  lcdutill.o(i.add_blink_row)
    i.add_score                              0x08004ccc   Section        0  player.o(i.add_score)
    i.begin                                  0x08004cdc   Section        0  liquidcrystal.o(i.begin)
    i.blink                                  0x08004e14   Section        0  liquidcrystal.o(i.blink)
    i.check_bonus                            0x08004e2c   Section        0  object.o(i.check_bonus)
    i.clear                                  0x08004e5c   Section        0  liquidcrystal.o(i.clear)
    i.clear_lcd                              0x08004e70   Section        0  lcdutill.o(i.clear_lcd)
    i.command                                0x08004e98   Section        0  liquidcrystal.o(i.command)
    i.createChar                             0x08004e9e   Section        0  liquidcrystal.o(i.createChar)
    i.create_bonus                           0x08004ec4   Section        0  object.o(i.create_bonus)
    i.create_plant                           0x08004f18   Section        0  object.o(i.create_plant)
    i.create_zombie                          0x08004fd0   Section        0  object.o(i.create_zombie)
    i.disable_blink                          0x08005088   Section        0  lcdutill.o(i.disable_blink)
    i.display                                0x08005094   Section        0  liquidcrystal.o(i.display)
    i.enableClock                            0x080050ac   Section        0  liquidcrystal.o(i.enableClock)
    i.enable_blink                           0x08005158   Section        0  lcdutill.o(i.enable_blink)
    i.fputc                                  0x08005164   Section        0  uartutil.o(i.fputc)
    i.getRand                                0x0800517c   Section        0  utill.o(i.getRand)
    i.getTime                                0x080051c8   Section        0  utill.o(i.getTime)
    i.get_blink_column                       0x080051d4   Section        0  lcdutill.o(i.get_blink_column)
    i.get_blink_row                          0x080051e0   Section        0  lcdutill.o(i.get_blink_row)
    i.get_bonus_point                        0x080051ec   Section        0  object.o(i.get_bonus_point)
    i.get_boolean                            0x08005280   Section        0  utill.o(i.get_boolean)
    i.get_hp                                 0x08005298   Section        0  player.o(i.get_hp)
    i.get_last_use_plant_time                0x080052a4   Section        0  object.o(i.get_last_use_plant_time)
    i.get_name                               0x080052b0   Section        0  keypadutil.o(i.get_name)
    i.get_plant                              0x080052d8   Section        0  object.o(i.get_plant)
    i.get_plant_enable                       0x080052e8   Section        0  object.o(i.get_plant_enable)
    i.get_plant_size                         0x0800533c   Section        0  object.o(i.get_plant_size)
    i.get_score                              0x08005348   Section        0  player.o(i.get_score)
    i.get_zombie                             0x08005354   Section        0  object.o(i.get_zombie)
    i.get_zombie_size                        0x0800537c   Section        0  object.o(i.get_zombie_size)
    i.init                                   0x08005388   Section        0  liquidcrystal.o(i.init)
    i.is_blink_enable                        0x080053d8   Section        0  lcdutill.o(i.is_blink_enable)
    i.lost_hp                                0x080053e4   Section        0  player.o(i.lost_hp)
    i.main                                   0x080053f8   Section        0  main.o(i.main)
    i.min                                    0x0800550c   Section        0  utill.o(i.min)
    i.move_all_zombies                       0x08005514   Section        0  object.o(i.move_all_zombies)
    i.move_zombie                            0x08005540   Section        0  object.o(i.move_zombie)
    i.noBlink                                0x08005614   Section        0  liquidcrystal.o(i.noBlink)
    i.numPrint                               0x0800562c   Section        0  7segment.o(i.numPrint)
    i.press_keypad                           0x08005638   Section        0  keypadutil.o(i.press_keypad)
    i.print                                  0x080056c0   Section        0  liquidcrystal.o(i.print)
    i.print_all_plant                        0x080056e8   Section        0  object.o(i.print_all_plant)
    i.print_all_zombies                      0x0800571c   Section        0  object.o(i.print_all_zombies)
    i.print_bonus                            0x08005748   Section        0  object.o(i.print_bonus)
    i.print_plant                            0x0800577c   Section        0  object.o(i.print_plant)
    i.print_zombie                           0x0800578c   Section        0  object.o(i.print_zombie)
    i.pulseEnable                            0x080057b8   Section        0  liquidcrystal.o(i.pulseEnable)
    i.refresh_7seg                           0x080057f4   Section        0  7segment.o(i.refresh_7seg)
    i.refresh_led                            0x08005878   Section        0  led.o(i.refresh_led)
    i.removeZombie                           0x08005910   Section        0  object.o(i.removeZombie)
    i.remove_bonus                           0x08005968   Section        0  object.o(i.remove_bonus)
    i.remove_plant                           0x0800597c   Section        0  object.o(i.remove_plant)
    i.reset_keypad                           0x080059d8   Section        0  keypadutil.o(i.reset_keypad)
    i.send                                   0x080059ec   Section        0  liquidcrystal.o(i.send)
    i.setCursor                              0x08005a30   Section        0  liquidcrystal.o(i.setCursor)
    i.setRandomCount                         0x08005a58   Section        0  utill.o(i.setRandomCount)
    i.setRowOffsets                          0x08005ac0   Section        0  liquidcrystal.o(i.setRowOffsets)
    i.set_area_ligth                         0x08005ad4   Section        0  led.o(i.set_area_ligth)
    i.set_blink_column                       0x08005ae0   Section        0  lcdutill.o(i.set_blink_column)
    i.set_blink_row                          0x08005af8   Section        0  lcdutill.o(i.set_blink_row)
    i.set_enable                             0x08005b10   Section        0  led.o(i.set_enable)
    i.showDemo                               0x08005b20   Section        0  stm32f3xx_it.o(i.showDemo)
    i.show_about                             0x08005c08   Section        0  stm32f3xx_it.o(i.show_about)
    i.show_blink                             0x08005c48   Section        0  lcdutill.o(i.show_blink)
    i.show_game_over                         0x08005ce4   Section        0  stm32f3xx_it.o(i.show_game_over)
    i.show_menu                              0x08005d30   Section        0  stm32f3xx_it.o(i.show_menu)
    i.start_plant_timer                      0x08005d9c   Section        0  object.o(i.start_plant_timer)
    i.write                                  0x08005da8   Section        0  liquidcrystal.o(i.write)
    i.write4bits                             0x08005db4   Section        0  liquidcrystal.o(i.write4bits)
    i.write8bits                             0x08005de8   Section        0  liquidcrystal.o(i.write8bits)
    i.write_lcd                              0x08005e1c   Section        0  lcdutill.o(i.write_lcd)
    .constdata                               0x08005e58   Section       45  keypadutil.o(.constdata)
    .constdata                               0x08005e85   Section       32  stm32f3xx_hal_rcc.o(.constdata)
    .constdata                               0x08005ea5   Section       16  system_stm32f3xx.o(.constdata)
    .constdata                               0x08005eb5   Section        8  system_stm32f3xx.o(.constdata)
    .data                                    0x20000000   Section        4  stm32f3xx_hal_msp.o(.data)
    HAL_RCC_ADC34_CLK_ENABLED                0x20000000   Data           4  stm32f3xx_hal_msp.o(.data)
    .data                                    0x20000004   Section       64  main.o(.data)
    .data                                    0x20000044   Section       24  stm32f3xx_it.o(.data)
    .data                                    0x2000005c   Section       20  liquidcrystal.o(.data)
    .data                                    0x20000070   Section       16  utill.o(.data)
    .data                                    0x20000080   Section        4  7segment.o(.data)
    .data                                    0x20000084   Section       16  object.o(.data)
    .data                                    0x20000094   Section       16  lcdutill.o(.data)
    .data                                    0x200000a4   Section        1  led.o(.data)
    .data                                    0x200000a8   Section        8  player.o(.data)
    .data                                    0x200000b0   Section        8  keypadutil.o(.data)
    .data                                    0x200000b8   Section       12  stm32f3xx_hal.o(.data)
    .data                                    0x200000c4   Section        4  system_stm32f3xx.o(.data)
    .data                                    0x200000c8   Section        4  stdout.o(.data)
    .bss                                     0x200000cc   Section     1796  main.o(.bss)
    .bss                                     0x200007d0   Section       40  stm32f3xx_it.o(.bss)
    .bss                                     0x200007f8   Section       16  liquidcrystal.o(.bss)
    .bss                                     0x20000808   Section      320  utill.o(.bss)
    .bss                                     0x20000948   Section      232  object.o(.bss)
    .bss                                     0x20000a30   Section       80  lcdutill.o(.bss)
    .bss                                     0x20000a80   Section       11  led.o(.bss)
    .bss                                     0x20000a8b   Section       19  keypadutil.o(.bss)
    STACK                                    0x20000aa0   Section     1024  startup_stm32f303xc.o(STACK)

    Global Symbols

    Symbol Name                              Value     Ov Type        Size  Object(Section)

    BuildAttributes$$THM_ISAv4$E$P$D$K$B$S$7EM$VFPi3$EXTD16$VFPS$VFMA$PE$A:L22UL41UL21$X:L11$S22US41US21$IEEE1$IW$USESV6$~STKCKD$USESV7$~SHL$OSPACE$ROPI$EBA8$MICROLIB$REQ8$PRES8$EABIv2 0x00000000   Number         0  anon$$obj.o ABSOLUTE
    __ARM_use_no_argv                        0x00000000   Number         0  main.o ABSOLUTE
    _printf_a                                0x00000000   Number         0  stubs.o ABSOLUTE
    _printf_c                                0x00000000   Number         0  stubs.o ABSOLUTE
    _printf_charcount                        0x00000000   Number         0  stubs.o ABSOLUTE
    _printf_d                                0x00000000   Number         0  stubs.o ABSOLUTE
    _printf_e                                0x00000000   Number         0  stubs.o ABSOLUTE
    _printf_f                                0x00000000   Number         0  stubs.o ABSOLUTE
    _printf_flags                            0x00000000   Number         0  stubs.o ABSOLUTE
    _printf_fp_dec                           0x00000000   Number         0  stubs.o ABSOLUTE
    _printf_fp_hex                           0x00000000   Number         0  stubs.o ABSOLUTE
    _printf_g                                0x00000000   Number         0  stubs.o ABSOLUTE
    _printf_i                                0x00000000   Number         0  stubs.o ABSOLUTE
    _printf_int_dec                          0x00000000   Number         0  stubs.o ABSOLUTE
    _printf_l                                0x00000000   Number         0  stubs.o ABSOLUTE
    _printf_lc                               0x00000000   Number         0  stubs.o ABSOLUTE
    _printf_ll                               0x00000000   Number         0  stubs.o ABSOLUTE
    _printf_lld                              0x00000000   Number         0  stubs.o ABSOLUTE
    _printf_lli                              0x00000000   Number         0  stubs.o ABSOLUTE
    _printf_llo                              0x00000000   Number         0  stubs.o ABSOLUTE
    _printf_llu                              0x00000000   Number         0  stubs.o ABSOLUTE
    _printf_llx                              0x00000000   Number         0  stubs.o ABSOLUTE
    _printf_longlong_dec                     0x00000000   Number         0  stubs.o ABSOLUTE
    _printf_longlong_hex                     0x00000000   Number         0  stubs.o ABSOLUTE
    _printf_longlong_oct                     0x00000000   Number         0  stubs.o ABSOLUTE
    _printf_ls                               0x00000000   Number         0  stubs.o ABSOLUTE
    _printf_mbtowc                           0x00000000   Number         0  stubs.o ABSOLUTE
    _printf_n                                0x00000000   Number         0  stubs.o ABSOLUTE
    _printf_o                                0x00000000   Number         0  stubs.o ABSOLUTE
    _printf_p                                0x00000000   Number         0  stubs.o ABSOLUTE
    _printf_percent                          0x00000000   Number         0  stubs.o ABSOLUTE
    _printf_pre_padding                      0x00000000   Number         0  stubs.o ABSOLUTE
    _printf_return_value                     0x00000000   Number         0  stubs.o ABSOLUTE
    _printf_s                                0x00000000   Number         0  stubs.o ABSOLUTE
    _printf_sizespec                         0x00000000   Number         0  stubs.o ABSOLUTE
    _printf_str                              0x00000000   Number         0  stubs.o ABSOLUTE
    _printf_truncate_signed                  0x00000000   Number         0  stubs.o ABSOLUTE
    _printf_truncate_unsigned                0x00000000   Number         0  stubs.o ABSOLUTE
    _printf_u                                0x00000000   Number         0  stubs.o ABSOLUTE
    _printf_wc                               0x00000000   Number         0  stubs.o ABSOLUTE
    _printf_wctomb                           0x00000000   Number         0  stubs.o ABSOLUTE
    _printf_widthprec                        0x00000000   Number         0  stubs.o ABSOLUTE
    _printf_x                                0x00000000   Number         0  stubs.o ABSOLUTE
    __cpp_initialize__aeabi_                  - Undefined Weak Reference
    __cxa_finalize                            - Undefined Weak Reference
    __decompress                              - Undefined Weak Reference
    _clock_init                               - Undefined Weak Reference
    _microlib_exit                            - Undefined Weak Reference
    __Vectors_Size                           0x00000188   Number         0  startup_stm32f303xc.o ABSOLUTE
    __Vectors                                0x08000000   Data           4  startup_stm32f303xc.o(RESET)
    __Vectors_End                            0x08000188   Data           0  startup_stm32f303xc.o(RESET)
    __main                                   0x08000189   Thumb Code     0  entry.o(.ARM.Collect$$$$00000000)
    _main_stk                                0x08000189   Thumb Code     0  entry2.o(.ARM.Collect$$$$00000001)
    _main_scatterload                        0x0800018d   Thumb Code     0  entry5.o(.ARM.Collect$$$$00000004)
    __main_after_scatterload                 0x08000191   Thumb Code     0  entry5.o(.ARM.Collect$$$$00000004)
    _main_clock                              0x08000191   Thumb Code     0  entry7b.o(.ARM.Collect$$$$00000008)
    _main_cpp_init                           0x08000191   Thumb Code     0  entry8b.o(.ARM.Collect$$$$0000000A)
    _main_init                               0x08000191   Thumb Code     0  entry9a.o(.ARM.Collect$$$$0000000B)
    __rt_final_cpp                           0x08000199   Thumb Code     0  entry10a.o(.ARM.Collect$$$$0000000D)
    __rt_final_exit                          0x08000199   Thumb Code     0  entry11a.o(.ARM.Collect$$$$0000000F)
    Reset_Handler                            0x0800019d   Thumb Code     8  startup_stm32f303xc.o(.text)
    NMI_Handler                              0x080001a5   Thumb Code     2  startup_stm32f303xc.o(.text)
    HardFault_Handler                        0x080001a7   Thumb Code     2  startup_stm32f303xc.o(.text)
    MemManage_Handler                        0x080001a9   Thumb Code     2  startup_stm32f303xc.o(.text)
    BusFault_Handler                         0x080001ab   Thumb Code     2  startup_stm32f303xc.o(.text)
    UsageFault_Handler                       0x080001ad   Thumb Code     2  startup_stm32f303xc.o(.text)
    SVC_Handler                              0x080001af   Thumb Code     2  startup_stm32f303xc.o(.text)
    DebugMon_Handler                         0x080001b1   Thumb Code     2  startup_stm32f303xc.o(.text)
    PendSV_Handler                           0x080001b3   Thumb Code     2  startup_stm32f303xc.o(.text)
    CAN_RX1_IRQHandler                       0x080001b7   Thumb Code     0  startup_stm32f303xc.o(.text)
    CAN_SCE_IRQHandler                       0x080001b7   Thumb Code     0  startup_stm32f303xc.o(.text)
    COMP1_2_3_IRQHandler                     0x080001b7   Thumb Code     0  startup_stm32f303xc.o(.text)
    COMP4_5_6_IRQHandler                     0x080001b7   Thumb Code     0  startup_stm32f303xc.o(.text)
    COMP7_IRQHandler                         0x080001b7   Thumb Code     0  startup_stm32f303xc.o(.text)
    DMA1_Channel1_IRQHandler                 0x080001b7   Thumb Code     0  startup_stm32f303xc.o(.text)
    DMA1_Channel2_IRQHandler                 0x080001b7   Thumb Code     0  startup_stm32f303xc.o(.text)
    DMA1_Channel3_IRQHandler                 0x080001b7   Thumb Code     0  startup_stm32f303xc.o(.text)
    DMA1_Channel4_IRQHandler                 0x080001b7   Thumb Code     0  startup_stm32f303xc.o(.text)
    DMA1_Channel5_IRQHandler                 0x080001b7   Thumb Code     0  startup_stm32f303xc.o(.text)
    DMA1_Channel6_IRQHandler                 0x080001b7   Thumb Code     0  startup_stm32f303xc.o(.text)
    DMA1_Channel7_IRQHandler                 0x080001b7   Thumb Code     0  startup_stm32f303xc.o(.text)
    DMA2_Channel1_IRQHandler                 0x080001b7   Thumb Code     0  startup_stm32f303xc.o(.text)
    DMA2_Channel2_IRQHandler                 0x080001b7   Thumb Code     0  startup_stm32f303xc.o(.text)
    DMA2_Channel3_IRQHandler                 0x080001b7   Thumb Code     0  startup_stm32f303xc.o(.text)
    DMA2_Channel4_IRQHandler                 0x080001b7   Thumb Code     0  startup_stm32f303xc.o(.text)
    DMA2_Channel5_IRQHandler                 0x080001b7   Thumb Code     0  startup_stm32f303xc.o(.text)
    EXTI15_10_IRQHandler                     0x080001b7   Thumb Code     0  startup_stm32f303xc.o(.text)
    EXTI1_IRQHandler                         0x080001b7   Thumb Code     0  startup_stm32f303xc.o(.text)
    EXTI2_TSC_IRQHandler                     0x080001b7   Thumb Code     0  startup_stm32f303xc.o(.text)
    FLASH_IRQHandler                         0x080001b7   Thumb Code     0  startup_stm32f303xc.o(.text)
    FPU_IRQHandler                           0x080001b7   Thumb Code     0  startup_stm32f303xc.o(.text)
    I2C1_ER_IRQHandler                       0x080001b7   Thumb Code     0  startup_stm32f303xc.o(.text)
    I2C1_EV_IRQHandler                       0x080001b7   Thumb Code     0  startup_stm32f303xc.o(.text)
    I2C2_ER_IRQHandler                       0x080001b7   Thumb Code     0  startup_stm32f303xc.o(.text)
    I2C2_EV_IRQHandler                       0x080001b7   Thumb Code     0  startup_stm32f303xc.o(.text)
    PVD_IRQHandler                           0x080001b7   Thumb Code     0  startup_stm32f303xc.o(.text)
    RCC_IRQHandler                           0x080001b7   Thumb Code     0  startup_stm32f303xc.o(.text)
    RTC_Alarm_IRQHandler                     0x080001b7   Thumb Code     0  startup_stm32f303xc.o(.text)
    RTC_WKUP_IRQHandler                      0x080001b7   Thumb Code     0  startup_stm32f303xc.o(.text)
    SPI1_IRQHandler                          0x080001b7   Thumb Code     0  startup_stm32f303xc.o(.text)
    SPI2_IRQHandler                          0x080001b7   Thumb Code     0  startup_stm32f303xc.o(.text)
    SPI3_IRQHandler                          0x080001b7   Thumb Code     0  startup_stm32f303xc.o(.text)
    TAMP_STAMP_IRQHandler                    0x080001b7   Thumb Code     0  startup_stm32f303xc.o(.text)
    TIM1_BRK_TIM15_IRQHandler                0x080001b7   Thumb Code     0  startup_stm32f303xc.o(.text)
    TIM1_CC_IRQHandler                       0x080001b7   Thumb Code     0  startup_stm32f303xc.o(.text)
    TIM1_TRG_COM_TIM17_IRQHandler            0x080001b7   Thumb Code     0  startup_stm32f303xc.o(.text)
    TIM1_UP_TIM16_IRQHandler                 0x080001b7   Thumb Code     0  startup_stm32f303xc.o(.text)
    TIM6_DAC_IRQHandler                      0x080001b7   Thumb Code     0  startup_stm32f303xc.o(.text)
    TIM7_IRQHandler                          0x080001b7   Thumb Code     0  startup_stm32f303xc.o(.text)
    TIM8_BRK_IRQHandler                      0x080001b7   Thumb Code     0  startup_stm32f303xc.o(.text)
    TIM8_CC_IRQHandler                       0x080001b7   Thumb Code     0  startup_stm32f303xc.o(.text)
    TIM8_TRG_COM_IRQHandler                  0x080001b7   Thumb Code     0  startup_stm32f303xc.o(.text)
    TIM8_UP_IRQHandler                       0x080001b7   Thumb Code     0  startup_stm32f303xc.o(.text)
    UART4_IRQHandler                         0x080001b7   Thumb Code     0  startup_stm32f303xc.o(.text)
    UART5_IRQHandler                         0x080001b7   Thumb Code     0  startup_stm32f303xc.o(.text)
    USART1_IRQHandler                        0x080001b7   Thumb Code     0  startup_stm32f303xc.o(.text)
    USART3_IRQHandler                        0x080001b7   Thumb Code     0  startup_stm32f303xc.o(.text)
    USBWakeUp_IRQHandler                     0x080001b7   Thumb Code     0  startup_stm32f303xc.o(.text)
    USBWakeUp_RMP_IRQHandler                 0x080001b7   Thumb Code     0  startup_stm32f303xc.o(.text)
    USB_HP_CAN_TX_IRQHandler                 0x080001b7   Thumb Code     0  startup_stm32f303xc.o(.text)
    USB_HP_IRQHandler                        0x080001b7   Thumb Code     0  startup_stm32f303xc.o(.text)
    USB_LP_CAN_RX0_IRQHandler                0x080001b7   Thumb Code     0  startup_stm32f303xc.o(.text)
    USB_LP_IRQHandler                        0x080001b7   Thumb Code     0  startup_stm32f303xc.o(.text)
    WWDG_IRQHandler                          0x080001b7   Thumb Code     0  startup_stm32f303xc.o(.text)
    __aeabi_llsr                             0x080001c1   Thumb Code    32  llushr.o(.text)
    _ll_ushift_r                             0x080001c1   Thumb Code     0  llushr.o(.text)
    strlen                                   0x080001e1   Thumb Code    14  strlen.o(.text)
    strcmp                                   0x080001ef   Thumb Code    28  strcmp.o(.text)
    __aeabi_dmul                             0x0800020b   Thumb Code   228  dmul.o(.text)
    __aeabi_i2d                              0x080002ef   Thumb Code    34  dflti.o(.text)
    __aeabi_d2iz                             0x08000311   Thumb Code    62  dfixi.o(.text)
    __aeabi_cdcmpeq                          0x08000351   Thumb Code     0  cdcmple.o(.text)
    __aeabi_cdcmple                          0x08000351   Thumb Code    48  cdcmple.o(.text)
    __aeabi_uldivmod                         0x08000381   Thumb Code    98  uldiv.o(.text)
    __I$use$fp                               0x080003e3   Thumb Code     0  iusefp.o(.text)
    _double_round                            0x080003e3   Thumb Code    30  depilogue.o(.text)
    _double_epilogue                         0x08000401   Thumb Code   156  depilogue.o(.text)
    __scatterload                            0x0800049d   Thumb Code    28  init.o(.text)
    __scatterload_rt2                        0x0800049d   Thumb Code     0  init.o(.text)
    __aeabi_llsl                             0x080004c1   Thumb Code    30  llshl.o(.text)
    _ll_shift_l                              0x080004c1   Thumb Code     0  llshl.o(.text)
    ADC1_2_IRQHandler                        0x080004e1   Thumb Code    44  stm32f3xx_it.o(i.ADC1_2_IRQHandler)
    ADC3_IRQHandler                          0x08000511   Thumb Code    50  stm32f3xx_it.o(i.ADC3_IRQHandler)
    ADC4_IRQHandler                          0x08000549   Thumb Code    28  stm32f3xx_it.o(i.ADC4_IRQHandler)
    EXTI0_IRQHandler                         0x0800062d   Thumb Code    64  stm32f3xx_it.o(i.EXTI0_IRQHandler)
    EXTI3_IRQHandler                         0x08000671   Thumb Code   294  stm32f3xx_it.o(i.EXTI3_IRQHandler)
    EXTI4_IRQHandler                         0x080007b9   Thumb Code   214  stm32f3xx_it.o(i.EXTI4_IRQHandler)
    EXTI9_5_IRQHandler                       0x0800089d   Thumb Code   358  stm32f3xx_it.o(i.EXTI9_5_IRQHandler)
    HAL_ADCEx_InjectedConvCpltCallback       0x08000a11   Thumb Code     2  stm32f3xx_hal_adc_ex.o(i.HAL_ADCEx_InjectedConvCpltCallback)
    HAL_ADCEx_InjectedQueueOverflowCallback  0x08000a13   Thumb Code     2  stm32f3xx_hal_adc_ex.o(i.HAL_ADCEx_InjectedQueueOverflowCallback)
    HAL_ADCEx_LevelOutOfWindow2Callback      0x08000a15   Thumb Code     2  stm32f3xx_hal_adc_ex.o(i.HAL_ADCEx_LevelOutOfWindow2Callback)
    HAL_ADCEx_LevelOutOfWindow3Callback      0x08000a17   Thumb Code     2  stm32f3xx_hal_adc_ex.o(i.HAL_ADCEx_LevelOutOfWindow3Callback)
    HAL_ADCEx_MultiModeConfigChannel         0x08000a19   Thumb Code   256  stm32f3xx_hal_adc_ex.o(i.HAL_ADCEx_MultiModeConfigChannel)
    HAL_ADC_ConfigChannel                    0x08000b2d   Thumb Code   884  stm32f3xx_hal_adc_ex.o(i.HAL_ADC_ConfigChannel)
    HAL_ADC_ConvCpltCallback                 0x08000ec1   Thumb Code     2  stm32f3xx_hal_adc.o(i.HAL_ADC_ConvCpltCallback)
    HAL_ADC_ErrorCallback                    0x08000ec3   Thumb Code     2  stm32f3xx_hal_adc.o(i.HAL_ADC_ErrorCallback)
    HAL_ADC_GetValue                         0x08000ec5   Thumb Code     6  stm32f3xx_hal_adc_ex.o(i.HAL_ADC_GetValue)
    HAL_ADC_IRQHandler                       0x08000ecd   Thumb Code   790  stm32f3xx_hal_adc_ex.o(i.HAL_ADC_IRQHandler)
    HAL_ADC_Init                             0x080011f5   Thumb Code   546  stm32f3xx_hal_adc_ex.o(i.HAL_ADC_Init)
    HAL_ADC_LevelOutOfWindowCallback         0x0800143d   Thumb Code     2  stm32f3xx_hal_adc.o(i.HAL_ADC_LevelOutOfWindowCallback)
    HAL_ADC_MspInit                          0x08001441   Thumb Code   196  stm32f3xx_hal_msp.o(i.HAL_ADC_MspInit)
    HAL_ADC_Start_IT                         0x08001519   Thumb Code   370  stm32f3xx_hal_adc_ex.o(i.HAL_ADC_Start_IT)
    HAL_DMA_Abort_IT                         0x08001699   Thumb Code    74  stm32f3xx_hal_dma.o(i.HAL_DMA_Abort_IT)
    HAL_Delay                                0x080016e5   Thumb Code    32  stm32f3xx_hal.o(i.HAL_Delay)
    HAL_GPIO_EXTI_Callback                   0x08001709   Thumb Code     2  stm32f3xx_hal_gpio.o(i.HAL_GPIO_EXTI_Callback)
    HAL_GPIO_EXTI_IRQHandler                 0x0800170d   Thumb Code    18  stm32f3xx_hal_gpio.o(i.HAL_GPIO_EXTI_IRQHandler)
    HAL_GPIO_Init                            0x08001725   Thumb Code   364  stm32f3xx_hal_gpio.o(i.HAL_GPIO_Init)
    HAL_GPIO_ReadPin                         0x080018ad   Thumb Code    10  stm32f3xx_hal_gpio.o(i.HAL_GPIO_ReadPin)
    HAL_GPIO_WritePin                        0x080018b7   Thumb Code    10  stm32f3xx_hal_gpio.o(i.HAL_GPIO_WritePin)
    HAL_GetTick                              0x080018c1   Thumb Code     6  stm32f3xx_hal.o(i.HAL_GetTick)
    HAL_I2CEx_ConfigAnalogFilter             0x080018cd   Thumb Code    86  stm32f3xx_hal_i2c_ex.o(i.HAL_I2CEx_ConfigAnalogFilter)
    HAL_I2CEx_ConfigDigitalFilter            0x08001923   Thumb Code    82  stm32f3xx_hal_i2c_ex.o(i.HAL_I2CEx_ConfigDigitalFilter)
    HAL_I2C_Init                             0x08001975   Thumb Code   178  stm32f3xx_hal_i2c.o(i.HAL_I2C_Init)
    HAL_I2C_MspInit                          0x08001a2d   Thumb Code    62  stm32f3xx_hal_msp.o(i.HAL_I2C_MspInit)
    HAL_IncTick                              0x08001a79   Thumb Code    12  stm32f3xx_hal.o(i.HAL_IncTick)
    HAL_Init                                 0x08001a89   Thumb Code    32  stm32f3xx_hal.o(i.HAL_Init)
    HAL_InitTick                             0x08001aad   Thumb Code    54  stm32f3xx_hal.o(i.HAL_InitTick)
    HAL_MspInit                              0x08001aed   Thumb Code   106  stm32f3xx_hal_msp.o(i.HAL_MspInit)
    HAL_NVIC_EnableIRQ                       0x08001b5d   Thumb Code    22  stm32f3xx_hal_cortex.o(i.HAL_NVIC_EnableIRQ)
    HAL_NVIC_SetPriority                     0x08001b75   Thumb Code    60  stm32f3xx_hal_cortex.o(i.HAL_NVIC_SetPriority)
    HAL_NVIC_SetPriorityGrouping             0x08001bb5   Thumb Code    26  stm32f3xx_hal_cortex.o(i.HAL_NVIC_SetPriorityGrouping)
    HAL_PCD_Init                             0x08001bd9   Thumb Code   166  stm32f3xx_hal_pcd.o(i.HAL_PCD_Init)
    HAL_PCD_MspInit                          0x08001c81   Thumb Code    66  stm32f3xx_hal_msp.o(i.HAL_PCD_MspInit)
    HAL_RCCEx_PeriphCLKConfig                0x08001ccd   Thumb Code   522  stm32f3xx_hal_rcc_ex.o(i.HAL_RCCEx_PeriphCLKConfig)
    HAL_RCC_ClockConfig                      0x08001ee5   Thumb Code   374  stm32f3xx_hal_rcc.o(i.HAL_RCC_ClockConfig)
    HAL_RCC_GetHCLKFreq                      0x0800206d   Thumb Code     6  stm32f3xx_hal_rcc.o(i.HAL_RCC_GetHCLKFreq)
    HAL_RCC_GetPCLK1Freq                     0x08002079   Thumb Code    34  stm32f3xx_hal_rcc.o(i.HAL_RCC_GetPCLK1Freq)
    HAL_RCC_GetPCLK2Freq                     0x080020a9   Thumb Code    34  stm32f3xx_hal_rcc.o(i.HAL_RCC_GetPCLK2Freq)
    HAL_RCC_GetSysClockFreq                  0x080020d9   Thumb Code    84  stm32f3xx_hal_rcc.o(i.HAL_RCC_GetSysClockFreq)
    HAL_RCC_OscConfig                        0x0800213d   Thumb Code  1452  stm32f3xx_hal_rcc.o(i.HAL_RCC_OscConfig)
    HAL_SPI_Init                             0x080026e9   Thumb Code   182  stm32f3xx_hal_spi.o(i.HAL_SPI_Init)
    HAL_SPI_MspInit                          0x080027a1   Thumb Code    64  stm32f3xx_hal_msp.o(i.HAL_SPI_MspInit)
    HAL_SYSTICK_CLKSourceConfig              0x080027e9   Thumb Code    24  stm32f3xx_hal_cortex.o(i.HAL_SYSTICK_CLKSourceConfig)
    HAL_SYSTICK_Callback                     0x08002801   Thumb Code     2  stm32f3xx_hal_cortex.o(i.HAL_SYSTICK_Callback)
    HAL_SYSTICK_Config                       0x08002803   Thumb Code    40  stm32f3xx_hal_cortex.o(i.HAL_SYSTICK_Config)
    HAL_SYSTICK_IRQHandler                   0x0800282b   Thumb Code     8  stm32f3xx_hal_cortex.o(i.HAL_SYSTICK_IRQHandler)
    HAL_TIMEx_Break2Callback                 0x08002833   Thumb Code     2  stm32f3xx_hal_tim_ex.o(i.HAL_TIMEx_Break2Callback)
    HAL_TIMEx_BreakCallback                  0x08002835   Thumb Code     2  stm32f3xx_hal_tim_ex.o(i.HAL_TIMEx_BreakCallback)
    HAL_TIMEx_CommutationCallback            0x08002837   Thumb Code     2  stm32f3xx_hal_tim_ex.o(i.HAL_TIMEx_CommutationCallback)
    HAL_TIMEx_ConfigBreakDeadTime            0x08002839   Thumb Code   138  stm32f3xx_hal_tim_ex.o(i.HAL_TIMEx_ConfigBreakDeadTime)
    HAL_TIMEx_MasterConfigSynchronization    0x080028cd   Thumb Code    78  stm32f3xx_hal_tim_ex.o(i.HAL_TIMEx_MasterConfigSynchronization)
    HAL_TIM_Base_Init                        0x08002925   Thumb Code    54  stm32f3xx_hal_tim.o(i.HAL_TIM_Base_Init)
    HAL_TIM_Base_MspInit                     0x0800295d   Thumb Code   166  stm32f3xx_hal_msp.o(i.HAL_TIM_Base_MspInit)
    HAL_TIM_Base_Start_IT                    0x08002a19   Thumb Code    24  stm32f3xx_hal_tim.o(i.HAL_TIM_Base_Start_IT)
    HAL_TIM_ConfigClockSource                0x08002a31   Thumb Code   246  stm32f3xx_hal_tim.o(i.HAL_TIM_ConfigClockSource)
    HAL_TIM_IC_CaptureCallback               0x08002b2d   Thumb Code     2  stm32f3xx_hal_tim.o(i.HAL_TIM_IC_CaptureCallback)
    HAL_TIM_IRQHandler                       0x08002b2f   Thumb Code   388  stm32f3xx_hal_tim.o(i.HAL_TIM_IRQHandler)
    HAL_TIM_MspPostInit                      0x08002cb5   Thumb Code   160  stm32f3xx_hal_msp.o(i.HAL_TIM_MspPostInit)
    HAL_TIM_OC_DelayElapsedCallback          0x08002d71   Thumb Code     2  stm32f3xx_hal_tim.o(i.HAL_TIM_OC_DelayElapsedCallback)
    HAL_TIM_PWM_ConfigChannel                0x08002d73   Thumb Code   296  stm32f3xx_hal_tim_ex.o(i.HAL_TIM_PWM_ConfigChannel)
    HAL_TIM_PWM_Init                         0x08002e9b   Thumb Code    54  stm32f3xx_hal_tim.o(i.HAL_TIM_PWM_Init)
    HAL_TIM_PWM_MspInit                      0x08002ed1   Thumb Code     2  stm32f3xx_hal_tim.o(i.HAL_TIM_PWM_MspInit)
    HAL_TIM_PWM_PulseFinishedCallback        0x08002ed3   Thumb Code     2  stm32f3xx_hal_tim.o(i.HAL_TIM_PWM_PulseFinishedCallback)
    HAL_TIM_PWM_Start                        0x08002ed5   Thumb Code    66  stm32f3xx_hal_tim.o(i.HAL_TIM_PWM_Start)
    HAL_TIM_PeriodElapsedCallback            0x08002f2d   Thumb Code     2  stm32f3xx_hal_tim.o(i.HAL_TIM_PeriodElapsedCallback)
    HAL_TIM_TriggerCallback                  0x08002f2f   Thumb Code     2  stm32f3xx_hal_tim.o(i.HAL_TIM_TriggerCallback)
    HAL_UARTEx_WakeupCallback                0x08002f31   Thumb Code     2  stm32f3xx_hal_uart_ex.o(i.HAL_UARTEx_WakeupCallback)
    HAL_UART_ErrorCallback                   0x08002f33   Thumb Code     2  stm32f3xx_hal_uart.o(i.HAL_UART_ErrorCallback)
    HAL_UART_IRQHandler                      0x08002f35   Thumb Code   316  stm32f3xx_hal_uart.o(i.HAL_UART_IRQHandler)
    HAL_UART_Init                            0x08003075   Thumb Code   106  stm32f3xx_hal_uart.o(i.HAL_UART_Init)
    HAL_UART_MspInit                         0x080030e1   Thumb Code    80  stm32f3xx_hal_msp.o(i.HAL_UART_MspInit)
    HAL_UART_RxCpltCallback                  0x08003139   Thumb Code     2  stm32f3xx_hal_uart.o(i.HAL_UART_RxCpltCallback)
    HAL_UART_Transmit                        0x0800313b   Thumb Code   180  stm32f3xx_hal_uart.o(i.HAL_UART_Transmit)
    HAL_UART_TxCpltCallback                  0x080031ef   Thumb Code     2  stm32f3xx_hal_uart.o(i.HAL_UART_TxCpltCallback)
    LiquidCrystal                            0x080031f1   Thumb Code    66  liquidcrystal.o(i.LiquidCrystal)
    SysTick_Handler                          0x08003941   Thumb Code    14  stm32f3xx_it.o(i.SysTick_Handler)
    SystemClock_Config                       0x08003951   Thumb Code   148  main.o(i.SystemClock_Config)
    SystemInit                               0x080039e9   Thumb Code    82  system_stm32f3xx.o(i.SystemInit)
    TIM2_IRQHandler                          0x08003a51   Thumb Code   522  stm32f3xx_it.o(i.TIM2_IRQHandler)
    TIM3_IRQHandler                          0x08003c85   Thumb Code    22  stm32f3xx_it.o(i.TIM3_IRQHandler)
    TIM4_IRQHandler                          0x08003ca1   Thumb Code   298  stm32f3xx_it.o(i.TIM4_IRQHandler)
    TIM_Base_SetConfig                       0x08003dd5   Thumb Code   146  stm32f3xx_hal_tim.o(i.TIM_Base_SetConfig)
    TIM_CCxChannelCmd                        0x08003e85   Thumb Code    22  stm32f3xx_hal_tim.o(i.TIM_CCxChannelCmd)
    TIM_ETR_SetConfig                        0x08003e9b   Thumb Code    20  stm32f3xx_hal_tim.o(i.TIM_ETR_SetConfig)
    TIM_OC1_SetConfig                        0x08003ec1   Thumb Code   132  stm32f3xx_hal_tim.o(i.TIM_OC1_SetConfig)
    TIM_OC2_SetConfig                        0x08003f5d   Thumb Code   120  stm32f3xx_hal_tim.o(i.TIM_OC2_SetConfig)
    TIM_OC3_SetConfig                        0x08003fed   Thumb Code   118  stm32f3xx_hal_tim.o(i.TIM_OC3_SetConfig)
    TIM_OC4_SetConfig                        0x0800407d   Thumb Code    92  stm32f3xx_hal_tim.o(i.TIM_OC4_SetConfig)
    UART_AdvFeatureConfig                    0x08004217   Thumb Code   200  stm32f3xx_hal_uart.o(i.UART_AdvFeatureConfig)
    UART_CheckIdleState                      0x080042df   Thumb Code    92  stm32f3xx_hal_uart.o(i.UART_CheckIdleState)
    UART_EndTransmit_IT                      0x0800436b   Thumb Code    26  stm32f3xx_hal_uart.o(i.UART_EndTransmit_IT)
    UART_Receive_IT                          0x08004385   Thumb Code   118  stm32f3xx_hal_uart.o(i.UART_Receive_IT)
    UART_SetConfig                           0x080043fd   Thumb Code   434  stm32f3xx_hal_uart.o(i.UART_SetConfig)
    UART_Transmit_IT                         0x080045d1   Thumb Code   100  stm32f3xx_hal_uart.o(i.UART_Transmit_IT)
    UART_WaitOnFlagUntilTimeout              0x08004635   Thumb Code   100  stm32f3xx_hal_uart.o(i.UART_WaitOnFlagUntilTimeout)
    USART2_IRQHandler                        0x08004699   Thumb Code     6  stm32f3xx_it.o(i.USART2_IRQHandler)
    U_create_plant                           0x080046a5   Thumb Code    16  uartutil.o(i.U_create_plant)
    U_create_zombie                          0x080046c5   Thumb Code    14  uartutil.o(i.U_create_zombie)
    U_move_zombie                            0x080046e5   Thumb Code    28  uartutil.o(i.U_move_zombie)
    U_remove_plant                           0x08004715   Thumb Code    16  uartutil.o(i.U_remove_plant)
    U_remove_zombie                          0x08004735   Thumb Code    14  uartutil.o(i.U_remove_zombie)
    U_save_game                              0x08004755   Thumb Code   268  uartutil.o(i.U_save_game)
    __0printf$4                              0x08004905   Thumb Code    22  printf4.o(i.__0printf$4)
    __1printf$4                              0x08004905   Thumb Code     0  printf4.o(i.__0printf$4)
    __2printf                                0x08004905   Thumb Code     0  printf4.o(i.__0printf$4)
    __numPrint                               0x08004925   Thumb Code   284  7segment.o(i.__numPrint)
    __scatterload_copy                       0x08004a49   Thumb Code    14  handlers.o(i.__scatterload_copy)
    __scatterload_null                       0x08004a57   Thumb Code     2  handlers.o(i.__scatterload_null)
    __scatterload_zeroinit                   0x08004a59   Thumb Code    14  handlers.o(i.__scatterload_zeroinit)
    addTime                                  0x08004c95   Thumb Code    10  utill.o(i.addTime)
    add_blink_row                            0x08004ca5   Thumb Code    34  lcdutill.o(i.add_blink_row)
    add_score                                0x08004ccd   Thumb Code    10  player.o(i.add_score)
    begin                                    0x08004cdd   Thumb Code   304  liquidcrystal.o(i.begin)
    blink                                    0x08004e15   Thumb Code    18  liquidcrystal.o(i.blink)
    check_bonus                              0x08004e2d   Thumb Code    44  object.o(i.check_bonus)
    clear                                    0x08004e5d   Thumb Code    18  liquidcrystal.o(i.clear)
    clear_lcd                                0x08004e71   Thumb Code    34  lcdutill.o(i.clear_lcd)
    command                                  0x08004e99   Thumb Code     6  liquidcrystal.o(i.command)
    createChar                               0x08004e9f   Thumb Code    36  liquidcrystal.o(i.createChar)
    create_bonus                             0x08004ec5   Thumb Code    80  object.o(i.create_bonus)
    create_plant                             0x08004f19   Thumb Code   174  object.o(i.create_plant)
    create_zombie                            0x08004fd1   Thumb Code   174  object.o(i.create_zombie)
    disable_blink                            0x08005089   Thumb Code     8  lcdutill.o(i.disable_blink)
    display                                  0x08005095   Thumb Code    18  liquidcrystal.o(i.display)
    enableClock                              0x080050ad   Thumb Code   142  liquidcrystal.o(i.enableClock)
    enable_blink                             0x08005159   Thumb Code     8  lcdutill.o(i.enable_blink)
    fputc                                    0x08005165   Thumb Code    20  uartutil.o(i.fputc)
    getRand                                  0x0800517d   Thumb Code    66  utill.o(i.getRand)
    getTime                                  0x080051c9   Thumb Code     6  utill.o(i.getTime)
    get_blink_column                         0x080051d5   Thumb Code     6  lcdutill.o(i.get_blink_column)
    get_blink_row                            0x080051e1   Thumb Code     6  lcdutill.o(i.get_blink_row)
    get_bonus_point                          0x080051ed   Thumb Code   138  object.o(i.get_bonus_point)
    get_boolean                              0x08005281   Thumb Code    24  utill.o(i.get_boolean)
    get_hp                                   0x08005299   Thumb Code     6  player.o(i.get_hp)
    get_last_use_plant_time                  0x080052a5   Thumb Code     8  object.o(i.get_last_use_plant_time)
    get_name                                 0x080052b1   Thumb Code    32  keypadutil.o(i.get_name)
    get_plant                                0x080052d9   Thumb Code    10  object.o(i.get_plant)
    get_plant_enable                         0x080052e9   Thumb Code    76  object.o(i.get_plant_enable)
    get_plant_size                           0x0800533d   Thumb Code     6  object.o(i.get_plant_size)
    get_score                                0x08005349   Thumb Code     6  player.o(i.get_score)
    get_zombie                               0x08005355   Thumb Code    32  object.o(i.get_zombie)
    get_zombie_size                          0x0800537d   Thumb Code     6  object.o(i.get_zombie_size)
    init                                     0x08005389   Thumb Code    72  liquidcrystal.o(i.init)
    is_blink_enable                          0x080053d9   Thumb Code     6  lcdutill.o(i.is_blink_enable)
    lost_hp                                  0x080053e5   Thumb Code    14  player.o(i.lost_hp)
    main                                     0x080053f9   Thumb Code   252  main.o(i.main)
    min                                      0x0800550d   Thumb Code     8  utill.o(i.min)
    move_all_zombies                         0x08005515   Thumb Code    34  object.o(i.move_all_zombies)
    move_zombie                              0x08005541   Thumb Code   208  object.o(i.move_zombie)
    noBlink                                  0x08005615   Thumb Code    18  liquidcrystal.o(i.noBlink)
    numPrint                                 0x0800562d   Thumb Code     6  7segment.o(i.numPrint)
    press_keypad                             0x08005639   Thumb Code   122  keypadutil.o(i.press_keypad)
    print                                    0x080056c1   Thumb Code    40  liquidcrystal.o(i.print)
    print_all_plant                          0x080056e9   Thumb Code    42  object.o(i.print_all_plant)
    print_all_zombies                        0x0800571d   Thumb Code    36  object.o(i.print_all_zombies)
    print_bonus                              0x08005749   Thumb Code    48  object.o(i.print_bonus)
    print_plant                              0x0800577d   Thumb Code    16  object.o(i.print_plant)
    print_zombie                             0x0800578d   Thumb Code    42  object.o(i.print_zombie)
    pulseEnable                              0x080057b9   Thumb Code    56  liquidcrystal.o(i.pulseEnable)
    refresh_7seg                             0x080057f5   Thumb Code   122  7segment.o(i.refresh_7seg)
    refresh_led                              0x08005879   Thumb Code   128  led.o(i.refresh_led)
    removeZombie                             0x08005911   Thumb Code    80  object.o(i.removeZombie)
    remove_bonus                             0x08005969   Thumb Code    16  object.o(i.remove_bonus)
    remove_plant                             0x0800597d   Thumb Code    82  object.o(i.remove_plant)
    reset_keypad                             0x080059d9   Thumb Code    16  keypadutil.o(i.reset_keypad)
    send                                     0x080059ed   Thumb Code    62  liquidcrystal.o(i.send)
    setCursor                                0x08005a31   Thumb Code    36  liquidcrystal.o(i.setCursor)
    setRandomCount                           0x08005a59   Thumb Code    88  utill.o(i.setRandomCount)
    setRowOffsets                            0x08005ac1   Thumb Code    14  liquidcrystal.o(i.setRowOffsets)
    set_area_ligth                           0x08005ad5   Thumb Code     6  led.o(i.set_area_ligth)
    set_blink_column                         0x08005ae1   Thumb Code    18  lcdutill.o(i.set_blink_column)
    set_blink_row                            0x08005af9   Thumb Code    18  lcdutill.o(i.set_blink_row)
    set_enable                               0x08005b11   Thumb Code    10  led.o(i.set_enable)
    showDemo                                 0x08005b21   Thumb Code   228  stm32f3xx_it.o(i.showDemo)
    show_about                               0x08005c09   Thumb Code    42  stm32f3xx_it.o(i.show_about)
    show_blink                               0x08005c49   Thumb Code   146  lcdutill.o(i.show_blink)
    show_game_over                           0x08005ce5   Thumb Code    44  stm32f3xx_it.o(i.show_game_over)
    show_menu                                0x08005d31   Thumb Code    70  stm32f3xx_it.o(i.show_menu)
    start_plant_timer                        0x08005d9d   Thumb Code     8  object.o(i.start_plant_timer)
    write                                    0x08005da9   Thumb Code    12  liquidcrystal.o(i.write)
    write4bits                               0x08005db5   Thumb Code    44  liquidcrystal.o(i.write4bits)
    write8bits                               0x08005de9   Thumb Code    44  liquidcrystal.o(i.write8bits)
    write_lcd                                0x08005e1d   Thumb Code    52  lcdutill.o(i.write_lcd)
    charArr                                  0x08005e58   Data          36  keypadutil.o(.constdata)
    charArrsize                              0x08005e7c   Data           9  keypadutil.o(.constdata)
    aPLLMULFactorTable                       0x08005e85   Data          16  stm32f3xx_hal_rcc.o(.constdata)
    aPredivFactorTable                       0x08005e95   Data          16  stm32f3xx_hal_rcc.o(.constdata)
    AHBPrescTable                            0x08005ea5   Data          16  system_stm32f3xx.o(.constdata)
    APBPrescTable                            0x08005eb5   Data           8  system_stm32f3xx.o(.constdata)
    Region$$Table$$Base                      0x08005ec0   Number         0  anon$$obj.o(Region$$Table)
    Region$$Table$$Limit                     0x08005ee0   Number         0  anon$$obj.o(Region$$Table)
    zomby1                                   0x20000004   Data           8  main.o(.data)
    zomby2                                   0x2000000c   Data           8  main.o(.data)
    zomby0                                   0x20000014   Data           8  main.o(.data)
    zomby3                                   0x2000001c   Data           8  main.o(.data)
    plant1                                   0x20000024   Data           8  main.o(.data)
    plant2                                   0x2000002c   Data           8  main.o(.data)
    plant3                                   0x20000034   Data           8  main.o(.data)
    bonus                                    0x2000003c   Data           8  main.o(.data)
    initFlag                                 0x20000044   Data           1  stm32f3xx_it.o(.data)
    state                                    0x20000045   Data           1  stm32f3xx_it.o(.data)
    level                                    0x20000046   Data           1  stm32f3xx_it.o(.data)
    remainig_zombie                          0x20000047   Data           1  stm32f3xx_it.o(.data)
    clear_showDemo                           0x20000048   Data           1  stm32f3xx_it.o(.data)
    __init_show_menu                         0x20000049   Data           1  stm32f3xx_it.o(.data)
    __init_show_about                        0x2000004a   Data           1  stm32f3xx_it.o(.data)
    __game_over_init                         0x2000004b   Data           1  stm32f3xx_it.o(.data)
    __last_time_zombie_created               0x2000004c   Data           4  stm32f3xx_it.o(.data)
    __start_level_time                       0x20000050   Data           4  stm32f3xx_it.o(.data)
    __start_game_time                        0x20000054   Data           4  stm32f3xx_it.o(.data)
    __start_save_game_time                   0x20000058   Data           4  stm32f3xx_it.o(.data)
    _fourbit_mode                            0x2000005c   Data           1  liquidcrystal.o(.data)
    dotsize                                  0x2000005d   Data           1  liquidcrystal.o(.data)
    _displayfunction                         0x2000005e   Data           1  liquidcrystal.o(.data)
    _displaycontrol                          0x2000005f   Data           1  liquidcrystal.o(.data)
    _displaymode                             0x20000060   Data           1  liquidcrystal.o(.data)
    _numlines                                0x20000061   Data           1  liquidcrystal.o(.data)
    _rs_pin                                  0x20000062   Data           2  liquidcrystal.o(.data)
    _rw_pin                                  0x20000064   Data           2  liquidcrystal.o(.data)
    _enable_pin                              0x20000066   Data           2  liquidcrystal.o(.data)
    _port                                    0x20000068   Data           4  liquidcrystal.o(.data)
    _row_offsets                             0x2000006c   Data           4  liquidcrystal.o(.data)
    __end_rand                               0x20000070   Data           1  utill.o(.data)
    __time_m                                 0x20000074   Data           4  utill.o(.data)
    __rand_now                               0x20000078   Data           8  utill.o(.data)
    __numOf_7seg                             0x20000080   Data           4  7segment.o(.data)
    __plant_size                             0x20000084   Data           1  object.o(.data)
    __start_timer                            0x20000085   Data           1  object.o(.data)
    __zombies_size                           0x20000086   Data           1  object.o(.data)
    __bonus                                  0x20000087   Data           3  object.o(.data)
    speed_time                               0x2000008c   Data           4  object.o(.data)
    __bonus_created_time                     0x20000090   Data           4  object.o(.data)
    __input_row_blink                        0x20000094   Data           1  lcdutill.o(.data)
    __input_column_blink                     0x20000095   Data           1  lcdutill.o(.data)
    row_blink                                0x20000096   Data           1  lcdutill.o(.data)
    column_blink                             0x20000097   Data           1  lcdutill.o(.data)
    last_row_blink                           0x20000098   Data           1  lcdutill.o(.data)
    last_column_blink                        0x20000099   Data           1  lcdutill.o(.data)
    blinkEnable                              0x2000009a   Data           1  lcdutill.o(.data)
    blinkChange                              0x2000009b   Data           1  lcdutill.o(.data)
    __now_blink_enable                       0x2000009c   Data           1  lcdutill.o(.data)
    __last_change_blink                      0x200000a0   Data           4  lcdutill.o(.data)
    light                                    0x200000a4   Data           1  led.o(.data)
    __hp                                     0x200000a8   Data           1  player.o(.data)
    __score                                  0x200000ac   Data           4  player.o(.data)
    __name_index                             0x200000b0   Data           1  keypadutil.o(.data)
    __last_key_row_press                     0x200000b1   Data           1  keypadutil.o(.data)
    __last_key_column_press                  0x200000b2   Data           1  keypadutil.o(.data)
    __char_select_index                      0x200000b3   Data           1  keypadutil.o(.data)
    __last_key_press_time                    0x200000b4   Data           4  keypadutil.o(.data)
    uwTickFreq                               0x200000b8   Data           1  stm32f3xx_hal.o(.data)
    uwTickPrio                               0x200000bc   Data           4  stm32f3xx_hal.o(.data)
    uwTick                                   0x200000c0   Data           4  stm32f3xx_hal.o(.data)
    SystemCoreClock                          0x200000c4   Data           4  system_stm32f3xx.o(.data)
    __stdout                                 0x200000c8   Data           4  stdout.o(.data)
    hadc1                                    0x200000cc   Data          84  main.o(.bss)
    hadc3                                    0x20000120   Data          84  main.o(.bss)
    hadc4                                    0x20000174   Data          84  main.o(.bss)
    hi2c1                                    0x200001c8   Data          76  main.o(.bss)
    hspi1                                    0x20000214   Data         100  main.o(.bss)
    htim1                                    0x20000278   Data          64  main.o(.bss)
    htim2                                    0x200002b8   Data          64  main.o(.bss)
    htim3                                    0x200002f8   Data          64  main.o(.bss)
    htim4                                    0x20000338   Data          64  main.o(.bss)
    htim8                                    0x20000378   Data          64  main.o(.bss)
    huart2                                   0x200003b8   Data         112  main.o(.bss)
    hpcd_USB_FS                              0x20000428   Data         936  main.o(.bss)
    name                                     0x200007d0   Data          20  stm32f3xx_it.o(.bss)
    temp_name                                0x200007e4   Data          20  stm32f3xx_it.o(.bss)
    _data_pins                               0x200007f8   Data          16  liquidcrystal.o(.bss)
    __rand                                   0x20000808   Data         320  utill.o(.bss)
    __plants                                 0x20000948   Data         100  object.o(.bss)
    __last_create_plant                      0x200009ac   Data          12  object.o(.bss)
    __zombies                                0x200009b8   Data         120  object.o(.bss)
    lcd                                      0x20000a30   Data          80  lcdutill.o(.bss)
    led                                      0x20000a80   Data          11  led.o(.bss)
    __name                                   0x20000a8b   Data          19  keypadutil.o(.bss)
    __initial_sp                             0x20000ea0   Data           0  startup_stm32f303xc.o(STACK)



==============================================================================

Memory Map of the image

  Image Entry point : 0x08000189

  Load Region LR_IROM1 (Base: 0x08000000, Size: 0x00005fac, Max: 0x00040000, ABSOLUTE)

    Execution Region ER_IROM1 (Exec base: 0x08000000, Load base: 0x08000000, Size: 0x00005ee0, Max: 0x00040000, ABSOLUTE)

    Exec Addr    Load Addr    Size         Type   Attr      Idx    E Section Name        Object

    0x08000000   0x08000000   0x00000188   Data   RO            3    RESET               startup_stm32f303xc.o
    0x08000188   0x08000188   0x00000000   Code   RO         4983  * .ARM.Collect$$$$00000000  mc_w.l(entry.o)
    0x08000188   0x08000188   0x00000004   Code   RO         5265    .ARM.Collect$$$$00000001  mc_w.l(entry2.o)
    0x0800018c   0x0800018c   0x00000004   Code   RO         5268    .ARM.Collect$$$$00000004  mc_w.l(entry5.o)
    0x08000190   0x08000190   0x00000000   Code   RO         5270    .ARM.Collect$$$$00000008  mc_w.l(entry7b.o)
    0x08000190   0x08000190   0x00000000   Code   RO         5272    .ARM.Collect$$$$0000000A  mc_w.l(entry8b.o)
    0x08000190   0x08000190   0x00000008   Code   RO         5273    .ARM.Collect$$$$0000000B  mc_w.l(entry9a.o)
    0x08000198   0x08000198   0x00000000   Code   RO         5275    .ARM.Collect$$$$0000000D  mc_w.l(entry10a.o)
    0x08000198   0x08000198   0x00000000   Code   RO         5277    .ARM.Collect$$$$0000000F  mc_w.l(entry11a.o)
    0x08000198   0x08000198   0x00000004   Code   RO         5266    .ARM.Collect$$$$00002712  mc_w.l(entry2.o)
    0x0800019c   0x0800019c   0x00000024   Code   RO            4    .text               startup_stm32f303xc.o
    0x080001c0   0x080001c0   0x00000020   Code   RO         4986    .text               mc_w.l(llushr.o)
    0x080001e0   0x080001e0   0x0000000e   Code   RO         4990    .text               mc_w.l(strlen.o)
    0x080001ee   0x080001ee   0x0000001c   Code   RO         4992    .text               mc_w.l(strcmp.o)
    0x0800020a   0x0800020a   0x000000e4   Code   RO         5257    .text               mf_w.l(dmul.o)
    0x080002ee   0x080002ee   0x00000022   Code   RO         5259    .text               mf_w.l(dflti.o)
    0x08000310   0x08000310   0x0000003e   Code   RO         5261    .text               mf_w.l(dfixi.o)
    0x0800034e   0x0800034e   0x00000002   PAD
    0x08000350   0x08000350   0x00000030   Code   RO         5263    .text               mf_w.l(cdcmple.o)
    0x08000380   0x08000380   0x00000062   Code   RO         5282    .text               mc_w.l(uldiv.o)
    0x080003e2   0x080003e2   0x00000000   Code   RO         5284    .text               mc_w.l(iusefp.o)
    0x080003e2   0x080003e2   0x000000ba   Code   RO         5285    .text               mf_w.l(depilogue.o)
    0x0800049c   0x0800049c   0x00000024   Code   RO         5295    .text               mc_w.l(init.o)
    0x080004c0   0x080004c0   0x0000001e   Code   RO         5297    .text               mc_w.l(llshl.o)
    0x080004de   0x080004de   0x00000002   PAD
    0x080004e0   0x080004e0   0x00000030   Code   RO          335    i.ADC1_2_IRQHandler  stm32f3xx_it.o
    0x08000510   0x08000510   0x00000038   Code   RO          336    i.ADC3_IRQHandler   stm32f3xx_it.o
    0x08000548   0x08000548   0x00000020   Code   RO          337    i.ADC4_IRQHandler   stm32f3xx_it.o
    0x08000568   0x08000568   0x00000062   Code   RO         1688    i.ADC_Disable       stm32f3xx_hal_adc_ex.o
    0x080005ca   0x080005ca   0x00000002   PAD
    0x080005cc   0x080005cc   0x00000060   Code   RO         1689    i.ADC_Enable        stm32f3xx_hal_adc_ex.o
    0x0800062c   0x0800062c   0x00000044   Code   RO          338    i.EXTI0_IRQHandler  stm32f3xx_it.o
    0x08000670   0x08000670   0x00000148   Code   RO          339    i.EXTI3_IRQHandler  stm32f3xx_it.o
    0x080007b8   0x080007b8   0x000000e4   Code   RO          340    i.EXTI4_IRQHandler  stm32f3xx_it.o
    0x0800089c   0x0800089c   0x00000174   Code   RO          341    i.EXTI9_5_IRQHandler  stm32f3xx_it.o
    0x08000a10   0x08000a10   0x00000002   Code   RO         1694    i.HAL_ADCEx_InjectedConvCpltCallback  stm32f3xx_hal_adc_ex.o
    0x08000a12   0x08000a12   0x00000002   Code   RO         1697    i.HAL_ADCEx_InjectedQueueOverflowCallback  stm32f3xx_hal_adc_ex.o
    0x08000a14   0x08000a14   0x00000002   Code   RO         1702    i.HAL_ADCEx_LevelOutOfWindow2Callback  stm32f3xx_hal_adc_ex.o
    0x08000a16   0x08000a16   0x00000002   Code   RO         1703    i.HAL_ADCEx_LevelOutOfWindow3Callback  stm32f3xx_hal_adc_ex.o
    0x08000a18   0x08000a18   0x00000114   Code   RO         1704    i.HAL_ADCEx_MultiModeConfigChannel  stm32f3xx_hal_adc_ex.o
    0x08000b2c   0x08000b2c   0x00000394   Code   RO         1713    i.HAL_ADC_ConfigChannel  stm32f3xx_hal_adc_ex.o
    0x08000ec0   0x08000ec0   0x00000002   Code   RO         1950    i.HAL_ADC_ConvCpltCallback  stm32f3xx_hal_adc.o
    0x08000ec2   0x08000ec2   0x00000002   Code   RO         1953    i.HAL_ADC_ErrorCallback  stm32f3xx_hal_adc.o
    0x08000ec4   0x08000ec4   0x00000006   Code   RO         1715    i.HAL_ADC_GetValue  stm32f3xx_hal_adc_ex.o
    0x08000eca   0x08000eca   0x00000002   PAD
    0x08000ecc   0x08000ecc   0x00000328   Code   RO         1716    i.HAL_ADC_IRQHandler  stm32f3xx_hal_adc_ex.o
    0x080011f4   0x080011f4   0x00000248   Code   RO         1717    i.HAL_ADC_Init      stm32f3xx_hal_adc_ex.o
    0x0800143c   0x0800143c   0x00000002   Code   RO         1959    i.HAL_ADC_LevelOutOfWindowCallback  stm32f3xx_hal_adc.o
    0x0800143e   0x0800143e   0x00000002   PAD
    0x08001440   0x08001440   0x000000d8   Code   RO           14    i.HAL_ADC_MspInit   stm32f3xx_hal_msp.o
    0x08001518   0x08001518   0x00000180   Code   RO         1722    i.HAL_ADC_Start_IT  stm32f3xx_hal_adc_ex.o
    0x08001698   0x08001698   0x0000004a   Code   RO         1254    i.HAL_DMA_Abort_IT  stm32f3xx_hal_dma.o
    0x080016e2   0x080016e2   0x00000002   PAD
    0x080016e4   0x080016e4   0x00000024   Code   RO         2105    i.HAL_Delay         stm32f3xx_hal.o
    0x08001708   0x08001708   0x00000002   Code   RO         2982    i.HAL_GPIO_EXTI_Callback  stm32f3xx_hal_gpio.o
    0x0800170a   0x0800170a   0x00000002   PAD
    0x0800170c   0x0800170c   0x00000018   Code   RO         2983    i.HAL_GPIO_EXTI_IRQHandler  stm32f3xx_hal_gpio.o
    0x08001724   0x08001724   0x00000188   Code   RO         2984    i.HAL_GPIO_Init     stm32f3xx_hal_gpio.o
    0x080018ac   0x080018ac   0x0000000a   Code   RO         2986    i.HAL_GPIO_ReadPin  stm32f3xx_hal_gpio.o
    0x080018b6   0x080018b6   0x0000000a   Code   RO         2988    i.HAL_GPIO_WritePin  stm32f3xx_hal_gpio.o
    0x080018c0   0x080018c0   0x0000000c   Code   RO         2109    i.HAL_GetTick       stm32f3xx_hal.o
    0x080018cc   0x080018cc   0x00000056   Code   RO         1630    i.HAL_I2CEx_ConfigAnalogFilter  stm32f3xx_hal_i2c_ex.o
    0x08001922   0x08001922   0x00000052   Code   RO         1631    i.HAL_I2CEx_ConfigDigitalFilter  stm32f3xx_hal_i2c_ex.o
    0x08001974   0x08001974   0x000000b8   Code   RO         3233    i.HAL_I2C_Init      stm32f3xx_hal_i2c.o
    0x08001a2c   0x08001a2c   0x0000004c   Code   RO           16    i.HAL_I2C_MspInit   stm32f3xx_hal_msp.o
    0x08001a78   0x08001a78   0x00000010   Code   RO         2115    i.HAL_IncTick       stm32f3xx_hal.o
    0x08001a88   0x08001a88   0x00000024   Code   RO         2116    i.HAL_Init          stm32f3xx_hal.o
    0x08001aac   0x08001aac   0x00000040   Code   RO         2117    i.HAL_InitTick      stm32f3xx_hal.o
    0x08001aec   0x08001aec   0x00000070   Code   RO           17    i.HAL_MspInit       stm32f3xx_hal_msp.o
    0x08001b5c   0x08001b5c   0x00000016   Code   RO         2809    i.HAL_NVIC_EnableIRQ  stm32f3xx_hal_cortex.o
    0x08001b72   0x08001b72   0x00000002   PAD
    0x08001b74   0x08001b74   0x00000040   Code   RO         2815    i.HAL_NVIC_SetPriority  stm32f3xx_hal_cortex.o
    0x08001bb4   0x08001bb4   0x00000024   Code   RO         2816    i.HAL_NVIC_SetPriorityGrouping  stm32f3xx_hal_cortex.o
    0x08001bd8   0x08001bd8   0x000000a6   Code   RO         4341    i.HAL_PCD_Init      stm32f3xx_hal_pcd.o
    0x08001c7e   0x08001c7e   0x00000002   PAD
    0x08001c80   0x08001c80   0x0000004c   Code   RO           19    i.HAL_PCD_MspInit   stm32f3xx_hal_msp.o
    0x08001ccc   0x08001ccc   0x00000218   Code   RO         1163    i.HAL_RCCEx_PeriphCLKConfig  stm32f3xx_hal_rcc_ex.o
    0x08001ee4   0x08001ee4   0x00000188   Code   RO         2597    i.HAL_RCC_ClockConfig  stm32f3xx_hal_rcc.o
    0x0800206c   0x0800206c   0x0000000c   Code   RO         2602    i.HAL_RCC_GetHCLKFreq  stm32f3xx_hal_rcc.o
    0x08002078   0x08002078   0x00000030   Code   RO         2604    i.HAL_RCC_GetPCLK1Freq  stm32f3xx_hal_rcc.o
    0x080020a8   0x080020a8   0x00000030   Code   RO         2605    i.HAL_RCC_GetPCLK2Freq  stm32f3xx_hal_rcc.o
    0x080020d8   0x080020d8   0x00000064   Code   RO         2606    i.HAL_RCC_GetSysClockFreq  stm32f3xx_hal_rcc.o
    0x0800213c   0x0800213c   0x000005ac   Code   RO         2609    i.HAL_RCC_OscConfig  stm32f3xx_hal_rcc.o
    0x080026e8   0x080026e8   0x000000b6   Code   RO         2280    i.HAL_SPI_Init      stm32f3xx_hal_spi.o
    0x0800279e   0x0800279e   0x00000002   PAD
    0x080027a0   0x080027a0   0x00000048   Code   RO           21    i.HAL_SPI_MspInit   stm32f3xx_hal_msp.o
    0x080027e8   0x080027e8   0x00000018   Code   RO         2818    i.HAL_SYSTICK_CLKSourceConfig  stm32f3xx_hal_cortex.o
    0x08002800   0x08002800   0x00000002   Code   RO         2819    i.HAL_SYSTICK_Callback  stm32f3xx_hal_cortex.o
    0x08002802   0x08002802   0x00000028   Code   RO         2820    i.HAL_SYSTICK_Config  stm32f3xx_hal_cortex.o
    0x0800282a   0x0800282a   0x00000008   Code   RO         2821    i.HAL_SYSTICK_IRQHandler  stm32f3xx_hal_cortex.o
    0x08002832   0x08002832   0x00000002   Code   RO         1351    i.HAL_TIMEx_Break2Callback  stm32f3xx_hal_tim_ex.o
    0x08002834   0x08002834   0x00000002   Code   RO         1352    i.HAL_TIMEx_BreakCallback  stm32f3xx_hal_tim_ex.o
    0x08002836   0x08002836   0x00000002   Code   RO         1353    i.HAL_TIMEx_CommutationCallback  stm32f3xx_hal_tim_ex.o
    0x08002838   0x08002838   0x00000094   Code   RO         1354    i.HAL_TIMEx_ConfigBreakDeadTime  stm32f3xx_hal_tim_ex.o
    0x080028cc   0x080028cc   0x00000058   Code   RO         1370    i.HAL_TIMEx_MasterConfigSynchronization  stm32f3xx_hal_tim_ex.o
    0x08002924   0x08002924   0x00000036   Code   RO         3676    i.HAL_TIM_Base_Init  stm32f3xx_hal_tim.o
    0x0800295a   0x0800295a   0x00000002   PAD
    0x0800295c   0x0800295c   0x000000bc   Code   RO           23    i.HAL_TIM_Base_MspInit  stm32f3xx_hal_msp.o
    0x08002a18   0x08002a18   0x00000018   Code   RO         3681    i.HAL_TIM_Base_Start_IT  stm32f3xx_hal_tim.o
    0x08002a30   0x08002a30   0x000000fc   Code   RO         3685    i.HAL_TIM_ConfigClockSource  stm32f3xx_hal_tim.o
    0x08002b2c   0x08002b2c   0x00000002   Code   RO         3707    i.HAL_TIM_IC_CaptureCallback  stm32f3xx_hal_tim.o
    0x08002b2e   0x08002b2e   0x00000184   Code   RO         3720    i.HAL_TIM_IRQHandler  stm32f3xx_hal_tim.o
    0x08002cb2   0x08002cb2   0x00000002   PAD
    0x08002cb4   0x08002cb4   0x000000bc   Code   RO           24    i.HAL_TIM_MspPostInit  stm32f3xx_hal_msp.o
    0x08002d70   0x08002d70   0x00000002   Code   RO         3723    i.HAL_TIM_OC_DelayElapsedCallback  stm32f3xx_hal_tim.o
    0x08002d72   0x08002d72   0x00000128   Code   RO         1390    i.HAL_TIM_PWM_ConfigChannel  stm32f3xx_hal_tim_ex.o
    0x08002e9a   0x08002e9a   0x00000036   Code   RO         3747    i.HAL_TIM_PWM_Init  stm32f3xx_hal_tim.o
    0x08002ed0   0x08002ed0   0x00000002   Code   RO         3749    i.HAL_TIM_PWM_MspInit  stm32f3xx_hal_tim.o
    0x08002ed2   0x08002ed2   0x00000002   Code   RO         3750    i.HAL_TIM_PWM_PulseFinishedCallback  stm32f3xx_hal_tim.o
    0x08002ed4   0x08002ed4   0x00000058   Code   RO         3751    i.HAL_TIM_PWM_Start  stm32f3xx_hal_tim.o
    0x08002f2c   0x08002f2c   0x00000002   Code   RO         3757    i.HAL_TIM_PeriodElapsedCallback  stm32f3xx_hal_tim.o
    0x08002f2e   0x08002f2e   0x00000002   Code   RO         3761    i.HAL_TIM_TriggerCallback  stm32f3xx_hal_tim.o
    0x08002f30   0x08002f30   0x00000002   Code   RO         4539    i.HAL_UARTEx_WakeupCallback  stm32f3xx_hal_uart_ex.o
    0x08002f32   0x08002f32   0x00000002   Code   RO         4610    i.HAL_UART_ErrorCallback  stm32f3xx_hal_uart.o
    0x08002f34   0x08002f34   0x00000140   Code   RO         4613    i.HAL_UART_IRQHandler  stm32f3xx_hal_uart.o
    0x08003074   0x08003074   0x0000006a   Code   RO         4614    i.HAL_UART_Init     stm32f3xx_hal_uart.o
    0x080030de   0x080030de   0x00000002   PAD
    0x080030e0   0x080030e0   0x00000058   Code   RO           26    i.HAL_UART_MspInit  stm32f3xx_hal_msp.o
    0x08003138   0x08003138   0x00000002   Code   RO         4620    i.HAL_UART_RxCpltCallback  stm32f3xx_hal_uart.o
    0x0800313a   0x0800313a   0x000000b4   Code   RO         4622    i.HAL_UART_Transmit  stm32f3xx_hal_uart.o
    0x080031ee   0x080031ee   0x00000002   Code   RO         4625    i.HAL_UART_TxCpltCallback  stm32f3xx_hal_uart.o
    0x080031f0   0x080031f0   0x00000048   Code   RO          475    i.LiquidCrystal     liquidcrystal.o
    0x08003238   0x08003238   0x0000006c   Code   RO          232    i.MX_ADC1_Init      main.o
    0x080032a4   0x080032a4   0x0000006c   Code   RO          233    i.MX_ADC3_Init      main.o
    0x08003310   0x08003310   0x0000005c   Code   RO          234    i.MX_ADC4_Init      main.o
    0x0800336c   0x0800336c   0x000001e0   Code   RO          235    i.MX_GPIO_Init      main.o
    0x0800354c   0x0800354c   0x00000050   Code   RO          236    i.MX_I2C1_Init      main.o
    0x0800359c   0x0800359c   0x00000048   Code   RO          237    i.MX_SPI1_Init      main.o
    0x080035e4   0x080035e4   0x000000d4   Code   RO          238    i.MX_TIM1_Init      main.o
    0x080036b8   0x080036b8   0x00000088   Code   RO          239    i.MX_TIM2_Init      main.o
    0x08003740   0x08003740   0x00000088   Code   RO          240    i.MX_TIM3_Init      main.o
    0x080037c8   0x080037c8   0x00000058   Code   RO          241    i.MX_TIM4_Init      main.o
    0x08003820   0x08003820   0x000000c8   Code   RO          242    i.MX_TIM8_Init      main.o
    0x080038e8   0x080038e8   0x00000038   Code   RO          243    i.MX_USART2_UART_Init  main.o
    0x08003920   0x08003920   0x00000020   Code   RO         2822    i.NVIC_SetPriority  stm32f3xx_hal_cortex.o
    0x08003940   0x08003940   0x0000000e   Code   RO          342    i.SysTick_Handler   stm32f3xx_it.o
    0x0800394e   0x0800394e   0x00000002   PAD
    0x08003950   0x08003950   0x00000098   Code   RO          244    i.SystemClock_Config  main.o
    0x080039e8   0x080039e8   0x00000068   Code   RO         4949    i.SystemInit        system_stm32f3xx.o
    0x08003a50   0x08003a50   0x00000234   Code   RO          343    i.TIM2_IRQHandler   stm32f3xx_it.o
    0x08003c84   0x08003c84   0x0000001c   Code   RO          344    i.TIM3_IRQHandler   stm32f3xx_it.o
    0x08003ca0   0x08003ca0   0x00000134   Code   RO          345    i.TIM4_IRQHandler   stm32f3xx_it.o
    0x08003dd4   0x08003dd4   0x000000b0   Code   RO         3762    i.TIM_Base_SetConfig  stm32f3xx_hal_tim.o
    0x08003e84   0x08003e84   0x00000016   Code   RO         3763    i.TIM_CCxChannelCmd  stm32f3xx_hal_tim.o
    0x08003e9a   0x08003e9a   0x00000014   Code   RO         3769    i.TIM_ETR_SetConfig  stm32f3xx_hal_tim.o
    0x08003eae   0x08003eae   0x00000010   Code   RO         3770    i.TIM_ITRx_SetConfig  stm32f3xx_hal_tim.o
    0x08003ebe   0x08003ebe   0x00000002   PAD
    0x08003ec0   0x08003ec0   0x0000009c   Code   RO         3771    i.TIM_OC1_SetConfig  stm32f3xx_hal_tim.o
    0x08003f5c   0x08003f5c   0x00000090   Code   RO         3772    i.TIM_OC2_SetConfig  stm32f3xx_hal_tim.o
    0x08003fec   0x08003fec   0x00000090   Code   RO         3773    i.TIM_OC3_SetConfig  stm32f3xx_hal_tim.o
    0x0800407c   0x0800407c   0x00000074   Code   RO         3774    i.TIM_OC4_SetConfig  stm32f3xx_hal_tim.o
    0x080040f0   0x080040f0   0x00000070   Code   RO         1393    i.TIM_OC5_SetConfig  stm32f3xx_hal_tim_ex.o
    0x08004160   0x08004160   0x00000070   Code   RO         1394    i.TIM_OC6_SetConfig  stm32f3xx_hal_tim_ex.o
    0x080041d0   0x080041d0   0x00000022   Code   RO         3776    i.TIM_TI1_ConfigInputStage  stm32f3xx_hal_tim.o
    0x080041f2   0x080041f2   0x00000024   Code   RO         3778    i.TIM_TI2_ConfigInputStage  stm32f3xx_hal_tim.o
    0x08004216   0x08004216   0x000000c8   Code   RO         4627    i.UART_AdvFeatureConfig  stm32f3xx_hal_uart.o
    0x080042de   0x080042de   0x0000005c   Code   RO         4628    i.UART_CheckIdleState  stm32f3xx_hal_uart.o
    0x0800433a   0x0800433a   0x00000014   Code   RO         4629    i.UART_DMAAbortOnError  stm32f3xx_hal_uart.o
    0x0800434e   0x0800434e   0x0000001c   Code   RO         4639    i.UART_EndRxTransfer  stm32f3xx_hal_uart.o
    0x0800436a   0x0800436a   0x0000001a   Code   RO         4640    i.UART_EndTransmit_IT  stm32f3xx_hal_uart.o
    0x08004384   0x08004384   0x00000076   Code   RO         4642    i.UART_Receive_IT   stm32f3xx_hal_uart.o
    0x080043fa   0x080043fa   0x00000002   PAD
    0x080043fc   0x080043fc   0x000001d4   Code   RO         4643    i.UART_SetConfig    stm32f3xx_hal_uart.o
    0x080045d0   0x080045d0   0x00000064   Code   RO         4644    i.UART_Transmit_IT  stm32f3xx_hal_uart.o
    0x08004634   0x08004634   0x00000064   Code   RO         4645    i.UART_WaitOnFlagUntilTimeout  stm32f3xx_hal_uart.o
    0x08004698   0x08004698   0x0000000c   Code   RO          346    i.USART2_IRQHandler  stm32f3xx_it.o
    0x080046a4   0x080046a4   0x00000020   Code   RO         1071    i.U_create_plant    uartutil.o
    0x080046c4   0x080046c4   0x00000020   Code   RO         1072    i.U_create_zombie   uartutil.o
    0x080046e4   0x080046e4   0x00000030   Code   RO         1073    i.U_move_zombie     uartutil.o
    0x08004714   0x08004714   0x00000020   Code   RO         1074    i.U_remove_plant    uartutil.o
    0x08004734   0x08004734   0x00000020   Code   RO         1075    i.U_remove_zombie   uartutil.o
    0x08004754   0x08004754   0x000001b0   Code   RO         1076    i.U_save_game       uartutil.o
    0x08004904   0x08004904   0x00000020   Code   RO         5107    i.__0printf$4       mc_w.l(printf4.o)
    0x08004924   0x08004924   0x00000124   Code   RO          710    i.__numPrint        7segment.o
    0x08004a48   0x08004a48   0x0000000e   Code   RO         5303    i.__scatterload_copy  mc_w.l(handlers.o)
    0x08004a56   0x08004a56   0x00000002   Code   RO         5304    i.__scatterload_null  mc_w.l(handlers.o)
    0x08004a58   0x08004a58   0x0000000e   Code   RO         5305    i.__scatterload_zeroinit  mc_w.l(handlers.o)
    0x08004a66   0x08004a66   0x00000002   PAD
    0x08004a68   0x08004a68   0x0000022c   Code   RO         5114    i._printf_core      mc_w.l(printf4.o)
    0x08004c94   0x08004c94   0x00000010   Code   RO          663    i.addTime           utill.o
    0x08004ca4   0x08004ca4   0x00000028   Code   RO          894    i.add_blink_row     lcdutill.o
    0x08004ccc   0x08004ccc   0x00000010   Code   RO         1026    i.add_score         player.o
    0x08004cdc   0x08004cdc   0x00000138   Code   RO          477    i.begin             liquidcrystal.o
    0x08004e14   0x08004e14   0x00000018   Code   RO          478    i.blink             liquidcrystal.o
    0x08004e2c   0x08004e2c   0x00000030   Code   RO          746    i.check_bonus       object.o
    0x08004e5c   0x08004e5c   0x00000012   Code   RO          479    i.clear             liquidcrystal.o
    0x08004e6e   0x08004e6e   0x00000002   PAD
    0x08004e70   0x08004e70   0x00000028   Code   RO          895    i.clear_lcd         lcdutill.o
    0x08004e98   0x08004e98   0x00000006   Code   RO          643    i.command           liquidcrystal.o
    0x08004e9e   0x08004e9e   0x00000024   Code   RO          480    i.createChar        liquidcrystal.o
    0x08004ec2   0x08004ec2   0x00000002   PAD
    0x08004ec4   0x08004ec4   0x00000054   Code   RO          747    i.create_bonus      object.o
    0x08004f18   0x08004f18   0x000000b8   Code   RO          748    i.create_plant      object.o
    0x08004fd0   0x08004fd0   0x000000b8   Code   RO          749    i.create_zombie     object.o
    0x08005088   0x08005088   0x0000000c   Code   RO          896    i.disable_blink     lcdutill.o
    0x08005094   0x08005094   0x00000018   Code   RO          482    i.display           liquidcrystal.o
    0x080050ac   0x080050ac   0x000000ac   Code   RO          483    i.enableClock       liquidcrystal.o
    0x08005158   0x08005158   0x0000000c   Code   RO          897    i.enable_blink      lcdutill.o
    0x08005164   0x08005164   0x00000018   Code   RO         1077    i.fputc             uartutil.o
    0x0800517c   0x0800517c   0x0000004c   Code   RO          664    i.getRand           utill.o
    0x080051c8   0x080051c8   0x0000000c   Code   RO          665    i.getTime           utill.o
    0x080051d4   0x080051d4   0x0000000c   Code   RO          898    i.get_blink_column  lcdutill.o
    0x080051e0   0x080051e0   0x0000000c   Code   RO          899    i.get_blink_row     lcdutill.o
    0x080051ec   0x080051ec   0x00000094   Code   RO          750    i.get_bonus_point   object.o
    0x08005280   0x08005280   0x00000018   Code   RO          666    i.get_boolean       utill.o
    0x08005298   0x08005298   0x0000000c   Code   RO         1027    i.get_hp            player.o
    0x080052a4   0x080052a4   0x0000000c   Code   RO          751    i.get_last_use_plant_time  object.o
    0x080052b0   0x080052b0   0x00000028   Code   RO         1129    i.get_name          keypadutil.o
    0x080052d8   0x080052d8   0x00000010   Code   RO          752    i.get_plant         object.o
    0x080052e8   0x080052e8   0x00000054   Code   RO          753    i.get_plant_enable  object.o
    0x0800533c   0x0800533c   0x0000000c   Code   RO          754    i.get_plant_size    object.o
    0x08005348   0x08005348   0x0000000c   Code   RO         1028    i.get_score         player.o
    0x08005354   0x08005354   0x00000028   Code   RO          755    i.get_zombie        object.o
    0x0800537c   0x0800537c   0x0000000c   Code   RO          756    i.get_zombie_size   object.o
    0x08005388   0x08005388   0x00000050   Code   RO          485    i.init              liquidcrystal.o
    0x080053d8   0x080053d8   0x0000000c   Code   RO          900    i.is_blink_enable   lcdutill.o
    0x080053e4   0x080053e4   0x00000014   Code   RO         1029    i.lost_hp           player.o
    0x080053f8   0x080053f8   0x00000114   Code   RO          246    i.main              main.o
    0x0800550c   0x0800550c   0x00000008   Code   RO          667    i.min               utill.o
    0x08005514   0x08005514   0x0000002c   Code   RO          757    i.move_all_zombies  object.o
    0x08005540   0x08005540   0x000000d4   Code   RO          758    i.move_zombie       object.o
    0x08005614   0x08005614   0x00000018   Code   RO          488    i.noBlink           liquidcrystal.o
    0x0800562c   0x0800562c   0x0000000c   Code   RO          711    i.numPrint          7segment.o
    0x08005638   0x08005638   0x00000088   Code   RO         1130    i.press_keypad      keypadutil.o
    0x080056c0   0x080056c0   0x00000028   Code   RO          491    i.print             liquidcrystal.o
    0x080056e8   0x080056e8   0x00000034   Code   RO          759    i.print_all_plant   object.o
    0x0800571c   0x0800571c   0x0000002c   Code   RO          760    i.print_all_zombies  object.o
    0x08005748   0x08005748   0x00000034   Code   RO          761    i.print_bonus       object.o
    0x0800577c   0x0800577c   0x00000010   Code   RO          762    i.print_plant       object.o
    0x0800578c   0x0800578c   0x0000002a   Code   RO          763    i.print_zombie      object.o
    0x080057b6   0x080057b6   0x00000002   PAD
    0x080057b8   0x080057b8   0x0000003c   Code   RO          492    i.pulseEnable       liquidcrystal.o
    0x080057f4   0x080057f4   0x00000084   Code   RO          712    i.refresh_7seg      7segment.o
    0x08005878   0x08005878   0x00000098   Code   RO          988    i.refresh_led       led.o
    0x08005910   0x08005910   0x00000058   Code   RO          764    i.removeZombie      object.o
    0x08005968   0x08005968   0x00000014   Code   RO          765    i.remove_bonus      object.o
    0x0800597c   0x0800597c   0x0000005c   Code   RO          766    i.remove_plant      object.o
    0x080059d8   0x080059d8   0x00000014   Code   RO         1131    i.reset_keypad      keypadutil.o
    0x080059ec   0x080059ec   0x00000044   Code   RO          496    i.send              liquidcrystal.o
    0x08005a30   0x08005a30   0x00000028   Code   RO          497    i.setCursor         liquidcrystal.o
    0x08005a58   0x08005a58   0x00000068   Code   RO          668    i.setRandomCount    utill.o
    0x08005ac0   0x08005ac0   0x00000014   Code   RO          498    i.setRowOffsets     liquidcrystal.o
    0x08005ad4   0x08005ad4   0x0000000c   Code   RO          989    i.set_area_ligth    led.o
    0x08005ae0   0x08005ae0   0x00000018   Code   RO          901    i.set_blink_column  lcdutill.o
    0x08005af8   0x08005af8   0x00000018   Code   RO          902    i.set_blink_row     lcdutill.o
    0x08005b10   0x08005b10   0x00000010   Code   RO          990    i.set_enable        led.o
    0x08005b20   0x08005b20   0x000000e8   Code   RO          347    i.showDemo          stm32f3xx_it.o
    0x08005c08   0x08005c08   0x00000040   Code   RO          348    i.show_about        stm32f3xx_it.o
    0x08005c48   0x08005c48   0x0000009c   Code   RO          903    i.show_blink        lcdutill.o
    0x08005ce4   0x08005ce4   0x0000004c   Code   RO          349    i.show_game_over    stm32f3xx_it.o
    0x08005d30   0x08005d30   0x0000006c   Code   RO          350    i.show_menu         stm32f3xx_it.o
    0x08005d9c   0x08005d9c   0x0000000c   Code   RO          767    i.start_plant_timer  object.o
    0x08005da8   0x08005da8   0x0000000c   Code   RO          648    i.write             liquidcrystal.o
    0x08005db4   0x08005db4   0x00000034   Code   RO          499    i.write4bits        liquidcrystal.o
    0x08005de8   0x08005de8   0x00000034   Code   RO          500    i.write8bits        liquidcrystal.o
    0x08005e1c   0x08005e1c   0x0000003c   Code   RO          904    i.write_lcd         lcdutill.o
    0x08005e58   0x08005e58   0x0000002d   Data   RO         1133    .constdata          keypadutil.o
    0x08005e85   0x08005e85   0x00000020   Data   RO         2610    .constdata          stm32f3xx_hal_rcc.o
    0x08005ea5   0x08005ea5   0x00000010   Data   RO         4950    .constdata          system_stm32f3xx.o
    0x08005eb5   0x08005eb5   0x00000008   Data   RO         4951    .constdata          system_stm32f3xx.o
    0x08005ebd   0x08005ebd   0x00000003   PAD
    0x08005ec0   0x08005ec0   0x00000020   Data   RO         5301    Region$$Table       anon$$obj.o


    Execution Region RW_IRAM1 (Exec base: 0x20000000, Load base: 0x08005ee0, Size: 0x00000ea0, Max: 0x0000a000, ABSOLUTE)

    Exec Addr    Load Addr    Size         Type   Attr      Idx    E Section Name        Object

    0x20000000   0x08005ee0   0x00000004   Data   RW           27    .data               stm32f3xx_hal_msp.o
    0x20000004   0x08005ee4   0x00000040   Data   RW          248    .data               main.o
    0x20000044   0x08005f24   0x00000018   Data   RW          360    .data               stm32f3xx_it.o
    0x2000005c   0x08005f3c   0x00000014   Data   RW          502    .data               liquidcrystal.o
    0x20000070   0x08005f50   0x00000010   Data   RW          670    .data               utill.o
    0x20000080   0x08005f60   0x00000004   Data   RW          713    .data               7segment.o
    0x20000084   0x08005f64   0x00000010   Data   RW          773    .data               object.o
    0x20000094   0x08005f74   0x00000010   Data   RW          907    .data               lcdutill.o
    0x200000a4   0x08005f84   0x00000001   Data   RW          992    .data               led.o
    0x200000a5   0x08005f85   0x00000003   PAD
    0x200000a8   0x08005f88   0x00000008   Data   RW         1032    .data               player.o
    0x200000b0   0x08005f90   0x00000008   Data   RW         1134    .data               keypadutil.o
    0x200000b8   0x08005f98   0x0000000c   Data   RW         2123    .data               stm32f3xx_hal.o
    0x200000c4   0x08005fa4   0x00000004   Data   RW         4952    .data               system_stm32f3xx.o
    0x200000c8   0x08005fa8   0x00000004   Data   RW         5279    .data               mc_w.l(stdout.o)
    0x200000cc        -       0x00000704   Zero   RW          247    .bss                main.o
    0x200007d0        -       0x00000028   Zero   RW          351    .bss                stm32f3xx_it.o
    0x200007f8        -       0x00000010   Zero   RW          501    .bss                liquidcrystal.o
    0x20000808        -       0x00000140   Zero   RW          669    .bss                utill.o
    0x20000948        -       0x000000e8   Zero   RW          768    .bss                object.o
    0x20000a30        -       0x00000050   Zero   RW          905    .bss                lcdutill.o
    0x20000a80        -       0x0000000b   Zero   RW          991    .bss                led.o
    0x20000a8b        -       0x00000013   Zero   RW         1132    .bss                keypadutil.o
    0x20000a9e   0x08005fac   0x00000002   PAD
    0x20000aa0        -       0x00000400   Zero   RW            1    STACK               startup_stm32f303xc.o


==============================================================================

Image component sizes


      Code (inc. data)   RO Data    RW Data    ZI Data      Debug   Object Name

       436         34          0          4          0       2582   7segment.o
       196         26         45          8         19       2770   keypadutil.o
       404         68          0         16         80       7324   lcdutill.o
       180         36          0          1         11       2346   led.o
      1112        106          0         20         16      13622   liquidcrystal.o
      2196        154          0         64       1796      12197   main.o
      1498        138          0         16        232      15050   object.o
        60         24          0          8          0       2246   player.o
        36          8        392          0       1024        872   startup_stm32f303xc.o
       164         28          0         12          0       4237   stm32f3xx_hal.o
         6          0          0          0          0       2190   stm32f3xx_hal_adc.o
      3176        126          0          0          0      11928   stm32f3xx_hal_adc_ex.o
       228         14          0          0          0      32485   stm32f3xx_hal_cortex.o
        74          0          0          0          0       1155   stm32f3xx_hal_dma.o
       438         34          0          0          0       4443   stm32f3xx_hal_gpio.o
       184          6          0          0          0       3063   stm32f3xx_hal_i2c.o
       168          0          0          0          0       2031   stm32f3xx_hal_i2c_ex.o
      1016        116          0          4          0     654770   stm32f3xx_hal_msp.o
       166          0          0          0          0       1537   stm32f3xx_hal_pcd.o
      2052         80         32          0          0       6612   stm32f3xx_hal_rcc.o
       536         14          0          0          0       1672   stm32f3xx_hal_rcc_ex.o
       182          0          0          0          0       1327   stm32f3xx_hal_spi.o
      1736        156          0          0          0      17150   stm32f3xx_hal_tim.o
       762         70          0          0          0       6713   stm32f3xx_hal_tim_ex.o
      1764         58          0          0          0      12775   stm32f3xx_hal_uart.o
         2          0          0          0          0       1008   stm32f3xx_hal_uart_ex.o
      2538        240          0         24         40      12934   stm32f3xx_it.o
       104         22         24          4          0       1271   system_stm32f3xx.o
       632        256          0          0          0       4224   uartutil.o
       240         38          0         16        320       3983   utill.o

    ----------------------------------------------------------------------
     22320       1852        528        200       3540     846517   Object Totals
         0          0         32          0          0          0   (incl. Generated)
        34          0          3          3          2          0   (incl. Padding)

    ----------------------------------------------------------------------

      Code (inc. data)   RO Data    RW Data    ZI Data      Debug   Library Member Name

         0          0          0          0          0          0   entry.o
         0          0          0          0          0          0   entry10a.o
         0          0          0          0          0          0   entry11a.o
         8          4          0          0          0          0   entry2.o
         4          0          0          0          0          0   entry5.o
         0          0          0          0          0          0   entry7b.o
         0          0          0          0          0          0   entry8b.o
         8          4          0          0          0          0   entry9a.o
        30          0          0          0          0          0   handlers.o
        36          8          0          0          0         68   init.o
         0          0          0          0          0          0   iusefp.o
        30          0          0          0          0         68   llshl.o
        32          0          0          0          0         68   llushr.o
       588         14          0          0          0        184   printf4.o
         0          0          0          4          0          0   stdout.o
        28          0          0          0          0         76   strcmp.o
        14          0          0          0          0         68   strlen.o
        98          0          0          0          0         92   uldiv.o
        48          0          0          0          0         68   cdcmple.o
       186          0          0          0          0        176   depilogue.o
        62          0          0          0          0         80   dfixi.o
        34          0          0          0          0         76   dflti.o
       228          0          0          0          0         96   dmul.o

    ----------------------------------------------------------------------
      1440         30          0          4          0       1120   Library Totals
         6          0          0          0          0          0   (incl. Padding)

    ----------------------------------------------------------------------

      Code (inc. data)   RO Data    RW Data    ZI Data      Debug   Library Name

       876         30          0          4          0        624   mc_w.l
       558          0          0          0          0        496   mf_w.l

    ----------------------------------------------------------------------
      1440         30          0          4          0       1120   Library Totals

    ----------------------------------------------------------------------

==============================================================================


      Code (inc. data)   RO Data    RW Data    ZI Data      Debug   

     23760       1882        528        204       3540     827121   Grand Totals
     23760       1882        528        204       3540     827121   ELF Image Totals
     23760       1882        528        204          0          0   ROM Totals

==============================================================================

    Total RO  Size (Code + RO Data)                24288 (  23.72kB)
    Total RW  Size (RW Data + ZI Data)              3744 (   3.66kB)
    Total ROM Size (Code + RO Data + RW Data)      24492 (  23.92kB)

==============================================================================

